*----------------------------------------------------------------------------------------
*	Innovus 21.19-s058_1 (64bit) 04/04/2024 09:59 (Linux 3.10.0-693.el7.x86_64)
*	
*
* 	Date & Time:	2026-Sep-27 00:47:37 (2026-Sep-27 04:47:37 GMT)
*
*----------------------------------------------------------------------------------------
*
*	Design: accel_top
*
*	Liberty Libraries used: 
*	        setup_view: /opt/eda/cadence/local/gsclib045_all/lan/flow/t1u1/reference_libs/GPDK045/gsclib045_all_v4.4/gsclib045/timing/slow_vdd1v0_basicCells.lib
*
*	Power Domain used: 
*              Rail:        VDD      Voltage:        0.9 
*
*       Power View : setup_view
*
*       User-Defined Activity : N.A.
*
*       Activity File: N.A.
*
*       Hierarchical Global Activity: N.A.
*
*       Global Activity: N.A.
*
*       Sequential Element Activity: 0.200000
*
*       Primary Input Activity: 0.200000
*
*       Default icg ratio: N.A.
*
*       Global Comb ClockGate Ratio: N.A.
*
*	Power Units = 1mW
*
*	Time Units = 1e-09 secs 
*
*       report_power -outfile rpt/09_power.rpt
*
-----------------------------------------------------------------------------------------


Total Power 
-----------------------------------------------------------------------------------------
Total Internal Power:        1.51017610 	   67.0518%
Total Switching Power:       0.73869306 	   32.7980%
Total Leakage Power:         0.00338465 	    0.1503%
Total Power:                 2.25225380 
-----------------------------------------------------------------------------------------


Group                           Internal   Switching     Leakage       Total  Percentage 
                                Power      Power         Power         Power  (%)        
-----------------------------------------------------------------------------------------
Sequential                        0.9092       0.112    0.002142       1.023       45.43 
Macro                                  0           0           0           0           0 
IO                                     0           0           0           0           0 
Combinational                     0.3594      0.5807    0.001058      0.9412       41.79 
Clock (Combinational)            0.02016     0.03987   4.301e-05     0.06007       2.667 
Clock (Sequential)                0.2214    0.006196   0.0001416      0.2277       10.11 
-----------------------------------------------------------------------------------------
Total                               1.51      0.7387    0.003385       2.252         100 
-----------------------------------------------------------------------------------------


Rail                  Voltage   Internal   Switching     Leakage       Total  Percentage 
                                Power      Power         Power         Power  (%)        
-----------------------------------------------------------------------------------------
VDD                       0.9       1.51      0.7387    0.003385       2.252         100 


Clock                           Internal   Switching     Leakage       Total  Percentage 
                                Power      Power         Power         Power  (%)        
-----------------------------------------------------------------------------------------
core_clk                          0.2415     0.04607   0.0001846      0.2878       12.78 
-----------------------------------------------------------------------------------------
Total (excluding duplicates)      0.2415     0.04607   0.0001846      0.2878       12.78 
-----------------------------------------------------------------------------------------
Clock: core_clk
Clock Period: 0.010000 usec 
Clock Toggle Rate:   200.0000 Mhz 
Clock Static Probability:  0.5000



-----------------------------------------------------------------------------------------
*	Power Distribution Summary: 
*                Highest Average Power:       CTS_ccl_a_buf_00080 (CLKBUFX20):         0.005543 
*                Highest Leakage Power: u_memory/RC_CG_HIER_INST17/RC_CGIC_INST (TLATNTSCAX20):        7.072e-07 
*          Total Cap:      1.16305e-10 F
*          Total instances in design: 38575
*          Total instances in design with no power:     0
*          Total instances in design with no activity:     0
*          Total Fillers and Decap:     0
-----------------------------------------------------------------------------------------

