============================================================
  Generated by:           Genus(TM) Synthesis Solution 21.19-s055_1
  Generated on:           Sep 26 2026  11:41:01 pm
  Module:                 accel_top
  Operating conditions:   PVT_0P9V_125C (balanced_tree)
  Wireload mode:          enclosed
  Area mode:              timing library
============================================================


Summary
-------
--------------------------------------------------------------------------
            Category            Number     %    Average Toggle Saving %   
--------------------------------------------------------------------------
 Total Clock Gating Instances      262  100.00                         -  
--------------------------------------------------------------------------
 RC Clock Gating Instances         262  100.00                     98.71  
 Non-RC Clock Gating Instances       0    0.00                      0.00  
--------------------------------------------------------------------------
 RC Gated Flip-flops             17048   99.96                     97.90  
 Non-RC Gated Flip-flops             0    0.00                      0.00  
--------------------------------------------------------------------------
 Total Gated Flip-flops          17048   99.96                         -  
 Total Ungated Flip-flops            6    0.04                         -  
 Register bank width too small       6  100.00                         -  
--------------------------------------------------------------------------
 Total Flip-flops                17054  100.00                         -  
--------------------------------------------------------------------------
Multibit Flip-flop Summary
--------------------------
-------------------------------------------------------
Width     Number     Bits     RC Gated     Ungated     
-------------------------------------------------------
1-bit     17054      17054    17048 (99.96%) 6 (0.04%)   
---------------------------------------------------------


