*----------------------------------------------------------------------------------------
*	Innovus 21.19-s058_1 (64bit) 04/04/2024 09:59 (Linux 3.10.0-693.el7.x86_64)
*	
*
* 	Date & Time:	2026-Sep-26 17:17:39 (2026-Sep-26 21:17:39 GMT)
*
*----------------------------------------------------------------------------------------
*
*	Design: accel_top
*
*	Liberty Libraries used: 
*	        setup_view: /opt/eda/cadence/local/gsclib045_all/lan/flow/t1u1/reference_libs/GPDK045/gsclib045_all_v4.4/gsclib045/timing/slow_vdd1v0_basicCells.lib
*
*	Power Domain used: 
*              Rail:        VDD      Voltage:        0.9 
*
*       Power View : setup_view
*
*       User-Defined Activity : N.A.
*
*       Activity File: N.A.
*
*       Hierarchical Global Activity: N.A.
*
*       Global Activity: N.A.
*
*       Sequential Element Activity: 0.200000
*
*       Primary Input Activity: 0.200000
*
*       Default icg ratio: N.A.
*
*       Global Comb ClockGate Ratio: N.A.
*
*	Power Units = 1mW
*
*	Time Units = 1e-09 secs 
*
*       report_power -outfile rpt/09_power.rpt
*
-----------------------------------------------------------------------------------------


Total Power 
-----------------------------------------------------------------------------------------
Total Internal Power:        4.40940223 	   72.5846%
Total Switching Power:       1.66125433 	   27.3464%
Total Leakage Power:         0.00419241 	    0.0690%
Total Power:                 6.07484896 
-----------------------------------------------------------------------------------------


Group                           Internal   Switching     Leakage       Total  Percentage 
                                Power      Power         Power         Power  (%)        
-----------------------------------------------------------------------------------------
Sequential                         3.541      0.3263    0.002126       3.869       63.69 
Macro                                  0           0           0           0           0 
IO                                     0           0           0           0           0 
Combinational                     0.5964      0.5624    0.001974       1.161       19.11 
Clock (Combinational)             0.2723      0.7726   9.197e-05       1.045        17.2 
Clock (Sequential)                     0           0           0           0           0 
-----------------------------------------------------------------------------------------
Total                              4.409       1.661    0.004192       6.075         100 
-----------------------------------------------------------------------------------------


Rail                  Voltage   Internal   Switching     Leakage       Total  Percentage 
                                Power      Power         Power         Power  (%)        
-----------------------------------------------------------------------------------------
VDD                       0.9      4.409       1.661    0.004192       6.075         100 


Clock                           Internal   Switching     Leakage       Total  Percentage 
                                Power      Power         Power         Power  (%)        
-----------------------------------------------------------------------------------------
core_clk                          0.2723      0.7726   9.197e-05       1.045        17.2 
-----------------------------------------------------------------------------------------
Total (excluding duplicates)      0.2723      0.7726   9.197e-05       1.045        17.2 
-----------------------------------------------------------------------------------------
Clock: core_clk
Clock Period: 0.010000 usec 
Clock Toggle Rate:   200.0000 Mhz 
Clock Static Probability:  0.5000



-----------------------------------------------------------------------------------------
*	Power Distribution Summary: 
*                Highest Average Power: u_memory/CTS_ccl_a_buf_00042 (CLKBUFX16):         0.006212 
*                Highest Leakage Power:          u_memory/g801429 (NAND4X8):        7.728e-07 
*          Total Cap:      1.74671e-10 F
*          Total instances in design: 54737
*          Total instances in design with no power:     0
*          Total instances in design with no activity:     0
*          Total Fillers and Decap:     0
-----------------------------------------------------------------------------------------

