###############################################################
#  Generated by:      Cadence Tempus 21.19-s058_1
#  OS:                Linux x86_64(Host ID ece-rh810-16)
#  Generated on:      Tue Sep 29 17:00:21 2026
#  Design:            accel_top
#  Command:           report_timing -early -max_paths 20 > rpt/hold_paths.rpt
###############################################################
Path 1: MET Hold Check with Pin u_memory/mem_reg[159][44]/CK 
Endpoint:   u_memory/mem_reg[159][44]/D (v) checked with  leading edge of 'core_clk'
Beginpoint: wr_data[44]                 (v) triggered by  leading edge of 'core_clk'
Path Groups: {core_clk}
Analysis View: hold_view
Other End Arrival Time          0.158
+ Hold                         -0.007
+ Phase Shift                   0.000
- CPPR Adjustment               0.000
+ Uncertainty                   0.100
= Required Time                 0.251
  Arrival Time                  0.255
  Slack Time                    0.004
     Clock Rise Edge                      0.000
     + Input Delay                        0.200
     = Beginpoint Arrival Time            0.200
      ------------------------------------------------------------------------------
      Instance                       Arc            Cell    Delay  Arrival  Required  
                                                                   Time     Time  
      ------------------------------------------------------------------------------
      -                              wr_data[44] v  -       -      0.200    0.196  
      u_memory/FE_OFC278_wr_data_44  A v -> Y v     BUFX3   0.051  0.251    0.247  
      u_memory/mem_reg[159][44]      D v            DFFQXL  0.004  0.255    0.251  
      ------------------------------------------------------------------------------
Path 2: MET Hold Check with Pin u_memory/mem_reg[130][44]/CK 
Endpoint:   u_memory/mem_reg[130][44]/D (v) checked with  leading edge of 'core_clk'
Beginpoint: wr_data[44]                 (v) triggered by  leading edge of 'core_clk'
Path Groups: {core_clk}
Analysis View: hold_view
Other End Arrival Time          0.158
+ Hold                         -0.008
+ Phase Shift                   0.000
- CPPR Adjustment               0.000
+ Uncertainty                   0.100
= Required Time                 0.251
  Arrival Time                  0.255
  Slack Time                    0.004
     Clock Rise Edge                      0.000
     + Input Delay                        0.200
     = Beginpoint Arrival Time            0.200
      ------------------------------------------------------------------------------
      Instance                       Arc            Cell    Delay  Arrival  Required  
                                                                   Time     Time  
      ------------------------------------------------------------------------------
      -                              wr_data[44] v  -       -      0.200    0.196  
      u_memory/FE_OFC278_wr_data_44  A v -> Y v     BUFX3   0.051  0.251    0.247  
      u_memory/mem_reg[130][44]      D v            DFFQXL  0.004  0.255    0.251  
      ------------------------------------------------------------------------------
Path 3: MET Hold Check with Pin u_memory/mem_reg[2][44]/CK 
Endpoint:   u_memory/mem_reg[2][44]/D (v) checked with  leading edge of 'core_clk'
Beginpoint: wr_data[44]               (v) triggered by  leading edge of 'core_clk'
Path Groups: {core_clk}
Analysis View: hold_view
Other End Arrival Time          0.153
+ Hold                         -0.007
+ Phase Shift                   0.000
- CPPR Adjustment               0.000
+ Uncertainty                   0.100
= Required Time                 0.246
  Arrival Time                  0.251
  Slack Time                    0.005
     Clock Rise Edge                      0.000
     + Input Delay                        0.200
     = Beginpoint Arrival Time            0.200
      ------------------------------------------------------------------------------
      Instance                       Arc            Cell    Delay  Arrival  Required  
                                                                   Time     Time  
      ------------------------------------------------------------------------------
      -                              wr_data[44] v  -       -      0.200    0.195  
      u_memory/FE_OFC278_wr_data_44  A v -> Y v     BUFX3   0.051  0.251    0.246  
      u_memory/mem_reg[2][44]        D v            DFFQXL  0.000  0.251    0.246  
      ------------------------------------------------------------------------------
Path 4: MET Hold Check with Pin u_memory/mem_reg[16][16]/CK 
Endpoint:   u_memory/mem_reg[16][16]/D (v) checked with  leading edge of 'core_clk'
Beginpoint: wr_data[16]                (v) triggered by  leading edge of 'core_clk'
Path Groups: {core_clk}
Analysis View: hold_view
Other End Arrival Time          0.150
+ Hold                         -0.004
+ Phase Shift                   0.000
- CPPR Adjustment               0.000
+ Uncertainty                   0.100
= Required Time                 0.246
  Arrival Time                  0.251
  Slack Time                    0.005
     Clock Rise Edge                      0.000
     + Input Delay                        0.200
     = Beginpoint Arrival Time            0.200
      -------------------------------------------------------------------------------
      Instance                        Arc            Cell    Delay  Arrival  Required  
                                                                    Time     Time  
      -------------------------------------------------------------------------------
      -                               wr_data[16] v  -       -      0.200    0.195  
      u_memory/FE_PHC9311_wr_data_16  A v -> Y v     DLY1X1  0.051  0.251    0.246  
      u_memory/mem_reg[16][16]        D v            DFFQXL  0.000  0.251    0.246  
      -------------------------------------------------------------------------------
Path 5: MET Hold Check with Pin u_memory/mem_reg[17][16]/CK 
Endpoint:   u_memory/mem_reg[17][16]/D (v) checked with  leading edge of 'core_clk'
Beginpoint: wr_data[16]                (v) triggered by  leading edge of 'core_clk'
Path Groups: {core_clk}
Analysis View: hold_view
Other End Arrival Time          0.149
+ Hold                         -0.004
+ Phase Shift                   0.000
- CPPR Adjustment               0.000
+ Uncertainty                   0.100
= Required Time                 0.245
  Arrival Time                  0.251
  Slack Time                    0.005
     Clock Rise Edge                      0.000
     + Input Delay                        0.200
     = Beginpoint Arrival Time            0.200
      -------------------------------------------------------------------------------
      Instance                        Arc            Cell    Delay  Arrival  Required  
                                                                    Time     Time  
      -------------------------------------------------------------------------------
      -                               wr_data[16] v  -       -      0.200    0.195  
      u_memory/FE_PHC9311_wr_data_16  A v -> Y v     DLY1X1  0.051  0.251    0.245  
      u_memory/mem_reg[17][16]        D v            DFFQXL  0.000  0.251    0.245  
      -------------------------------------------------------------------------------
Path 6: MET Hold Check with Pin u_memory/mem_reg[148][44]/CK 
Endpoint:   u_memory/mem_reg[148][44]/D (v) checked with  leading edge of 'core_clk'
Beginpoint: wr_data[44]                 (v) triggered by  leading edge of 'core_clk'
Path Groups: {core_clk}
Analysis View: hold_view
Other End Arrival Time          0.156
+ Hold                         -0.007
+ Phase Shift                   0.000
- CPPR Adjustment               0.000
+ Uncertainty                   0.100
= Required Time                 0.249
  Arrival Time                  0.255
  Slack Time                    0.006
     Clock Rise Edge                      0.000
     + Input Delay                        0.200
     = Beginpoint Arrival Time            0.200
      ------------------------------------------------------------------------------
      Instance                       Arc            Cell    Delay  Arrival  Required  
                                                                   Time     Time  
      ------------------------------------------------------------------------------
      -                              wr_data[44] v  -       -      0.200    0.194  
      u_memory/FE_OFC278_wr_data_44  A v -> Y v     BUFX3   0.051  0.251    0.245  
      u_memory/mem_reg[148][44]      D v            DFFQXL  0.004  0.255    0.249  
      ------------------------------------------------------------------------------
Path 7: MET Hold Check with Pin u_memory/mem_reg[7][44]/CK 
Endpoint:   u_memory/mem_reg[7][44]/D (v) checked with  leading edge of 'core_clk'
Beginpoint: wr_data[44]               (v) triggered by  leading edge of 'core_clk'
Path Groups: {core_clk}
Analysis View: hold_view
Other End Arrival Time          0.152
+ Hold                         -0.007
+ Phase Shift                   0.000
- CPPR Adjustment               0.000
+ Uncertainty                   0.100
= Required Time                 0.244
  Arrival Time                  0.252
  Slack Time                    0.007
     Clock Rise Edge                      0.000
     + Input Delay                        0.200
     = Beginpoint Arrival Time            0.200
      ------------------------------------------------------------------------------
      Instance                       Arc            Cell    Delay  Arrival  Required  
                                                                   Time     Time  
      ------------------------------------------------------------------------------
      -                              wr_data[44] v  -       -      0.200    0.193  
      u_memory/FE_OFC278_wr_data_44  A v -> Y v     BUFX3   0.051  0.251    0.244  
      u_memory/mem_reg[7][44]        D v            DFFQXL  0.001  0.252    0.244  
      ------------------------------------------------------------------------------
Path 8: MET Hold Check with Pin u_memory/mem_reg[1][44]/CK 
Endpoint:   u_memory/mem_reg[1][44]/D (v) checked with  leading edge of 'core_clk'
Beginpoint: wr_data[44]               (v) triggered by  leading edge of 'core_clk'
Path Groups: {core_clk}
Analysis View: hold_view
Other End Arrival Time          0.152
+ Hold                         -0.007
+ Phase Shift                   0.000
- CPPR Adjustment               0.000
+ Uncertainty                   0.100
= Required Time                 0.244
  Arrival Time                  0.252
  Slack Time                    0.007
     Clock Rise Edge                      0.000
     + Input Delay                        0.200
     = Beginpoint Arrival Time            0.200
      ------------------------------------------------------------------------------
      Instance                       Arc            Cell    Delay  Arrival  Required  
                                                                   Time     Time  
      ------------------------------------------------------------------------------
      -                              wr_data[44] v  -       -      0.200    0.193  
      u_memory/FE_OFC278_wr_data_44  A v -> Y v     BUFX3   0.051  0.251    0.244  
      u_memory/mem_reg[1][44]        D v            DFFQXL  0.001  0.252    0.244  
      ------------------------------------------------------------------------------
Path 9: MET Hold Check with Pin u_memory/mem_reg[147][44]/CK 
Endpoint:   u_memory/mem_reg[147][44]/D (v) checked with  leading edge of 'core_clk'
Beginpoint: wr_data[44]                 (v) triggered by  leading edge of 'core_clk'
Path Groups: {core_clk}
Analysis View: hold_view
Other End Arrival Time          0.153
+ Hold                         -0.007
+ Phase Shift                   0.000
- CPPR Adjustment               0.000
+ Uncertainty                   0.100
= Required Time                 0.246
  Arrival Time                  0.255
  Slack Time                    0.008
     Clock Rise Edge                      0.000
     + Input Delay                        0.200
     = Beginpoint Arrival Time            0.200
      ------------------------------------------------------------------------------
      Instance                       Arc            Cell    Delay  Arrival  Required  
                                                                   Time     Time  
      ------------------------------------------------------------------------------
      -                              wr_data[44] v  -       -      0.200    0.192  
      u_memory/FE_OFC278_wr_data_44  A v -> Y v     BUFX3   0.051  0.251    0.243  
      u_memory/mem_reg[147][44]      D v            DFFQXL  0.004  0.255    0.246  
      ------------------------------------------------------------------------------
Path 10: MET Hold Check with Pin u_memory/mem_reg[152][44]/CK 
Endpoint:   u_memory/mem_reg[152][44]/D (v) checked with  leading edge of 'core_clk'
Beginpoint: wr_data[44]                 (v) triggered by  leading edge of 'core_clk'
Path Groups: {core_clk}
Analysis View: hold_view
Other End Arrival Time          0.153
+ Hold                         -0.007
+ Phase Shift                   0.000
- CPPR Adjustment               0.000
+ Uncertainty                   0.100
= Required Time                 0.246
  Arrival Time                  0.255
  Slack Time                    0.009
     Clock Rise Edge                      0.000
     + Input Delay                        0.200
     = Beginpoint Arrival Time            0.200
      ------------------------------------------------------------------------------
      Instance                       Arc            Cell    Delay  Arrival  Required  
                                                                   Time     Time  
      ------------------------------------------------------------------------------
      -                              wr_data[44] v  -       -      0.200    0.191  
      u_memory/FE_OFC278_wr_data_44  A v -> Y v     BUFX3   0.051  0.251    0.242  
      u_memory/mem_reg[152][44]      D v            DFFQXL  0.004  0.255    0.246  
      ------------------------------------------------------------------------------
Path 11: MET Hold Check with Pin u_memory/mem_reg[158][44]/CK 
Endpoint:   u_memory/mem_reg[158][44]/D (v) checked with  leading edge of 'core_clk'
Beginpoint: wr_data[44]                 (v) triggered by  leading edge of 'core_clk'
Path Groups: {core_clk}
Analysis View: hold_view
Other End Arrival Time          0.153
+ Hold                         -0.007
+ Phase Shift                   0.000
- CPPR Adjustment               0.000
+ Uncertainty                   0.100
= Required Time                 0.246
  Arrival Time                  0.255
  Slack Time                    0.009
     Clock Rise Edge                      0.000
     + Input Delay                        0.200
     = Beginpoint Arrival Time            0.200
      ------------------------------------------------------------------------------
      Instance                       Arc            Cell    Delay  Arrival  Required  
                                                                   Time     Time  
      ------------------------------------------------------------------------------
      -                              wr_data[44] v  -       -      0.200    0.191  
      u_memory/FE_OFC278_wr_data_44  A v -> Y v     BUFX3   0.051  0.251    0.242  
      u_memory/mem_reg[158][44]      D v            DFFQXL  0.004  0.255    0.246  
      ------------------------------------------------------------------------------
Path 12: MET Hold Check with Pin u_memory/mem_reg[156][44]/CK 
Endpoint:   u_memory/mem_reg[156][44]/D (v) checked with  leading edge of 'core_clk'
Beginpoint: wr_data[44]                 (v) triggered by  leading edge of 'core_clk'
Path Groups: {core_clk}
Analysis View: hold_view
Other End Arrival Time          0.153
+ Hold                         -0.007
+ Phase Shift                   0.000
- CPPR Adjustment               0.000
+ Uncertainty                   0.100
= Required Time                 0.246
  Arrival Time                  0.255
  Slack Time                    0.009
     Clock Rise Edge                      0.000
     + Input Delay                        0.200
     = Beginpoint Arrival Time            0.200
      ------------------------------------------------------------------------------
      Instance                       Arc            Cell    Delay  Arrival  Required  
                                                                   Time     Time  
      ------------------------------------------------------------------------------
      -                              wr_data[44] v  -       -      0.200    0.191  
      u_memory/FE_OFC278_wr_data_44  A v -> Y v     BUFX3   0.051  0.251    0.242  
      u_memory/mem_reg[156][44]      D v            DFFQXL  0.004  0.255    0.246  
      ------------------------------------------------------------------------------
Path 13: MET Hold Check with Pin u_memory/mem_reg[6][44]/CK 
Endpoint:   u_memory/mem_reg[6][44]/D (v) checked with  leading edge of 'core_clk'
Beginpoint: wr_data[44]               (v) triggered by  leading edge of 'core_clk'
Path Groups: {core_clk}
Analysis View: hold_view
Other End Arrival Time          0.150
+ Hold                         -0.007
+ Phase Shift                   0.000
- CPPR Adjustment               0.000
+ Uncertainty                   0.100
= Required Time                 0.243
  Arrival Time                  0.252
  Slack Time                    0.009
     Clock Rise Edge                      0.000
     + Input Delay                        0.200
     = Beginpoint Arrival Time            0.200
      ------------------------------------------------------------------------------
      Instance                       Arc            Cell    Delay  Arrival  Required  
                                                                   Time     Time  
      ------------------------------------------------------------------------------
      -                              wr_data[44] v  -       -      0.200    0.191  
      u_memory/FE_OFC278_wr_data_44  A v -> Y v     BUFX3   0.051  0.251    0.242  
      u_memory/mem_reg[6][44]        D v            DFFQXL  0.001  0.252    0.243  
      ------------------------------------------------------------------------------
Path 14: MET Hold Check with Pin u_memory/mem_reg[155][44]/CK 
Endpoint:   u_memory/mem_reg[155][44]/D (v) checked with  leading edge of 'core_clk'
Beginpoint: wr_data[44]                 (v) triggered by  leading edge of 'core_clk'
Path Groups: {core_clk}
Analysis View: hold_view
Other End Arrival Time          0.152
+ Hold                         -0.007
+ Phase Shift                   0.000
- CPPR Adjustment               0.000
+ Uncertainty                   0.100
= Required Time                 0.245
  Arrival Time                  0.254
  Slack Time                    0.009
     Clock Rise Edge                      0.000
     + Input Delay                        0.200
     = Beginpoint Arrival Time            0.200
      ------------------------------------------------------------------------------
      Instance                       Arc            Cell    Delay  Arrival  Required  
                                                                   Time     Time  
      ------------------------------------------------------------------------------
      -                              wr_data[44] v  -       -      0.200    0.191  
      u_memory/FE_OFC278_wr_data_44  A v -> Y v     BUFX3   0.051  0.251    0.242  
      u_memory/mem_reg[155][44]      D v            DFFQXL  0.003  0.254    0.245  
      ------------------------------------------------------------------------------
Path 15: MET Hold Check with Pin u_memory/mem_reg[157][44]/CK 
Endpoint:   u_memory/mem_reg[157][44]/D (v) checked with  leading edge of 'core_clk'
Beginpoint: wr_data[44]                 (v) triggered by  leading edge of 'core_clk'
Path Groups: {core_clk}
Analysis View: hold_view
Other End Arrival Time          0.152
+ Hold                         -0.007
+ Phase Shift                   0.000
- CPPR Adjustment               0.000
+ Uncertainty                   0.100
= Required Time                 0.245
  Arrival Time                  0.254
  Slack Time                    0.010
     Clock Rise Edge                      0.000
     + Input Delay                        0.200
     = Beginpoint Arrival Time            0.200
      ------------------------------------------------------------------------------
      Instance                       Arc            Cell    Delay  Arrival  Required  
                                                                   Time     Time  
      ------------------------------------------------------------------------------
      -                              wr_data[44] v  -       -      0.200    0.190  
      u_memory/FE_OFC278_wr_data_44  A v -> Y v     BUFX3   0.051  0.251    0.241  
      u_memory/mem_reg[157][44]      D v            DFFQXL  0.003  0.254    0.245  
      ------------------------------------------------------------------------------
Path 16: MET Hold Check with Pin u_memory/mem_reg[0][44]/CK 
Endpoint:   u_memory/mem_reg[0][44]/D (v) checked with  leading edge of 'core_clk'
Beginpoint: wr_data[44]               (v) triggered by  leading edge of 'core_clk'
Path Groups: {core_clk}
Analysis View: hold_view
Other End Arrival Time          0.150
+ Hold                         -0.007
+ Phase Shift                   0.000
- CPPR Adjustment               0.000
+ Uncertainty                   0.100
= Required Time                 0.243
  Arrival Time                  0.252
  Slack Time                    0.010
     Clock Rise Edge                      0.000
     + Input Delay                        0.200
     = Beginpoint Arrival Time            0.200
      ------------------------------------------------------------------------------
      Instance                       Arc            Cell    Delay  Arrival  Required  
                                                                   Time     Time  
      ------------------------------------------------------------------------------
      -                              wr_data[44] v  -       -      0.200    0.190  
      u_memory/FE_OFC278_wr_data_44  A v -> Y v     BUFX3   0.051  0.251    0.241  
      u_memory/mem_reg[0][44]        D v            DFFQXL  0.001  0.252    0.243  
      ------------------------------------------------------------------------------
Path 17: MET Hold Check with Pin u_memory/mem_reg[153][44]/CK 
Endpoint:   u_memory/mem_reg[153][44]/D (v) checked with  leading edge of 'core_clk'
Beginpoint: wr_data[44]                 (v) triggered by  leading edge of 'core_clk'
Path Groups: {core_clk}
Analysis View: hold_view
Other End Arrival Time          0.152
+ Hold                         -0.007
+ Phase Shift                   0.000
- CPPR Adjustment               0.000
+ Uncertainty                   0.100
= Required Time                 0.245
  Arrival Time                  0.255
  Slack Time                    0.010
     Clock Rise Edge                      0.000
     + Input Delay                        0.200
     = Beginpoint Arrival Time            0.200
      ------------------------------------------------------------------------------
      Instance                       Arc            Cell    Delay  Arrival  Required  
                                                                   Time     Time  
      ------------------------------------------------------------------------------
      -                              wr_data[44] v  -       -      0.200    0.190  
      u_memory/FE_OFC278_wr_data_44  A v -> Y v     BUFX3   0.051  0.251    0.241  
      u_memory/mem_reg[153][44]      D v            DFFQXL  0.004  0.255    0.245  
      ------------------------------------------------------------------------------
Path 18: MET Hold Check with Pin u_memory/mem_reg[154][44]/CK 
Endpoint:   u_memory/mem_reg[154][44]/D (v) checked with  leading edge of 'core_clk'
Beginpoint: wr_data[44]                 (v) triggered by  leading edge of 'core_clk'
Path Groups: {core_clk}
Analysis View: hold_view
Other End Arrival Time          0.152
+ Hold                         -0.007
+ Phase Shift                   0.000
- CPPR Adjustment               0.000
+ Uncertainty                   0.100
= Required Time                 0.245
  Arrival Time                  0.254
  Slack Time                    0.010
     Clock Rise Edge                      0.000
     + Input Delay                        0.200
     = Beginpoint Arrival Time            0.200
      ------------------------------------------------------------------------------
      Instance                       Arc            Cell    Delay  Arrival  Required  
                                                                   Time     Time  
      ------------------------------------------------------------------------------
      -                              wr_data[44] v  -       -      0.200    0.190  
      u_memory/FE_OFC278_wr_data_44  A v -> Y v     BUFX3   0.051  0.251    0.241  
      u_memory/mem_reg[154][44]      D v            DFFQXL  0.003  0.254    0.245  
      ------------------------------------------------------------------------------
Path 19: MET Hold Check with Pin u_memory/mem_reg[10][44]/CK 
Endpoint:   u_memory/mem_reg[10][44]/D (v) checked with  leading edge of 'core_clk'
Beginpoint: wr_data[44]                (v) triggered by  leading edge of 'core_clk'
Path Groups: {core_clk}
Analysis View: hold_view
Other End Arrival Time          0.151
+ Hold                         -0.007
+ Phase Shift                   0.000
- CPPR Adjustment               0.000
+ Uncertainty                   0.100
= Required Time                 0.244
  Arrival Time                  0.254
  Slack Time                    0.010
     Clock Rise Edge                      0.000
     + Input Delay                        0.200
     = Beginpoint Arrival Time            0.200
      ------------------------------------------------------------------------------
      Instance                       Arc            Cell    Delay  Arrival  Required  
                                                                   Time     Time  
      ------------------------------------------------------------------------------
      -                              wr_data[44] v  -       -      0.200    0.190  
      u_memory/FE_OFC278_wr_data_44  A v -> Y v     BUFX3   0.051  0.251    0.241  
      u_memory/mem_reg[10][44]       D v            DFFQXL  0.002  0.254    0.244  
      ------------------------------------------------------------------------------
Path 20: MET Hold Check with Pin u_memory/mem_reg[4][44]/CK 
Endpoint:   u_memory/mem_reg[4][44]/D (v) checked with  leading edge of 'core_clk'
Beginpoint: wr_data[44]               (v) triggered by  leading edge of 'core_clk'
Path Groups: {core_clk}
Analysis View: hold_view
Other End Arrival Time          0.150
+ Hold                         -0.007
+ Phase Shift                   0.000
- CPPR Adjustment               0.000
+ Uncertainty                   0.100
= Required Time                 0.243
  Arrival Time                  0.253
  Slack Time                    0.010
     Clock Rise Edge                      0.000
     + Input Delay                        0.200
     = Beginpoint Arrival Time            0.200
      ------------------------------------------------------------------------------
      Instance                       Arc            Cell    Delay  Arrival  Required  
                                                                   Time     Time  
      ------------------------------------------------------------------------------
      -                              wr_data[44] v  -       -      0.200    0.190  
      u_memory/FE_OFC278_wr_data_44  A v -> Y v     BUFX3   0.051  0.251    0.241  
      u_memory/mem_reg[4][44]        D v            DFFQXL  0.002  0.253    0.243  
      ------------------------------------------------------------------------------

