###############################################################
#  Generated by:      Cadence Tempus 21.19-s058_1
#  OS:                Linux x86_64(Host ID ece-rh810-16)
#  Generated on:      Tue Sep 29 17:00:21 2026
#  Design:            accel_top
#  Command:           report_timing -late  -max_paths 20 > rpt/setup_paths.rpt
###############################################################
Path 1: MET Setup Check with Pin u_compute/u_array_rows[2].cols[1].u_mac/g_pipelined.product_q_reg[14]/CK 
Endpoint:   u_compute/u_array_rows[2].cols[1].u_mac/g_pipelined.product_q_reg[14]/D (^) checked with  leading edge of 'core_clk'
Beginpoint: u_reader/out_data_reg[19]/Q                                             (v) triggered by  leading edge of 'core_clk'
Path Groups: {core_clk}
Analysis View: setup_view
Other End Arrival Time          0.487
- Setup                         0.121
+ Phase Shift                   2.000
+ CPPR Adjustment               0.000
- Uncertainty                   0.100
= Required Time                 2.266
- Arrival Time                  2.265
= Slack Time                    0.001
     Clock Rise Edge                 0.000
     + Clock Network Latency (Prop)  0.326
     = Beginpoint Arrival Time       0.326
      -----------------------------------------------------------------------------------------------------------------------
      Instance                                                               Arc          Cell       Delay  Arrival  Required  
                                                                                                            Time     Time  
      -----------------------------------------------------------------------------------------------------------------------
      u_reader/out_data_reg[19]                                              CK ^         -          -      0.326    0.327  
      u_reader/out_data_reg[19]                                              CK ^ -> Q v  DFFHQX8    0.360  0.686    0.687  
      u_compute/u_array_rows[2].cols[1].u_mac/FE_OFC7853_operand_word_19     A v -> Y ^   INVX2      0.101  0.787    0.788  
      u_compute/u_array_rows[2].cols[1].u_mac/mul_28_24_g4560                B ^ -> Y v   NOR2X2     0.060  0.847    0.848  
      u_compute/u_array_rows[2].cols[1].u_mac/FE_OFC7684_mul_28_24_n_45      A v -> Y ^   INVX3      0.039  0.886    0.887  
      u_compute/u_array_rows[2].cols[1].u_mac/FE_RC_7150_0                   A ^ -> Y v   MXI2XL     0.109  0.995    0.996  
      u_compute/u_array_rows[2].cols[1].u_mac/mul_28_24_g4446                B v -> Y ^   CLKXOR2X1  0.195  1.190    1.191  
      u_compute/u_array_rows[2].cols[1].u_mac/FE_RC_7203_0                   A ^ -> Y v   INVX1      0.075  1.266    1.267  
      u_compute/u_array_rows[2].cols[1].u_mac/FE_RC_7202_0                   B0 v -> Y ^  AOI22X2    0.082  1.347    1.349  
      u_compute/u_array_rows[2].cols[1].u_mac/mul_28_24_g4370                S0 ^ -> Y v  MX2X1      0.189  1.537    1.538  
      u_compute/u_array_rows[2].cols[1].u_mac/FE_RC_1632_0                   AN v -> Y v  NAND2BX4   0.136  1.673    1.674  
      u_compute/u_array_rows[2].cols[1].u_mac/FE_RC_1625_0                   B0 v -> Y ^  OAI21X4    0.051  1.724    1.725  
      u_compute/u_array_rows[2].cols[1].u_mac/mul_28_24_g4337                B ^ -> Y v   NAND2X1    0.093  1.816    1.818  
      u_compute/u_array_rows[2].cols[1].u_mac/FE_RC_820_0                    A v -> Y ^   NOR2X2     0.102  1.918    1.919  
      u_compute/u_array_rows[2].cols[1].u_mac/FE_RC_819_0_dup                B ^ -> Y v   NOR2BX2    0.063  1.982    1.983  
      u_compute/u_array_rows[2].cols[1].u_mac/FE_RC_3501_0                   A1 v -> Y ^  OAI21X4    0.063  2.044    2.046  
      u_compute/u_array_rows[2].cols[1].u_mac/mul_28_24_g4303                B ^ -> Y v   NOR2X4     0.055  2.099    2.100  
      u_compute/u_array_rows[2].cols[1].u_mac/g5                             A1 v -> Y ^  OAI21X4    0.066  2.165    2.167  
      u_compute/u_array_rows[2].cols[1].u_mac/mul_28_24_g4296                S0 ^ -> Y ^  MXI2X1     0.099  2.265    2.266  
      u_compute/u_array_rows[2].cols[1].u_mac/g_pipelined.product_q_reg[14]  D ^          DFFQXL     0.000  2.265    2.266  
      -----------------------------------------------------------------------------------------------------------------------
Path 2: MET Setup Check with Pin u_compute/u_array_rows[2].cols[1].u_mac/g_pipelined.product_q_reg[13]/CK 
Endpoint:   u_compute/u_array_rows[2].cols[1].u_mac/g_pipelined.product_q_reg[13]/D (^) checked with  leading edge of 'core_clk'
Beginpoint: u_reader/out_data_reg[19]/Q                                             (v) triggered by  leading edge of 'core_clk'
Path Groups: {core_clk}
Analysis View: setup_view
Other End Arrival Time          0.487
- Setup                         0.125
+ Phase Shift                   2.000
+ CPPR Adjustment               0.000
- Uncertainty                   0.100
= Required Time                 2.262
- Arrival Time                  2.260
= Slack Time                    0.001
     Clock Rise Edge                 0.000
     + Clock Network Latency (Prop)  0.326
     = Beginpoint Arrival Time       0.326
      -----------------------------------------------------------------------------------------------------------------------
      Instance                                                               Arc          Cell       Delay  Arrival  Required  
                                                                                                            Time     Time  
      -----------------------------------------------------------------------------------------------------------------------
      u_reader/out_data_reg[19]                                              CK ^         -          -      0.326    0.327  
      u_reader/out_data_reg[19]                                              CK ^ -> Q v  DFFHQX8    0.360  0.686    0.687  
      u_compute/u_array_rows[2].cols[1].u_mac/FE_OFC7853_operand_word_19     A v -> Y ^   INVX2      0.101  0.787    0.789  
      u_compute/u_array_rows[2].cols[1].u_mac/mul_28_24_g4560                B ^ -> Y v   NOR2X2     0.060  0.847    0.848  
      u_compute/u_array_rows[2].cols[1].u_mac/FE_OFC7684_mul_28_24_n_45      A v -> Y ^   INVX3      0.039  0.886    0.887  
      u_compute/u_array_rows[2].cols[1].u_mac/FE_RC_7150_0                   A ^ -> Y v   MXI2XL     0.109  0.995    0.997  
      u_compute/u_array_rows[2].cols[1].u_mac/mul_28_24_g4446                B v -> Y ^   CLKXOR2X1  0.195  1.190    1.192  
      u_compute/u_array_rows[2].cols[1].u_mac/FE_RC_7203_0                   A ^ -> Y v   INVX1      0.075  1.266    1.267  
      u_compute/u_array_rows[2].cols[1].u_mac/FE_RC_7202_0                   B0 v -> Y ^  AOI22X2    0.082  1.347    1.349  
      u_compute/u_array_rows[2].cols[1].u_mac/mul_28_24_g4370                S0 ^ -> Y v  MX2X1      0.189  1.537    1.538  
      u_compute/u_array_rows[2].cols[1].u_mac/FE_RC_1632_0                   AN v -> Y v  NAND2BX4   0.136  1.673    1.674  
      u_compute/u_array_rows[2].cols[1].u_mac/FE_RC_1625_0                   B0 v -> Y ^  OAI21X4    0.051  1.724    1.725  
      u_compute/u_array_rows[2].cols[1].u_mac/mul_28_24_g4337                B ^ -> Y v   NAND2X1    0.093  1.816    1.818  
      u_compute/u_array_rows[2].cols[1].u_mac/FE_RC_820_0                    A v -> Y ^   NOR2X2     0.102  1.918    1.919  
      u_compute/u_array_rows[2].cols[1].u_mac/FE_RC_819_0_dup                B ^ -> Y v   NOR2BX2    0.063  1.982    1.983  
      u_compute/u_array_rows[2].cols[1].u_mac/FE_RC_3501_0                   A1 v -> Y ^  OAI21X4    0.063  2.044    2.046  
      u_compute/u_array_rows[2].cols[1].u_mac/mul_28_24_g4303                B ^ -> Y v   NOR2X4     0.055  2.099    2.101  
      u_compute/u_array_rows[2].cols[1].u_mac/FE_RC_9503_0                   A1 v -> Y ^  OAI21X4    0.060  2.160    2.161  
      u_compute/u_array_rows[2].cols[1].u_mac/FE_RC_6771_0                   S0 ^ -> Y ^  MXI2X1     0.101  2.260    2.262  
      u_compute/u_array_rows[2].cols[1].u_mac/g_pipelined.product_q_reg[13]  D ^          DFFXL      0.000  2.260    2.262  
      -----------------------------------------------------------------------------------------------------------------------
Path 3: MET Setup Check with Pin u_compute/u_array_rows[2].cols[3].u_mac/g_pipelined.product_q_reg[13]/CK 
Endpoint:   u_compute/u_array_rows[2].cols[3].u_mac/g_pipelined.product_q_reg[13]/D (^) checked with  leading edge of 'core_clk'
Beginpoint: u_reader/out_data_reg[63]/Q                                             (^) triggered by  leading edge of 'core_clk'
Path Groups: {core_clk}
Analysis View: setup_view
Other End Arrival Time          0.482
- Setup                         0.108
+ Phase Shift                   2.000
+ CPPR Adjustment               0.000
- Uncertainty                   0.100
= Required Time                 2.274
- Arrival Time                  2.272
= Slack Time                    0.002
     Clock Rise Edge                 0.000
     + Clock Network Latency (Prop)  0.326
     = Beginpoint Arrival Time       0.326
      -----------------------------------------------------------------------------------------------------------------------
      Instance                                                               Arc          Cell       Delay  Arrival  Required  
                                                                                                            Time     Time  
      -----------------------------------------------------------------------------------------------------------------------
      u_reader/out_data_reg[63]                                              CK ^         -          -      0.326    0.328  
      u_reader/out_data_reg[63]                                              CK ^ -> Q ^  DFFHQX4    0.256  0.582    0.584  
      u_compute/FE_OCPC6050_operand_word_63                                  A ^ -> Y ^   CLKBUFX20  0.102  0.684    0.686  
      u_compute/u_array_rows[2].cols[3].u_mac/mul_28_24_g4599                AN ^ -> Y ^  NOR2BX2    0.140  0.823    0.826  
      u_compute/u_array_rows[2].cols[3].u_mac/mul_28_24_g4457                A1 ^ -> Y v  AOI21X2    0.100  0.924    0.926  
      u_compute/u_array_rows[2].cols[3].u_mac/mul_28_24_g4454                B v -> Y ^   NOR2X2     0.089  1.013    1.015  
      u_compute/u_array_rows[2].cols[3].u_mac/FE_RC_1506_0                   B ^ -> Y v   NAND2X2    0.087  1.099    1.102  
      u_compute/u_array_rows[2].cols[3].u_mac/FE_RC_1504_0                   B0 v -> Y ^  OAI21X2    0.056  1.155    1.157  
      u_compute/u_array_rows[2].cols[3].u_mac/mul_28_24_g4359                CI ^ -> S v  ADDFHXL    0.266  1.421    1.423  
      u_compute/u_array_rows[2].cols[3].u_mac/mul_28_24_g4331                B v -> S ^   ADDFHX1    0.299  1.719    1.721  
      u_compute/u_array_rows[2].cols[3].u_mac/mul_28_24_g4322                B ^ -> Y v   NOR2X2     0.077  1.796    1.798  
      u_compute/u_array_rows[2].cols[3].u_mac/FE_RC_6648_0                   B v -> Y v   OR2X6      0.146  1.942    1.944  
      u_compute/u_array_rows[2].cols[3].u_mac/FE_RC_6647_0                   C v -> Y ^   NOR3X6     0.060  2.002    2.004  
      u_compute/u_array_rows[2].cols[3].u_mac/mul_28_24_g4303                A ^ -> Y v   NOR2X4     0.063  2.065    2.067  
      u_compute/u_array_rows[2].cols[3].u_mac/FE_RC_4271_0                   A1 v -> Y ^  OAI21X2    0.064  2.129    2.131  
      u_compute/u_array_rows[2].cols[3].u_mac/mul_28_24_g4293                B ^ -> Y ^   XOR2XL     0.143  2.272    2.274  
      u_compute/u_array_rows[2].cols[3].u_mac/g_pipelined.product_q_reg[13]  D ^          DFFXL      0.000  2.272    2.274  
      -----------------------------------------------------------------------------------------------------------------------
Path 4: MET Setup Check with Pin u_compute/u_array_rows[2].cols[1].u_mac/g_pipelined.product_q_reg[11]/CK 
Endpoint:   u_compute/u_array_rows[2].cols[1].u_mac/g_pipelined.product_q_reg[11]/D (^) checked with  leading edge of 'core_clk'
Beginpoint: u_reader/out_data_reg[19]/Q                                             (v) triggered by  leading edge of 'core_clk'
Path Groups: {core_clk}
Analysis View: setup_view
Other End Arrival Time          0.487
- Setup                         0.110
+ Phase Shift                   2.000
+ CPPR Adjustment               0.000
- Uncertainty                   0.100
= Required Time                 2.277
- Arrival Time                  2.274
= Slack Time                    0.003
     Clock Rise Edge                 0.000
     + Clock Network Latency (Prop)  0.326
     = Beginpoint Arrival Time       0.326
      -----------------------------------------------------------------------------------------------------------------------
      Instance                                                               Arc          Cell       Delay  Arrival  Required  
                                                                                                            Time     Time  
      -----------------------------------------------------------------------------------------------------------------------
      u_reader/out_data_reg[19]                                              CK ^         -          -      0.326    0.329  
      u_reader/out_data_reg[19]                                              CK ^ -> Q v  DFFHQX8    0.360  0.686    0.689  
      u_compute/u_array_rows[2].cols[1].u_mac/FE_OFC7853_operand_word_19     A v -> Y ^   INVX2      0.101  0.787    0.790  
      u_compute/u_array_rows[2].cols[1].u_mac/mul_28_24_g4560                B ^ -> Y v   NOR2X2     0.060  0.847    0.849  
      u_compute/u_array_rows[2].cols[1].u_mac/FE_OFC7684_mul_28_24_n_45      A v -> Y ^   INVX3      0.039  0.886    0.889  
      u_compute/u_array_rows[2].cols[1].u_mac/FE_RC_7150_0                   A ^ -> Y v   MXI2XL     0.109  0.995    0.998  
      u_compute/u_array_rows[2].cols[1].u_mac/mul_28_24_g4446                B v -> Y v   CLKXOR2X1  0.180  1.175    1.178  
      u_compute/u_array_rows[2].cols[1].u_mac/FE_RC_7203_0                   A v -> Y ^   INVX1      0.073  1.248    1.251  
      u_compute/u_array_rows[2].cols[1].u_mac/FE_RC_7202_0                   B0 ^ -> Y v  AOI22X2    0.083  1.331    1.333  
      u_compute/u_array_rows[2].cols[1].u_mac/mul_28_24_g4370                S0 v -> Y ^  MX2X1      0.213  1.544    1.546  
      u_compute/u_array_rows[2].cols[1].u_mac/FE_RC_1632_0                   AN ^ -> Y ^  NAND2BX4   0.111  1.655    1.658  
      u_compute/u_array_rows[2].cols[1].u_mac/FE_RC_1625_0                   B0 ^ -> Y v  OAI21X4    0.078  1.733    1.736  
      u_compute/u_array_rows[2].cols[1].u_mac/mul_28_24_g4341                B v -> Y ^   NOR2X2     0.077  1.810    1.812  
      u_compute/u_array_rows[2].cols[1].u_mac/g4646                          A ^ -> Y ^   OR2X6      0.110  1.920    1.922  
      u_compute/u_array_rows[2].cols[1].u_mac/fopt4606                       A ^ -> Y v   INVX2      0.039  1.958    1.961  
      u_compute/u_array_rows[2].cols[1].u_mac/FE_RC_3135_0                   A0 v -> Y ^  AOI21X4    0.067  2.025    2.028  
      u_compute/u_array_rows[2].cols[1].u_mac/mul_28_24_g4299                A1 ^ -> Y v  OAI21X2    0.076  2.101    2.104  
      u_compute/u_array_rows[2].cols[1].u_mac/mul_28_24_g4294                B v -> Y ^   XNOR2XL    0.173  2.274    2.277  
      u_compute/u_array_rows[2].cols[1].u_mac/g_pipelined.product_q_reg[11]  D ^          DFFQXL     0.000  2.274    2.277  
      -----------------------------------------------------------------------------------------------------------------------
Path 5: MET Setup Check with Pin u_compute/u_array_rows[0].cols[1].u_mac/g_pipelined.product_q_reg[13]/CK 
Endpoint:   u_compute/u_array_rows[0].cols[1].u_mac/g_pipelined.product_q_reg[13]/D (^) checked with  leading edge of 'core_clk'
Beginpoint: u_reader/out_data_reg[3]/Q                                              (^) triggered by  leading edge of 'core_clk'
Path Groups: {core_clk}
Analysis View: setup_view
Other End Arrival Time          0.489
- Setup                         0.124
+ Phase Shift                   2.000
+ CPPR Adjustment               0.000
- Uncertainty                   0.100
= Required Time                 2.265
- Arrival Time                  2.257
= Slack Time                    0.008
     Clock Rise Edge                 0.000
     + Clock Network Latency (Prop)  0.325
     = Beginpoint Arrival Time       0.325
      -----------------------------------------------------------------------------------------------------------------------
      Instance                                                               Arc          Cell       Delay  Arrival  Required  
                                                                                                            Time     Time  
      -----------------------------------------------------------------------------------------------------------------------
      u_reader/out_data_reg[3]                                               CK ^         -          -      0.325    0.333  
      u_reader/out_data_reg[3]                                               CK ^ -> Q ^  DFFHQX8    0.322  0.648    0.655  
      u_compute/u_array_rows[0].cols[1].u_mac/mul_28_24_g4563__8246          B ^ -> Y v   NAND2X2    0.127  0.775    0.782  
      u_compute/u_array_rows[0].cols[1].u_mac/FE_RC_7551_0                   A v -> Y ^   INVX1      0.077  0.852    0.860  
      u_compute/u_array_rows[0].cols[1].u_mac/FE_RC_7550_0                   B ^ -> Y v   MXI2X1     0.112  0.964    0.972  
      u_compute/u_array_rows[0].cols[1].u_mac/mul_28_24_g4448__8428          B v -> Y ^   CLKXOR2X1  0.186  1.151    1.158  
      u_compute/u_array_rows[0].cols[1].u_mac/FE_RC_7635_0                   A1 ^ -> Y v  AOI21X2    0.109  1.260    1.268  
      u_compute/u_array_rows[0].cols[1].u_mac/FE_RC_6813_0                   B v -> Y ^   NOR2X2     0.081  1.341    1.348  
      u_compute/u_array_rows[0].cols[1].u_mac/FE_RC_7596_0                   B0 ^ -> Y v  AOI21X2    0.050  1.391    1.399  
      u_compute/u_array_rows[0].cols[1].u_mac/mul_28_24_g4332__9315          CI v -> S ^  ADDFHX1    0.296  1.687    1.695  
      u_compute/u_array_rows[0].cols[1].u_mac/mul_28_24_g4324__8246          B ^ -> Y v   NOR2X2     0.062  1.749    1.757  
      u_compute/u_array_rows[0].cols[1].u_mac/g4646                          B v -> Y v   OR2X1      0.121  1.870    1.878  
      u_compute/u_array_rows[0].cols[1].u_mac/FE_RC_9525_0                   A v -> Y ^   NOR3X2     0.123  1.994    2.001  
      u_compute/u_array_rows[0].cols[1].u_mac/mul_28_24_g4303__7410          A ^ -> Y v   NOR2X4     0.084  2.078    2.086  
      u_compute/u_array_rows[0].cols[1].u_mac/mul_28_24_g4298__9315          A1 v -> Y ^  OAI21X2    0.070  2.148    2.156  
      u_compute/u_array_rows[0].cols[1].u_mac/FE_RC_7742_0                   S0 ^ -> Y ^  MXI2X1     0.109  2.257    2.265  
      u_compute/u_array_rows[0].cols[1].u_mac/g_pipelined.product_q_reg[13]  D ^          DFFXL      0.000  2.257    2.265  
      -----------------------------------------------------------------------------------------------------------------------
Path 6: MET Setup Check with Pin u_compute/u_array_rows[2].cols[1].u_mac/g_pipelined.product_q_reg[15]/CK 
Endpoint:   u_compute/u_array_rows[2].cols[1].u_mac/g_pipelined.product_q_reg[15]/D (^) checked with  leading edge of 'core_clk'
Beginpoint: u_reader/out_data_reg[19]/Q                                             (v) triggered by  leading edge of 'core_clk'
Path Groups: {core_clk}
Analysis View: setup_view
Other End Arrival Time          0.487
- Setup                         0.112
+ Phase Shift                   2.000
+ CPPR Adjustment               0.000
- Uncertainty                   0.100
= Required Time                 2.275
- Arrival Time                  2.266
= Slack Time                    0.009
     Clock Rise Edge                 0.000
     + Clock Network Latency (Prop)  0.326
     = Beginpoint Arrival Time       0.326
      -----------------------------------------------------------------------------------------------------------------------
      Instance                                                               Arc          Cell       Delay  Arrival  Required  
                                                                                                            Time     Time  
      -----------------------------------------------------------------------------------------------------------------------
      u_reader/out_data_reg[19]                                              CK ^         -          -      0.326    0.335  
      u_reader/out_data_reg[19]                                              CK ^ -> Q v  DFFHQX8    0.360  0.686    0.695  
      u_compute/u_array_rows[2].cols[1].u_mac/FE_OFC7853_operand_word_19     A v -> Y ^   INVX2      0.101  0.787    0.796  
      u_compute/u_array_rows[2].cols[1].u_mac/mul_28_24_g4560                B ^ -> Y v   NOR2X2     0.060  0.847    0.856  
      u_compute/u_array_rows[2].cols[1].u_mac/FE_OFC7684_mul_28_24_n_45      A v -> Y ^   INVX3      0.039  0.886    0.895  
      u_compute/u_array_rows[2].cols[1].u_mac/FE_RC_7150_0                   A ^ -> Y v   MXI2XL     0.109  0.995    1.004  
      u_compute/u_array_rows[2].cols[1].u_mac/mul_28_24_g4446                B v -> Y v   CLKXOR2X1  0.180  1.175    1.184  
      u_compute/u_array_rows[2].cols[1].u_mac/FE_RC_7203_0                   A v -> Y ^   INVX1      0.073  1.248    1.257  
      u_compute/u_array_rows[2].cols[1].u_mac/FE_RC_7202_0                   B0 ^ -> Y v  AOI22X2    0.083  1.331    1.340  
      u_compute/u_array_rows[2].cols[1].u_mac/mul_28_24_g4370                S0 v -> Y ^  MX2X1      0.213  1.544    1.552  
      u_compute/u_array_rows[2].cols[1].u_mac/FE_RC_1632_0                   AN ^ -> Y ^  NAND2BX4   0.111  1.655    1.664  
      u_compute/u_array_rows[2].cols[1].u_mac/FE_RC_1625_0                   B0 ^ -> Y v  OAI21X4    0.078  1.733    1.742  
      u_compute/u_array_rows[2].cols[1].u_mac/mul_28_24_g4337                B v -> Y ^   NAND2X1    0.065  1.798    1.807  
      u_compute/u_array_rows[2].cols[1].u_mac/FE_RC_820_0                    A ^ -> Y v   NOR2X2     0.060  1.858    1.867  
      u_compute/u_array_rows[2].cols[1].u_mac/FE_RC_819_0_dup                B v -> Y ^   NOR2BX2    0.069  1.927    1.936  
      u_compute/u_array_rows[2].cols[1].u_mac/FE_RC_3501_0                   A1 ^ -> Y v  OAI21X4    0.089  2.016    2.025  
      u_compute/u_array_rows[2].cols[1].u_mac/mul_28_24_g4303                B v -> Y ^   NOR2X4     0.079  2.095    2.104  
      u_compute/u_array_rows[2].cols[1].u_mac/g5                             A1 ^ -> Y v  OAI21X4    0.091  2.186    2.195  
      u_compute/u_array_rows[2].cols[1].u_mac/mul_28_24_g4295                A1 v -> Y ^  AOI21X2    0.080  2.266    2.275  
      u_compute/u_array_rows[2].cols[1].u_mac/g_pipelined.product_q_reg[15]  D ^          DFFHQX2    0.000  2.266    2.275  
      -----------------------------------------------------------------------------------------------------------------------
Path 7: MET Setup Check with Pin u_compute/u_array_rows[2].cols[2].u_mac/g_pipelined.product_q_reg[14]/CK 
Endpoint:   u_compute/u_array_rows[2].cols[2].u_mac/g_pipelined.product_q_reg[14]/D (^) checked with  leading edge of 'core_clk'
Beginpoint: u_reader/out_data_reg[54]/Q                                             (^) triggered by  leading edge of 'core_clk'
Path Groups: {core_clk}
Analysis View: setup_view
Other End Arrival Time          0.487
- Setup                         0.112
+ Phase Shift                   2.000
+ CPPR Adjustment               0.000
- Uncertainty                   0.100
= Required Time                 2.276
- Arrival Time                  2.266
= Slack Time                    0.009
     Clock Rise Edge                 0.000
     + Clock Network Latency (Prop)  0.326
     = Beginpoint Arrival Time       0.326
      -----------------------------------------------------------------------------------------------------------------------
      Instance                                                               Arc          Cell       Delay  Arrival  Required  
                                                                                                            Time     Time  
      -----------------------------------------------------------------------------------------------------------------------
      u_reader/out_data_reg[54]                                              CK ^         -          -      0.326    0.336  
      u_reader/out_data_reg[54]                                              CK ^ -> Q ^  DFFQX2     0.239  0.565    0.575  
      u_compute/FE_OFC4617_operand_word_54                                   A ^ -> Y ^   CLKBUFX20  0.118  0.683    0.693  
      u_compute/u_array_rows[2].cols[2].u_mac/mul_28_24_g4517                A ^ -> Y v   NAND2X1    0.122  0.806    0.815  
      u_compute/u_array_rows[2].cols[2].u_mac/mul_28_24_g4594                A v -> Y ^   XOR2XL     0.216  1.022    1.031  
      u_compute/u_array_rows[2].cols[2].u_mac/mul_28_24_g4440                B ^ -> Y v   CLKXOR2X1  0.171  1.193    1.203  
      u_compute/u_array_rows[2].cols[2].u_mac/FE_RC_8502_0                   A v -> Y ^   INVXL      0.061  1.254    1.263  
      u_compute/u_array_rows[2].cols[2].u_mac/FE_RC_8501_0                   B ^ -> Y v   MXI2X1     0.107  1.361    1.370  
      u_compute/u_array_rows[2].cols[2].u_mac/mul_28_24_g4364                A v -> Y ^   XNOR2X1    0.234  1.594    1.604  
      u_compute/u_array_rows[2].cols[2].u_mac/mul_28_24_g4347                B ^ -> Y ^   OR2X1      0.094  1.689    1.698  
      u_compute/u_array_rows[2].cols[2].u_mac/FE_RC_7482_0                   A0 ^ -> Y v  AOI21X4    0.100  1.789    1.798  
      u_compute/u_array_rows[2].cols[2].u_mac/mul_28_24_g4312                B v -> Y ^   NOR2X4     0.078  1.867    1.877  
      u_compute/u_array_rows[2].cols[2].u_mac/mul_28_24_g4310_4644           B ^ -> Y v   NOR2BX4    0.055  1.923    1.932  
      u_compute/u_array_rows[2].cols[2].u_mac/FE_RC_2638_0                   B v -> Y ^   NOR3X6     0.088  2.011    2.020  
      u_compute/u_array_rows[2].cols[2].u_mac/mul_28_24_g4303                A ^ -> Y v   NOR2X4     0.068  2.079    2.088  
      u_compute/u_array_rows[2].cols[2].u_mac/FE_RC_6718_0                   A1 v -> Y ^  OAI21X4    0.074  2.153    2.162  
      u_compute/u_array_rows[2].cols[2].u_mac/FE_RC_9508_0                   B ^ -> Y v   NOR2X2     0.057  2.209    2.218  
      u_compute/u_array_rows[2].cols[2].u_mac/FE_RC_9507_0                   B0 v -> Y ^  AOI21X2    0.057  2.266    2.276  
      u_compute/u_array_rows[2].cols[2].u_mac/g_pipelined.product_q_reg[14]  D ^          DFFQXL     0.000  2.266    2.276  
      -----------------------------------------------------------------------------------------------------------------------
Path 8: MET Setup Check with Pin u_memory/rd_data_reg[57]/CK 
Endpoint:   u_memory/rd_data_reg[57]/D (v) checked with  leading edge of 'core_clk'
Beginpoint: u_reader/address_reg[7]/Q  (v) triggered by  leading edge of 'core_clk'
Path Groups: {core_clk}
Analysis View: setup_view
Other End Arrival Time          0.537
- Setup                         0.042
+ Phase Shift                   2.000
+ CPPR Adjustment               0.000
- Uncertainty                   0.100
= Required Time                 2.395
- Arrival Time                  2.385
= Slack Time                    0.010
     Clock Rise Edge                 0.000
     + Clock Network Latency (Prop)  0.263
     = Beginpoint Arrival Time       0.263
      ------------------------------------------------------------------------------
      Instance                     Arc          Cell        Delay  Arrival  Required  
                                                                   Time     Time  
      ------------------------------------------------------------------------------
      u_reader/address_reg[7]      CK ^         -           -      0.263    0.273  
      u_reader/address_reg[7]      CK ^ -> Q v  DFFQX2      0.256  0.519    0.529  
      u_memory/FE_OFC9078_FE_RN_1  A v -> Y ^   INVX3       0.049  0.567    0.578  
      u_memory/FE_OFC9082_FE_RN_1  A ^ -> Y v   CLKINVX4    0.048  0.616    0.626  
      u_memory/FE_OFC9088_FE_RN_1  A v -> Y ^   INVX2       0.047  0.663    0.673  
      u_memory/FE_RC_225_0         C ^ -> Y v   NOR3X6      0.043  0.706    0.716  
      u_memory/g582129             B v -> Y v   CLKAND2X12  0.140  0.846    0.856  
      u_memory/FE_OFC5294_n_2415   A v -> Y ^   INVX2       0.077  0.922    0.933  
      u_memory/g580674             B ^ -> Y v   NOR2X2      0.049  0.972    0.982  
      u_memory/FE_OFC8781_n_2651   A v -> Y v   BUFX12      0.138  1.110    1.120  
      u_memory/g578066             B1 v -> Y ^  AOI22XL     0.158  1.268    1.278  
      u_memory/FE_RC_8964_0        A ^ -> Y v   NAND4X1     0.236  1.504    1.514  
      u_memory/FE_OFC8648_n_10635  A v -> Y v   BUFX2       0.155  1.659    1.670  
      u_memory/g570911             D v -> Y ^   NOR4X1      0.099  1.759    1.769  
      u_memory/FE_RC_110_0         A ^ -> Y ^   CLKAND2X2   0.157  1.916    1.926  
      u_memory/FE_RC_109_0         B ^ -> Y v   NAND3X1     0.114  2.029    2.040  
      u_memory/FE_OFC8264_n_12629  A v -> Y v   BUFX3       0.203  2.232    2.242  
      u_memory/FE_RC_174_0         A v -> Y ^   NOR2X6      0.099  2.331    2.341  
      u_memory/FE_RC_173_0         B ^ -> Y v   NOR2X8      0.054  2.385    2.395  
      u_memory/rd_data_reg[57]     D v          DFFHQX1     0.001  2.385    2.395  
      ------------------------------------------------------------------------------
Path 9: MET Setup Check with Pin u_compute/u_array_rows[2].cols[1].u_mac/g_pipelined.product_q_reg[12]/CK 
Endpoint:   u_compute/u_array_rows[2].cols[1].u_mac/g_pipelined.product_q_reg[12]/D (^) checked with  leading edge of 'core_clk'
Beginpoint: u_reader/out_data_reg[19]/Q                                             (v) triggered by  leading edge of 'core_clk'
Path Groups: {core_clk}
Analysis View: setup_view
Other End Arrival Time          0.487
- Setup                         0.100
+ Phase Shift                   2.000
+ CPPR Adjustment               0.000
- Uncertainty                   0.100
= Required Time                 2.286
- Arrival Time                  2.275
= Slack Time                    0.011
     Clock Rise Edge                 0.000
     + Clock Network Latency (Prop)  0.326
     = Beginpoint Arrival Time       0.326
      -----------------------------------------------------------------------------------------------------------------------
      Instance                                                               Arc          Cell       Delay  Arrival  Required  
                                                                                                            Time     Time  
      -----------------------------------------------------------------------------------------------------------------------
      u_reader/out_data_reg[19]                                              CK ^         -          -      0.326    0.337  
      u_reader/out_data_reg[19]                                              CK ^ -> Q v  DFFHQX8    0.360  0.686    0.697  
      u_compute/u_array_rows[2].cols[1].u_mac/FE_OFC7853_operand_word_19     A v -> Y ^   INVX2      0.101  0.787    0.799  
      u_compute/u_array_rows[2].cols[1].u_mac/mul_28_24_g4560                B ^ -> Y v   NOR2X2     0.060  0.847    0.858  
      u_compute/u_array_rows[2].cols[1].u_mac/FE_OFC7684_mul_28_24_n_45      A v -> Y ^   INVX3      0.039  0.886    0.898  
      u_compute/u_array_rows[2].cols[1].u_mac/FE_RC_7150_0                   A ^ -> Y v   MXI2XL     0.109  0.995    1.007  
      u_compute/u_array_rows[2].cols[1].u_mac/mul_28_24_g4446                B v -> Y ^   CLKXOR2X1  0.195  1.190    1.202  
      u_compute/u_array_rows[2].cols[1].u_mac/FE_RC_7203_0                   A ^ -> Y v   INVX1      0.075  1.266    1.277  
      u_compute/u_array_rows[2].cols[1].u_mac/FE_RC_7202_0                   B0 v -> Y ^  AOI22X2    0.082  1.347    1.359  
      u_compute/u_array_rows[2].cols[1].u_mac/mul_28_24_g4370                S0 ^ -> Y v  MX2X1      0.189  1.537    1.548  
      u_compute/u_array_rows[2].cols[1].u_mac/FE_RC_1632_0                   AN v -> Y v  NAND2BX4   0.136  1.673    1.684  
      u_compute/u_array_rows[2].cols[1].u_mac/FE_RC_1625_0                   B0 v -> Y ^  OAI21X4    0.051  1.724    1.735  
      u_compute/u_array_rows[2].cols[1].u_mac/mul_28_24_g4337                B ^ -> Y v   NAND2X1    0.093  1.816    1.828  
      u_compute/u_array_rows[2].cols[1].u_mac/FE_RC_820_0                    A v -> Y ^   NOR2X2     0.102  1.918    1.930  
      u_compute/u_array_rows[2].cols[1].u_mac/FE_RC_819_0_dup                B ^ -> Y v   NOR2BX2    0.063  1.982    1.993  
      u_compute/u_array_rows[2].cols[1].u_mac/FE_RC_3501_0                   A1 v -> Y ^  OAI21X4    0.063  2.044    2.056  
      u_compute/u_array_rows[2].cols[1].u_mac/mul_28_24_g4303                B ^ -> Y v   NOR2X4     0.055  2.099    2.111  
      u_compute/u_array_rows[2].cols[1].u_mac/mul_28_24_g4300                B v -> Y ^   XNOR2X1    0.176  2.275    2.286  
      u_compute/u_array_rows[2].cols[1].u_mac/g_pipelined.product_q_reg[12]  D ^          DFFHQX1    0.000  2.275    2.286  
      -----------------------------------------------------------------------------------------------------------------------
Path 10: MET Setup Check with Pin u_compute/u_array_rows[1].cols[3].u_mac/g_pipelined.product_q_reg[13]/CK 
Endpoint:   u_compute/u_array_rows[1].cols[3].u_mac/g_pipelined.product_q_reg[13]/D (^) checked with  leading edge of 'core_clk'
Beginpoint: u_reader/out_data_reg[60]/Q                                             (v) triggered by  leading edge of 'core_clk'
Path Groups: {core_clk}
Analysis View: setup_view
Other End Arrival Time          0.486
- Setup                         0.124
+ Phase Shift                   2.000
+ CPPR Adjustment               0.000
- Uncertainty                   0.100
= Required Time                 2.262
- Arrival Time                  2.250
= Slack Time                    0.012
     Clock Rise Edge                 0.000
     + Clock Network Latency (Prop)  0.326
     = Beginpoint Arrival Time       0.326
      ---------------------------------------------------------------------------------------------------------------------
      Instance                                                               Arc          Cell     Delay  Arrival  Required  
                                                                                                          Time     Time  
      ---------------------------------------------------------------------------------------------------------------------
      u_reader/out_data_reg[60]                                              CK ^         -        -      0.326    0.338  
      u_reader/out_data_reg[60]                                              CK ^ -> Q v  DFFHQX8  0.380  0.706    0.718  
      u_compute/u_array_rows[1].cols[3].u_mac/FE_OFC4799_operand_word_60     A v -> Y ^   INVX3    0.113  0.820    0.832  
      u_compute/u_array_rows[1].cols[3].u_mac/mul_28_24_g4566                B ^ -> Y v   NOR2X2   0.057  0.877    0.888  
      u_compute/u_array_rows[1].cols[3].u_mac/mul_28_24_g4426                B v -> CO v  ADDFHX1  0.170  1.046    1.058  
      u_compute/u_array_rows[1].cols[3].u_mac/mul_28_24_g4381                CI v -> S ^  ADDFHXL  0.288  1.334    1.346  
      u_compute/u_array_rows[1].cols[3].u_mac/FE_RC_8893_0                   A ^ -> Y v   NAND2X2  0.102  1.436    1.448  
      u_compute/u_array_rows[1].cols[3].u_mac/FE_RC_8892_0                   B0 v -> Y ^  OAI21X2  0.052  1.488    1.499  
      u_compute/u_array_rows[1].cols[3].u_mac/FE_RC_6858_0                   B ^ -> Y v   NAND2X1  0.093  1.581    1.592  
      u_compute/u_array_rows[1].cols[3].u_mac/FE_RC_6857_0                   B0 v -> Y ^  OAI21X1  0.069  1.650    1.661  
      u_compute/u_array_rows[1].cols[3].u_mac/mul_28_24_g4339                B ^ -> Y v   NAND2X1  0.122  1.772    1.783  
      u_compute/u_array_rows[1].cols[3].u_mac/mul_28_24_g4310_dup            AN v -> Y v  NOR2BX2  0.131  1.903    1.915  
      u_compute/u_array_rows[1].cols[3].u_mac/mul_28_24_g4307                D v -> Y ^   NOR4X6   0.090  1.993    2.005  
      u_compute/u_array_rows[1].cols[3].u_mac/mul_28_24_g4303                A ^ -> Y v   NOR2X6   0.083  2.077    2.088  
      u_compute/u_array_rows[1].cols[3].u_mac/mul_28_24_g4298                A1 v -> Y ^  OAI21X2  0.066  2.143    2.154  
      u_compute/u_array_rows[1].cols[3].u_mac/FE_RC_2055_0                   S0 ^ -> Y ^  MXI2X1   0.107  2.250    2.262  
      u_compute/u_array_rows[1].cols[3].u_mac/g_pipelined.product_q_reg[13]  D ^          DFFXL    0.000  2.250    2.262  
      ---------------------------------------------------------------------------------------------------------------------
Path 11: MET Setup Check with Pin u_memory/rd_data_reg[5]/CK 
Endpoint:   u_memory/rd_data_reg[5]/D (v) checked with  leading edge of 'core_clk'
Beginpoint: u_reader/address_reg[1]/Q (^) triggered by  leading edge of 'core_clk'
Path Groups: {core_clk}
Analysis View: setup_view
Other End Arrival Time          0.538
- Setup                         0.043
+ Phase Shift                   2.000
+ CPPR Adjustment               0.000
- Uncertainty                   0.100
= Required Time                 2.395
- Arrival Time                  2.383
= Slack Time                    0.012
     Clock Rise Edge                 0.000
     + Clock Network Latency (Prop)  0.263
     = Beginpoint Arrival Time       0.263
      -----------------------------------------------------------------------------------
      Instance                           Arc          Cell       Delay  Arrival  Required  
                                                                        Time     Time  
      -----------------------------------------------------------------------------------
      u_reader/address_reg[1]            CK ^         -          -      0.263    0.275  
      u_reader/address_reg[1]            CK ^ -> Q ^  DFFQX2     0.236  0.499    0.511  
      u_reader/FE_OFC9097_mem_rd_addr_1  A ^ -> Y v   CLKINVX6   0.052  0.551    0.563  
      u_reader/FE_OFC9098_mem_rd_addr_1  A v -> Y ^   CLKINVX6   0.047  0.598    0.610  
      u_memory/FE_OFC7640_mem_rd_addr_1  A ^ -> Y v   INVX3      0.044  0.642    0.654  
      u_memory/FE_RC_362_0               A v -> Y ^   NAND2X6    0.043  0.685    0.697  
      u_memory/g583265                   A ^ -> Y ^   OR2X8      0.151  0.836    0.848  
      u_memory/g580813                   A ^ -> Y v   NOR2X2     0.092  0.928    0.940  
      u_memory/FE_OFC8799_n_2612         A v -> Y v   CLKBUFX8   0.172  1.100    1.112  
      u_memory/g575589                   A1 v -> Y ^  AOI22XL    0.204  1.304    1.316  
      u_memory/g571838                   B ^ -> Y v   NAND4X1    0.289  1.593    1.605  
      u_memory/FE_OFC8577_n_11251        A v -> Y v   BUFX2      0.198  1.791    1.803  
      u_memory/FE_RC_9305_0              D v -> Y ^   NOR4BX4    0.081  1.872    1.884  
      u_memory/FE_RC_71_0                A ^ -> Y ^   CLKAND2X3  0.138  2.011    2.023  
      u_memory/FE_RC_70_0                C ^ -> Y v   NAND3X4    0.106  2.117    2.129  
      u_memory/FE_OFC4205_n_12660        A v -> Y v   BUFX12     0.145  2.261    2.273  
      u_memory/FE_RC_215_0               A v -> Y ^   NOR2X6     0.069  2.330    2.342  
      u_memory/FE_RC_213_0               B ^ -> Y v   NOR2BX4    0.052  2.383    2.395  
      u_memory/rd_data_reg[5]            D v          DFFHQX1    0.000  2.383    2.395  
      -----------------------------------------------------------------------------------
Path 12: MET Setup Check with Pin u_compute/u_array_rows[0].cols[0].u_mac/g_pipelined.product_q_reg[13]/CK 
Endpoint:   u_compute/u_array_rows[0].cols[0].u_mac/g_pipelined.product_q_reg[13]/D (^) checked with  leading edge of 'core_clk'
Beginpoint: u_reader/out_data_reg[37]/Q                                             (v) triggered by  leading edge of 'core_clk'
Path Groups: {core_clk}
Analysis View: setup_view
Other End Arrival Time          0.490
- Setup                         0.111
+ Phase Shift                   2.000
+ CPPR Adjustment               0.000
- Uncertainty                   0.100
= Required Time                 2.279
- Arrival Time                  2.267
= Slack Time                    0.012
     Clock Rise Edge                 0.000
     + Clock Network Latency (Prop)  0.326
     = Beginpoint Arrival Time       0.326
      -----------------------------------------------------------------------------------------------------------------------
      Instance                                                               Arc          Cell       Delay  Arrival  Required  
                                                                                                            Time     Time  
      -----------------------------------------------------------------------------------------------------------------------
      u_reader/out_data_reg[37]                                              CK ^         -          -      0.326    0.339  
      u_reader/out_data_reg[37]                                              CK ^ -> Q v  DFFHQX8    0.344  0.671    0.683  
      u_compute/u_array_rows[0].cols[0].u_mac/FE_OFC4185_operand_word_37     A v -> Y v   CLKBUFX20  0.122  0.793    0.805  
      u_compute/u_array_rows[0].cols[0].u_mac/FE_OFC7707_n_337               A v -> Y ^   CLKINVX8   0.037  0.830    0.842  
      u_compute/u_array_rows[0].cols[0].u_mac/mul_28_24_g4567__1666          B ^ -> Y v   NOR2X6     0.030  0.860    0.873  
      u_compute/u_array_rows[0].cols[0].u_mac/mul_28_24_g4430__2346          B v -> CO v  ADDFHX1    0.173  1.033    1.045  
      u_compute/u_array_rows[0].cols[0].u_mac/mul_28_24_g4367__5526          B v -> CO v  ADDFHX1    0.199  1.232    1.244  
      u_compute/u_array_rows[0].cols[0].u_mac/FE_RC_9539_0                   A v -> Y ^   NAND2X2    0.064  1.296    1.308  
      u_compute/u_array_rows[0].cols[0].u_mac/FE_RC_9538_0                   B0 ^ -> Y v  OAI21X2    0.085  1.381    1.393  
      u_compute/u_array_rows[0].cols[0].u_mac/mul_28_24_g4332__2398          CI v -> S ^  ADDFHXL    0.289  1.670    1.682  
      u_compute/u_array_rows[0].cols[0].u_mac/mul_28_24_g4324__9315          B ^ -> Y v   NOR2X2     0.064  1.733    1.745  
      u_compute/u_array_rows[0].cols[0].u_mac/g4644                          B v -> Y v   OR2X6      0.134  1.867    1.880  
      u_compute/u_array_rows[0].cols[0].u_mac/mul_28_24_g4307__2802          C v -> Y ^   NOR4X4     0.134  2.001    2.013  
      u_compute/u_array_rows[0].cols[0].u_mac/mul_28_24_g4303__5526          B ^ -> Y v   NOR2X6     0.088  2.089    2.101  
      u_compute/u_array_rows[0].cols[0].u_mac/FE_RC_7401_0                   A1 v -> Y ^  OAI21X4    0.070  2.159    2.172  
      u_compute/u_array_rows[0].cols[0].u_mac/FE_RC_7517_0                   B ^ -> Y v   NOR2BX2    0.054  2.213    2.226  
      u_compute/u_array_rows[0].cols[0].u_mac/FE_RC_7516_0                   B0 v -> Y ^  AOI21X2    0.053  2.267    2.279  
      u_compute/u_array_rows[0].cols[0].u_mac/g_pipelined.product_q_reg[13]  D ^          DFFXL      0.000  2.267    2.279  
      -----------------------------------------------------------------------------------------------------------------------
Path 13: MET Setup Check with Pin u_memory/rd_data_reg[61]/CK 
Endpoint:   u_memory/rd_data_reg[61]/D (v) checked with  leading edge of 'core_clk'
Beginpoint: u_reader/address_reg[3]/Q  (v) triggered by  leading edge of 'core_clk'
Path Groups: {core_clk}
Analysis View: setup_view
Other End Arrival Time          0.536
- Setup                         0.033
+ Phase Shift                   2.000
+ CPPR Adjustment               0.000
- Uncertainty                   0.100
= Required Time                 2.404
- Arrival Time                  2.391
= Slack Time                    0.013
     Clock Rise Edge                 0.000
     + Clock Network Latency (Prop)  0.263
     = Beginpoint Arrival Time       0.263
      -----------------------------------------------------------------------------------
      Instance                            Arc          Cell      Delay  Arrival  Required  
                                                                        Time     Time  
      -----------------------------------------------------------------------------------
      u_reader/address_reg[3]             CK ^         -         -      0.263    0.276  
      u_reader/address_reg[3]             CK ^ -> Q v  DFFHQX4   0.293  0.556    0.570  
      u_reader/FE_RC_7006_0               A v -> Y v   BUFX12    0.116  0.673    0.686  
      u_memory/FE_OCPC5943_mem_rd_addr_3  A v -> Y ^   INVX3     0.051  0.724    0.737  
      u_memory/FE_OFC7653_FE_OCPN4977_n   A ^ -> Y v   CLKINVX4  0.066  0.789    0.803  
      u_memory/FE_OFC7655_FE_OCPN4977_n   A v -> Y v   BUFX12    0.170  0.959    0.973  
      u_memory/g582473                    B1 v -> Y ^  AOI22X1   0.160  1.119    1.132  
      u_memory/g579996                    A1 ^ -> Y v  OAI22X1   0.147  1.266    1.280  
      u_memory/g573110                    A1 v -> Y ^  AOI22X1   0.122  1.389    1.402  
      u_memory/g571165                    A1 ^ -> Y v  OAI22XL   0.152  1.541    1.554  
      u_memory/FE_OFC8664_n_11924         A v -> Y v   BUFX2     0.241  1.782    1.795  
      u_memory/g570571                    B1 v -> Y ^  AOI22X2   0.119  1.901    1.914  
      u_memory/FE_RC_905_0                A1 ^ -> Y v  OAI22X4   0.133  2.034    2.047  
      u_memory/FE_RC_6631_0               B v -> Y ^   NAND2BX4  0.066  2.100    2.113  
      u_memory/FE_RC_6629_0               B ^ -> Y v   NAND3BX4  0.135  2.235    2.248  
      u_memory/FE_RC_134_0                A v -> Y ^   NAND2X8   0.106  2.341    2.354  
      u_memory/FE_RC_5558_0               B ^ -> Y v   NOR2BX4   0.050  2.391    2.404  
      u_memory/rd_data_reg[61]            D v          DFFHQX1   0.000  2.391    2.404  
      -----------------------------------------------------------------------------------
Path 14: MET Setup Check with Pin u_compute/u_array_rows[0].cols[1].u_mac/g_pipelined.product_q_reg[12]/CK 
Endpoint:   u_compute/u_array_rows[0].cols[1].u_mac/g_pipelined.product_q_reg[12]/D (^) checked with  leading edge of 'core_clk'
Beginpoint: u_reader/out_data_reg[3]/Q                                              (^) triggered by  leading edge of 'core_clk'
Path Groups: {core_clk}
Analysis View: setup_view
Other End Arrival Time          0.489
- Setup                         0.103
+ Phase Shift                   2.000
+ CPPR Adjustment               0.000
- Uncertainty                   0.100
= Required Time                 2.286
- Arrival Time                  2.272
= Slack Time                    0.013
     Clock Rise Edge                 0.000
     + Clock Network Latency (Prop)  0.325
     = Beginpoint Arrival Time       0.325
      -----------------------------------------------------------------------------------------------------------------------
      Instance                                                               Arc          Cell       Delay  Arrival  Required  
                                                                                                            Time     Time  
      -----------------------------------------------------------------------------------------------------------------------
      u_reader/out_data_reg[3]                                               CK ^         -          -      0.325    0.338  
      u_reader/out_data_reg[3]                                               CK ^ -> Q ^  DFFHQX8    0.322  0.648    0.661  
      u_compute/u_array_rows[0].cols[1].u_mac/mul_28_24_g4563__8246          B ^ -> Y v   NAND2X2    0.127  0.775    0.788  
      u_compute/u_array_rows[0].cols[1].u_mac/FE_RC_7551_0                   A v -> Y ^   INVX1      0.077  0.852    0.865  
      u_compute/u_array_rows[0].cols[1].u_mac/FE_RC_7550_0                   B ^ -> Y v   MXI2X1     0.112  0.964    0.977  
      u_compute/u_array_rows[0].cols[1].u_mac/mul_28_24_g4448__8428          B v -> Y ^   CLKXOR2X1  0.186  1.151    1.164  
      u_compute/u_array_rows[0].cols[1].u_mac/FE_RC_7635_0                   A1 ^ -> Y v  AOI21X2    0.109  1.260    1.273  
      u_compute/u_array_rows[0].cols[1].u_mac/FE_RC_6813_0                   B v -> Y ^   NOR2X2     0.081  1.341    1.354  
      u_compute/u_array_rows[0].cols[1].u_mac/FE_RC_7596_0                   B0 ^ -> Y v  AOI21X2    0.050  1.391    1.404  
      u_compute/u_array_rows[0].cols[1].u_mac/mul_28_24_g4332__9315          CI v -> S ^  ADDFHX1    0.296  1.687    1.700  
      u_compute/u_array_rows[0].cols[1].u_mac/mul_28_24_g4324__8246          B ^ -> Y v   NOR2X2     0.062  1.749    1.762  
      u_compute/u_array_rows[0].cols[1].u_mac/g4646                          B v -> Y v   OR2X1      0.121  1.870    1.884  
      u_compute/u_array_rows[0].cols[1].u_mac/FE_RC_9525_0                   A v -> Y ^   NOR3X2     0.123  1.994    2.007  
      u_compute/u_array_rows[0].cols[1].u_mac/mul_28_24_g4303__7410          A ^ -> Y v   NOR2X4     0.084  2.078    2.091  
      u_compute/u_array_rows[0].cols[1].u_mac/mul_28_24_g4300__2883          A v -> Y ^   XNOR2XL    0.194  2.272    2.286  
      u_compute/u_array_rows[0].cols[1].u_mac/g_pipelined.product_q_reg[12]  D ^          DFFHQX1    0.000  2.272    2.286  
      -----------------------------------------------------------------------------------------------------------------------
Path 15: MET Setup Check with Pin u_memory/rd_data_reg[27]/CK 
Endpoint:   u_memory/rd_data_reg[27]/D (v) checked with  leading edge of 'core_clk'
Beginpoint: u_reader/address_reg[3]/Q  (^) triggered by  leading edge of 'core_clk'
Path Groups: {core_clk}
Analysis View: setup_view
Other End Arrival Time          0.540
- Setup                         0.039
+ Phase Shift                   2.000
+ CPPR Adjustment               0.000
- Uncertainty                   0.100
= Required Time                 2.402
- Arrival Time                  2.388
= Slack Time                    0.013
     Clock Rise Edge                 0.000
     + Clock Network Latency (Prop)  0.263
     = Beginpoint Arrival Time       0.263
      -------------------------------------------------------------------------------------
      Instance                            Arc          Cell        Delay  Arrival  Required  
                                                                          Time     Time  
      -------------------------------------------------------------------------------------
      u_reader/address_reg[3]             CK ^         -           -      0.263    0.276  
      u_reader/address_reg[3]             CK ^ -> Q ^  DFFHQX4     0.267  0.530    0.543  
      u_memory/FE_OCPC5918_mem_rd_addr_3  A ^ -> Y v   INVX2       0.069  0.598    0.612  
      u_memory/FE_RC_3827_0               B v -> Y ^   NAND2X6     0.046  0.645    0.658  
      u_memory/g583278                    B ^ -> Y v   NOR2X6      0.046  0.691    0.704  
      u_memory/g582123                    B v -> Y v   CLKAND2X12  0.141  0.832    0.845  
      u_memory/g580971                    A v -> Y v   AND2X6      0.207  1.039    1.052  
      u_memory/g573570                    A1 v -> Y ^  AOI22X1     0.177  1.216    1.229  
      u_memory/FE_RC_4397_0               C ^ -> Y v   NAND4X1     0.191  1.407    1.420  
      u_memory/FE_OFC9140_n_11756         A v -> Y v   CLKBUFX4    0.157  1.565    1.578  
      u_memory/FE_OFC8653_n_11756         A v -> Y v   BUFX2       0.093  1.657    1.671  
      u_memory/FE_RC_8384_0               C v -> Y ^   NOR4BX4     0.122  1.779    1.792  
      u_memory/FE_OFC8157_n_12450         A ^ -> Y ^   BUFX12      0.142  1.921    1.934  
      u_memory/FE_RC_122_0                B ^ -> Y ^   CLKAND2X6   0.111  2.032    2.045  
      u_memory/FE_RC_121_0                B ^ -> Y v   NAND2X8     0.196  2.228    2.241  
      u_memory/FE_RC_183_0                B v -> Y ^   NOR2X6      0.109  2.336    2.350  
      u_memory/FE_RC_181_0                B ^ -> Y v   NOR2BX4     0.052  2.388    2.401  
      u_memory/rd_data_reg[27]            D v          DFFHQX1     0.000  2.388    2.402  
      -------------------------------------------------------------------------------------
Path 16: MET Setup Check with Pin u_compute/u_array_rows[0].cols[1].u_mac/acc_reg[31]/CK 
Endpoint:   u_compute/u_array_rows[0].cols[1].u_mac/acc_reg[31]/D                   (^) checked with  leading edge of 'core_clk'
Beginpoint: u_compute/u_array_rows[0].cols[1].u_mac/g_pipelined.product_q_reg[15]/Q (^) triggered by  leading edge of 'core_clk'
Path Groups: {core_clk}
Analysis View: setup_view
Other End Arrival Time          0.508
- Setup                         0.111
+ Phase Shift                   2.000
+ CPPR Adjustment               0.000
- Uncertainty                   0.100
= Required Time                 2.297
- Arrival Time                  2.284
= Slack Time                    0.013
     Clock Rise Edge                 0.000
     + Clock Network Latency (Prop)  0.490
     = Beginpoint Arrival Time       0.490
      ------------------------------------------------------------------------------------------------------------------------
      Instance                                                               Arc           Cell       Delay  Arrival  Required  
                                                                                                             Time     Time  
      ------------------------------------------------------------------------------------------------------------------------
      u_compute/u_array_rows[0].cols[1].u_mac/g_pipelined.product_q_reg[15]  CK ^          -          -      0.490    0.504  
      u_compute/u_array_rows[0].cols[1].u_mac/g_pipelined.product_q_reg[15]  CK ^ -> Q ^   DFFHQX8    0.298  0.788    0.802  
      u_compute/u_array_rows[0].cols[1].u_mac/add_65_36_g1375__2398          A ^ -> Y v    NOR2X1     0.077  0.865    0.878  
      u_compute/u_array_rows[0].cols[1].u_mac/add_65_36_g1310__1666          B v -> Y ^    NOR2X1     0.077  0.942    0.955  
      u_compute/u_array_rows[0].cols[1].u_mac/add_65_36_g1268__8246          B ^ -> Y v    NAND2X1    0.156  1.098    1.111  
      u_compute/u_array_rows[0].cols[1].u_mac/add_65_36_g1260                A v -> Y ^    INVX1      0.115  1.212    1.225  
      u_compute/u_array_rows[0].cols[1].u_mac/add_65_36_g1247__2346          A0 ^ -> Y v   AOI21X1    0.169  1.381    1.394  
      u_compute/u_array_rows[0].cols[1].u_mac/FE_RC_7240_0                   B0 v -> Y ^   OAI31X4    0.109  1.490    1.503  
      u_compute/u_array_rows[0].cols[1].u_mac/add_65_36_g1212__2346          A1 ^ -> Y v   AOI21X2    0.143  1.633    1.646  
      u_compute/u_array_rows[0].cols[1].u_mac/add_65_36_g1202__7098          A1 v -> Y ^   OAI21X2    0.110  1.743    1.757  
      u_compute/u_array_rows[0].cols[1].u_mac/add_65_36_g1190__5107          A1N ^ -> Y ^  OAI2BB1X1  0.156  1.899    1.912  
      u_compute/u_array_rows[0].cols[1].u_mac/add_65_36_g1178__7482          A1N ^ -> Y ^  OAI2BB1X1  0.132  2.031    2.044  
      u_compute/u_array_rows[0].cols[1].u_mac/add_65_36_g1174__7098          B ^ -> Y ^    XNOR2XL    0.116  2.148    2.161  
      u_compute/u_array_rows[0].cols[1].u_mac/g663__8428                     B ^ -> Y v    NAND2X1    0.063  2.211    2.224  
      u_compute/u_array_rows[0].cols[1].u_mac/g656__7410                     B v -> Y ^    NOR2X1     0.073  2.284    2.297  
      u_compute/u_array_rows[0].cols[1].u_mac/acc_reg[31]                    D ^           DFFHQX1    0.000  2.284    2.297  
      ------------------------------------------------------------------------------------------------------------------------
Path 17: MET Setup Check with Pin u_compute/u_array_rows[1].cols[3].u_mac/g_pipelined.product_q_reg[14]/CK 
Endpoint:   u_compute/u_array_rows[1].cols[3].u_mac/g_pipelined.product_q_reg[14]/D (^) checked with  leading edge of 'core_clk'
Beginpoint: u_reader/out_data_reg[60]/Q                                             (v) triggered by  leading edge of 'core_clk'
Path Groups: {core_clk}
Analysis View: setup_view
Other End Arrival Time          0.486
- Setup                         0.112
+ Phase Shift                   2.000
+ CPPR Adjustment               0.000
- Uncertainty                   0.100
= Required Time                 2.274
- Arrival Time                  2.259
= Slack Time                    0.014
     Clock Rise Edge                 0.000
     + Clock Network Latency (Prop)  0.326
     = Beginpoint Arrival Time       0.326
      ---------------------------------------------------------------------------------------------------------------------
      Instance                                                               Arc          Cell     Delay  Arrival  Required  
                                                                                                          Time     Time  
      ---------------------------------------------------------------------------------------------------------------------
      u_reader/out_data_reg[60]                                              CK ^         -        -      0.326    0.341  
      u_reader/out_data_reg[60]                                              CK ^ -> Q v  DFFHQX8  0.380  0.706    0.721  
      u_compute/u_array_rows[1].cols[3].u_mac/FE_OFC4799_operand_word_60     A v -> Y ^   INVX3    0.113  0.820    0.834  
      u_compute/u_array_rows[1].cols[3].u_mac/mul_28_24_g4566                B ^ -> Y v   NOR2X2   0.057  0.877    0.891  
      u_compute/u_array_rows[1].cols[3].u_mac/mul_28_24_g4426                B v -> CO v  ADDFHX1  0.170  1.046    1.060  
      u_compute/u_array_rows[1].cols[3].u_mac/mul_28_24_g4381                CI v -> S ^  ADDFHXL  0.288  1.334    1.348  
      u_compute/u_array_rows[1].cols[3].u_mac/FE_RC_8893_0                   A ^ -> Y v   NAND2X2  0.102  1.436    1.450  
      u_compute/u_array_rows[1].cols[3].u_mac/FE_RC_8892_0                   B0 v -> Y ^  OAI21X2  0.052  1.488    1.502  
      u_compute/u_array_rows[1].cols[3].u_mac/FE_RC_6858_0                   B ^ -> Y v   NAND2X1  0.093  1.581    1.595  
      u_compute/u_array_rows[1].cols[3].u_mac/FE_RC_6857_0                   B0 v -> Y ^  OAI21X1  0.069  1.650    1.664  
      u_compute/u_array_rows[1].cols[3].u_mac/mul_28_24_g4339                B ^ -> Y v   NAND2X1  0.122  1.772    1.786  
      u_compute/u_array_rows[1].cols[3].u_mac/mul_28_24_g4310_dup            AN v -> Y v  NOR2BX2  0.131  1.903    1.917  
      u_compute/u_array_rows[1].cols[3].u_mac/mul_28_24_g4307                D v -> Y ^   NOR4X6   0.090  1.993    2.008  
      u_compute/u_array_rows[1].cols[3].u_mac/mul_28_24_g4303                A ^ -> Y v   NOR2X6   0.083  2.077    2.091  
      u_compute/u_array_rows[1].cols[3].u_mac/FE_RC_1048_0                   A1 v -> Y ^  OAI21X4  0.071  2.148    2.162  
      u_compute/u_array_rows[1].cols[3].u_mac/FE_RC_9505_0                   B ^ -> Y v   NOR2X2   0.057  2.204    2.219  
      u_compute/u_array_rows[1].cols[3].u_mac/FE_RC_9504_0                   B0 v -> Y ^  AOI21X2  0.055  2.259    2.274  
      u_compute/u_array_rows[1].cols[3].u_mac/g_pipelined.product_q_reg[14]  D ^          DFFQXL   0.000  2.259    2.274  
      ---------------------------------------------------------------------------------------------------------------------
Path 18: MET Setup Check with Pin u_compute/u_array_rows[2].cols[3].u_mac/g_pipelined.product_q_reg[12]/CK 
Endpoint:   u_compute/u_array_rows[2].cols[3].u_mac/g_pipelined.product_q_reg[12]/D (^) checked with  leading edge of 'core_clk'
Beginpoint: u_reader/out_data_reg[63]/Q                                             (^) triggered by  leading edge of 'core_clk'
Path Groups: {core_clk}
Analysis View: setup_view
Other End Arrival Time          0.482
- Setup                         0.108
+ Phase Shift                   2.000
+ CPPR Adjustment               0.000
- Uncertainty                   0.100
= Required Time                 2.274
- Arrival Time                  2.260
= Slack Time                    0.015
     Clock Rise Edge                 0.000
     + Clock Network Latency (Prop)  0.326
     = Beginpoint Arrival Time       0.326
      -----------------------------------------------------------------------------------------------------------------------
      Instance                                                               Arc          Cell       Delay  Arrival  Required  
                                                                                                            Time     Time  
      -----------------------------------------------------------------------------------------------------------------------
      u_reader/out_data_reg[63]                                              CK ^         -          -      0.326    0.340  
      u_reader/out_data_reg[63]                                              CK ^ -> Q ^  DFFHQX4    0.256  0.582    0.597  
      u_compute/FE_OCPC6050_operand_word_63                                  A ^ -> Y ^   CLKBUFX20  0.102  0.684    0.698  
      u_compute/u_array_rows[2].cols[3].u_mac/mul_28_24_g4599                AN ^ -> Y ^  NOR2BX2    0.140  0.823    0.838  
      u_compute/u_array_rows[2].cols[3].u_mac/mul_28_24_g4457                A1 ^ -> Y v  AOI21X2    0.100  0.924    0.938  
      u_compute/u_array_rows[2].cols[3].u_mac/mul_28_24_g4454                B v -> Y ^   NOR2X2     0.089  1.013    1.028  
      u_compute/u_array_rows[2].cols[3].u_mac/FE_RC_1506_0                   B ^ -> Y v   NAND2X2    0.087  1.099    1.114  
      u_compute/u_array_rows[2].cols[3].u_mac/FE_RC_1504_0                   B0 v -> Y ^  OAI21X2    0.056  1.155    1.170  
      u_compute/u_array_rows[2].cols[3].u_mac/mul_28_24_g4359                CI ^ -> S v  ADDFHXL    0.266  1.421    1.435  
      u_compute/u_array_rows[2].cols[3].u_mac/mul_28_24_g4331                B v -> S ^   ADDFHX1    0.299  1.719    1.734  
      u_compute/u_array_rows[2].cols[3].u_mac/mul_28_24_g4322                B ^ -> Y v   NOR2X2     0.077  1.796    1.811  
      u_compute/u_array_rows[2].cols[3].u_mac/FE_RC_6648_0                   B v -> Y v   OR2X6      0.146  1.942    1.957  
      u_compute/u_array_rows[2].cols[3].u_mac/FE_RC_6647_0                   C v -> Y ^   NOR3X6     0.060  2.002    2.017  
      u_compute/u_array_rows[2].cols[3].u_mac/mul_28_24_g4303                A ^ -> Y v   NOR2X4     0.063  2.065    2.080  
      u_compute/u_array_rows[2].cols[3].u_mac/mul_28_24_g4300                A v -> Y ^   XNOR2XL    0.194  2.260    2.274  
      u_compute/u_array_rows[2].cols[3].u_mac/g_pipelined.product_q_reg[12]  D ^          DFFHQX1    0.000  2.260    2.274  
      -----------------------------------------------------------------------------------------------------------------------
Path 19: MET Setup Check with Pin u_memory/rd_data_reg[7]/CK 
Endpoint:   u_memory/rd_data_reg[7]/D (v) checked with  leading edge of 'core_clk'
Beginpoint: u_reader/address_reg[7]/Q (v) triggered by  leading edge of 'core_clk'
Path Groups: {core_clk}
Analysis View: setup_view
Other End Arrival Time          0.538
- Setup                         0.038
+ Phase Shift                   2.000
+ CPPR Adjustment               0.000
- Uncertainty                   0.100
= Required Time                 2.400
- Arrival Time                  2.385
= Slack Time                    0.015
     Clock Rise Edge                 0.000
     + Clock Network Latency (Prop)  0.263
     = Beginpoint Arrival Time       0.263
      ------------------------------------------------------------------------------
      Instance                     Arc          Cell        Delay  Arrival  Required  
                                                                   Time     Time  
      ------------------------------------------------------------------------------
      u_reader/address_reg[7]      CK ^         -           -      0.263    0.278  
      u_reader/address_reg[7]      CK ^ -> Q v  DFFQX2      0.256  0.519    0.534  
      u_memory/FE_OFC9078_FE_RN_1  A v -> Y ^   INVX3       0.049  0.567    0.583  
      u_memory/FE_OFC9081_FE_RN_1  A ^ -> Y ^   CLKBUFX6    0.089  0.656    0.671  
      u_memory/g583277             B ^ -> Y v   NOR2X4      0.040  0.696    0.711  
      u_memory/g582134             B v -> Y v   CLKAND2X12  0.125  0.821    0.836  
      u_memory/FE_OFC5060_n_2405   A v -> Y ^   CLKINVX8    0.064  0.886    0.901  
      u_memory/g580799             B ^ -> Y v   NOR2X2      0.053  0.938    0.953  
      u_memory/FE_OFC8772_n_2626   A v -> Y v   CLKBUFX8    0.172  1.110    1.125  
      u_memory/g575907             B1 v -> Y ^  AOI22X1     0.147  1.257    1.272  
      u_memory/g571916             A ^ -> Y v   NAND4X1     0.261  1.518    1.533  
      u_memory/FE_OFC2549_n_11173  A v -> Y v   BUFX2       0.168  1.687    1.702  
      u_memory/g570780             D v -> Y ^   NOR4X1      0.077  1.764    1.779  
      u_memory/FE_OFC8385_n_12309  A ^ -> Y ^   BUFX2       0.163  1.928    1.943  
      u_memory/FE_RC_932_0         B ^ -> Y ^   CLKAND2X3   0.115  2.043    2.058  
      u_memory/FE_RC_931_0         B ^ -> Y v   NAND3X4     0.102  2.145    2.160  
      u_memory/FE_OFC4230_n_12656  A v -> Y v   BUFX12      0.137  2.282    2.297  
      u_memory/FE_RC_395_0         A v -> Y ^   NOR2X6      0.062  2.344    2.359  
      u_memory/FE_RC_394_0         B ^ -> Y v   NOR2X2      0.041  2.385    2.400  
      u_memory/rd_data_reg[7]      D v          DFFHQX1     0.000  2.385    2.400  
      ------------------------------------------------------------------------------
Path 20: MET Setup Check with Pin u_compute/u_array_rows[3].cols[1].u_mac/g_pipelined.product_q_reg[15]/CK 
Endpoint:   u_compute/u_array_rows[3].cols[1].u_mac/g_pipelined.product_q_reg[15]/D (^) checked with  leading edge of 'core_clk'
Beginpoint: u_reader/out_data_reg[47]/Q                                             (^) triggered by  leading edge of 'core_clk'
Path Groups: {core_clk}
Analysis View: setup_view
Other End Arrival Time          0.484
- Setup                         0.112
+ Phase Shift                   2.000
+ CPPR Adjustment               0.000
- Uncertainty                   0.100
= Required Time                 2.272
- Arrival Time                  2.257
= Slack Time                    0.016
     Clock Rise Edge                 0.000
     + Clock Network Latency (Prop)  0.325
     = Beginpoint Arrival Time       0.325
      -------------------------------------------------------------------------------------------------------------------------
      Instance                                                               Arc            Cell       Delay  Arrival  Required  
                                                                                                              Time     Time  
      -------------------------------------------------------------------------------------------------------------------------
      u_reader/out_data_reg[47]                                              CK ^           -          -      0.325    0.341  
      u_reader/out_data_reg[47]                                              CK ^ -> Q ^    DFFQX2     0.240  0.565    0.581  
      u_compute/FE_OFC4551_operand_word_47                                   A ^ -> Y ^     CLKBUFX20  0.116  0.681    0.697  
      u_compute/u_array_rows[3].cols[1].u_mac/mul_28_24_g4599                AN ^ -> Y ^    NOR2BX2    0.162  0.844    0.859  
      u_compute/u_array_rows[3].cols[1].u_mac/mul_28_24_g4457                A1 ^ -> Y v    AOI21X1    0.118  0.961    0.977  
      u_compute/u_array_rows[3].cols[1].u_mac/mul_28_24_g4454                B v -> Y ^     NOR2X2     0.083  1.045    1.060  
      u_compute/u_array_rows[3].cols[1].u_mac/mul_28_24_g4591                B ^ -> Y ^     CLKXOR2X1  0.171  1.215    1.231  
      u_compute/u_array_rows[3].cols[1].u_mac/FE_RC_7391_0                   CI ^ -> CON v  ACHCONX2   0.107  1.322    1.338  
      u_compute/u_array_rows[3].cols[1].u_mac/FE_RC_7392_0                   A v -> Y ^     INVX3      0.076  1.398    1.414  
      u_compute/u_array_rows[3].cols[1].u_mac/FE_RC_7457_0                   A ^ -> Y v     INVX1      0.043  1.441    1.457  
      u_compute/u_array_rows[3].cols[1].u_mac/FE_RC_7456_0                   B v -> Y ^     NAND2BX1   0.037  1.478    1.493  
      u_compute/u_array_rows[3].cols[1].u_mac/FE_RC_7453_0                   B ^ -> Y v     NAND2BX1   0.077  1.555    1.570  
      u_compute/u_array_rows[3].cols[1].u_mac/FE_RC_7452_0                   B v -> Y ^     NAND2X2    0.060  1.615    1.631  
      u_compute/u_array_rows[3].cols[1].u_mac/FE_RC_7447_0                   B ^ -> Y v     NAND2BX2   0.092  1.707    1.723  
      u_compute/u_array_rows[3].cols[1].u_mac/mul_28_24_g4323                B v -> Y ^     NOR2X4     0.083  1.790    1.806  
      u_compute/u_array_rows[3].cols[1].u_mac/FE_RC_7489_0                   A ^ -> Y v     NOR2X2     0.064  1.854    1.870  
      u_compute/u_array_rows[3].cols[1].u_mac/FE_RC_7488_0                   B v -> Y ^     NOR2X4     0.053  1.908    1.923  
      u_compute/u_array_rows[3].cols[1].u_mac/FE_RC_7334_0                   B0 ^ -> Y v    OAI21X4    0.082  1.990    2.005  
      u_compute/u_array_rows[3].cols[1].u_mac/mul_28_24_g4303                B v -> Y ^     NOR2X4     0.081  2.070    2.086  
      u_compute/u_array_rows[3].cols[1].u_mac/g5                             A1 ^ -> Y v    OAI21X4    0.100  2.171    2.186  
      u_compute/u_array_rows[3].cols[1].u_mac/FE_RC_7267_0                   A1 v -> Y ^    AOI21X2    0.086  2.257    2.272  
      u_compute/u_array_rows[3].cols[1].u_mac/g_pipelined.product_q_reg[15]  D ^            DFFHQX2    0.000  2.257    2.272  
      -------------------------------------------------------------------------------------------------------------------------

