###############################################################
#  Generated by:      Cadence Tempus 21.19-s058_1
#  OS:                Linux x86_64(Host ID ece-rh810-16)
#  Generated on:      Tue Sep 29 11:35:26 2026
#  Design:            accel_top
#  Command:           report_constraint -all_violators > rpt/all_violators.rpt
###############################################################
# format : frame 0 : split 1

max_delay/setup
---------------------------
      -------------------------------------------------------------------------------------------------------------------------------------------  
       End Point                                  Slack                                         Cause                                       View   
      -------------------------------------------------------------------------------------------------------------------------------------------  
      u_memory/rd_data_reg[49]/D f               -0.002     VIOLATED                                   setup_view
      -------------------------------------------------------------------------------------------------------------------------------------------

min_delay/hold
---------------------------
      -------------------------------------------------------------------------------------------------------------------------------------------  
       End Point                                  Slack                                         Cause                                       View   
      -------------------------------------------------------------------------------------------------------------------------------------------  
      u_memory/mem_reg[51][19]/D f               -0.007     VIOLATED                                   hold_view
      u_memory/mem_reg[140][19]/D f              -0.007     VIOLATED                                   hold_view
      u_memory/mem_reg[7][19]/D f                -0.006     VIOLATED                                   hold_view
      u_memory/mem_reg[50][19]/D f               -0.006     VIOLATED                                   hold_view
      u_memory/mem_reg[132][19]/D f              -0.006     VIOLATED                                   hold_view
      u_memory/mem_reg[141][19]/D f              -0.005     VIOLATED                                   hold_view
      u_memory/mem_reg[133][19]/D f              -0.005     VIOLATED                                   hold_view
      u_memory/mem_reg[59][19]/D f               -0.005     VIOLATED                                   hold_view
      u_memory/mem_reg[12][19]/D f               -0.005     VIOLATED                                   hold_view
      u_memory/mem_reg[5][19]/D f                -0.005     VIOLATED                                   hold_view
      u_memory/mem_reg[58][19]/D f               -0.005     VIOLATED                                   hold_view
      u_memory/mem_reg[4][19]/D f                -0.005     VIOLATED                                   hold_view
      u_memory/mem_reg[14][19]/D f               -0.004     VIOLATED                                   hold_view
      u_memory/mem_reg[13][19]/D f               -0.004     VIOLATED                                   hold_view
      u_memory/mem_reg[55][19]/D f               -0.003     VIOLATED                                   hold_view
      u_memory/mem_reg[187][19]/D f              -0.003     VIOLATED                                   hold_view
      u_memory/mem_reg[186][19]/D f              -0.002     VIOLATED                                   hold_view
      u_memory/mem_reg[62][19]/D f               -0.002     VIOLATED                                   hold_view
      u_memory/mem_reg[54][19]/D f               -0.002     VIOLATED                                   hold_view
      u_memory/mem_reg[105][19]/D f              -0.001     VIOLATED                                   hold_view
      u_memory/mem_reg[59][43]/D f               -0.001     VIOLATED                                   hold_view
      u_memory/mem_reg[179][19]/D f              -0.001     VIOLATED                                   hold_view
      u_memory/mem_reg[178][19]/D f              -0.001     VIOLATED                                   hold_view
      u_memory/mem_reg[164][43]/D f              0.000      VIOLATED                                   hold_view
      u_memory/mem_reg[58][43]/D f               0.000      VIOLATED                                   hold_view
      u_memory/mem_reg[48][19]/D f               0.000      VIOLATED                                   hold_view
      u_memory/mem_reg[15][19]/D f               0.000      VIOLATED                                   hold_view
      u_memory/mem_reg[49][19]/D f               0.000      VIOLATED                                   hold_view
      u_memory/mem_reg[52][19]/D f               0.000      VIOLATED                                   hold_view
      u_memory/mem_reg[160][35]/D f              0.000      VIOLATED                                   hold_view
      u_memory/mem_reg[165][43]/D f              0.000      VIOLATED                                   hold_view
      -------------------------------------------------------------------------------------------------------------------------------------------

Check type : clock_period
---------------------------
No paths found

Check type : skew
---------------------------
No paths found

Check type : pulse_width
---------------------------
 No violating Checks with given description found

Check type : max_transition
---------------------------
 No Violations found

Check type : min_transition
---------------------------
 No Violations found

Check type : max_capacitance
---------------------------
 No Violations found

Check type : min_capacitance
---------------------------
 No Violations found

Check type : max_fanout
---------------------------
 No Violations found

Check type : min_fanout
---------------------------
 No Violations found

Check type : pulse_clock_max_transition_rise_transitive_fanout
---------------------------
 No Violations found

Check type : pulse_clock_max_transition_fall_transitive_fanout
---------------------------
 No Violations found

Check type : pulse_clock_max_transition_rise
---------------------------
 No Violations found

Check type : pulse_clock_max_transition_fall
---------------------------
 No Violations found

Check type : pulse_clock_min_transition_rise_transitive_fanout
---------------------------
 No Violations found

Check type : pulse_clock_min_transition_fall_transitive_fanout
---------------------------
 No Violations found

Check type : pulse_clock_min_transition_rise
---------------------------
 No Violations found

Check type : pulse_clock_min_transition_fall
---------------------------
 No Violations found
