###############################################################
#  Generated by:      Cadence Tempus 21.19-s058_1
#  OS:                Linux x86_64(Host ID ece-rh810-16)
#  Generated on:      Tue Sep 29 11:35:26 2026
#  Design:            accel_top
#  Command:           report_analysis_summary            > rpt/analysis_summary.rpt
###############################################################

REPORT ANALYSIS SUMMARY (View:setup_view) (EL:Setup)
=========================================================================================================================================================================================================

GroupType:Standard
=========================================================================================================================================================================================================

         All                             IN2REG                          IN2OUT                           REG2REG                              REG2OUT
    -----------------------------------------------------------------------------------------------------------------------------------------------------------------------------------------------------  
     WNS:TNS:#VIO                     WNS:TNS:#VIO                     WNS:TNS:#VIO                     WNS:TNS:#VIO                     WNS:TNS:#VIO                     FromClk->ToClk                   
    -----------------------------------------------------------------------------------------------------------------------------------------------------------------------------------------------------  
    -0.002:-0.002:1                  0.000:0.000:0                    0.000:0.000:0                    -0.002:-0.002:1                  0.000:0.000:0                    *->core_clk

REPORT ANALYSIS SUMMARY (View:hold_view) (EL:Hold)
=========================================================================================================================================================================================================

GroupType:Standard
=========================================================================================================================================================================================================

         All                             IN2REG                          IN2OUT                           REG2REG                              REG2OUT
    -----------------------------------------------------------------------------------------------------------------------------------------------------------------------------------------------------  
     WNS:TNS:#VIO                     WNS:TNS:#VIO                     WNS:TNS:#VIO                     WNS:TNS:#VIO                     WNS:TNS:#VIO                     FromClk->ToClk                   
    -----------------------------------------------------------------------------------------------------------------------------------------------------------------------------------------------------  
    -0.007:-0.092:31                 -0.007:-0.092:31                 0.000:0.000:0                    0.000:0.000:0                    0.000:0.000:0                    *->core_clk
