###############################################################
#  Generated by:      Cadence Tempus 21.19-s058_1
#  OS:                Linux x86_64(Host ID ece-rh810-16)
#  Generated on:      Tue Sep 29 11:35:26 2026
#  Design:            accel_top
#  Command:           report_timing -early -max_paths 20 > rpt/hold_paths.rpt
###############################################################
Path 1: VIOLATED Hold Check with Pin u_memory/mem_reg[51][19]/CK 
Endpoint:   u_memory/mem_reg[51][19]/D (v) checked with  leading edge of 'core_clk'
Beginpoint: wr_data[19]                (v) triggered by  leading edge of 'core_clk'
Path Groups: {core_clk}
Analysis View: hold_view
Other End Arrival Time          0.165
+ Hold                         -0.005
+ Phase Shift                   0.000
- CPPR Adjustment               0.000
+ Uncertainty                   0.100
= Required Time                 0.260
  Arrival Time                  0.252
  Slack Time                   -0.007
     Clock Rise Edge                      0.000
     + Input Delay                        0.200
     = Beginpoint Arrival Time            0.200
      ------------------------------------------------------------------------------
      Instance                       Arc            Cell    Delay  Arrival  Required  
                                                                   Time     Time  
      ------------------------------------------------------------------------------
      -                              wr_data[19] v  -       -      0.200    0.207  
      u_memory/FE_OFC384_wr_data_19  A v -> Y v     BUFX12  0.048  0.248    0.255  
      u_memory/mem_reg[51][19]       D v            DFFQXL  0.004  0.252    0.260  
      ------------------------------------------------------------------------------
Path 2: VIOLATED Hold Check with Pin u_memory/mem_reg[140][19]/CK 
Endpoint:   u_memory/mem_reg[140][19]/D (v) checked with  leading edge of 'core_clk'
Beginpoint: wr_data[19]                 (v) triggered by  leading edge of 'core_clk'
Path Groups: {core_clk}
Analysis View: hold_view
Other End Arrival Time          0.153
+ Hold                         -0.001
+ Phase Shift                   0.000
- CPPR Adjustment               0.000
+ Uncertainty                   0.100
= Required Time                 0.251
  Arrival Time                  0.244
  Slack Time                   -0.007
     Clock Rise Edge                      0.000
     + Input Delay                        0.200
     = Beginpoint Arrival Time            0.200
      ------------------------------------------------------------------------------
      Instance                       Arc            Cell    Delay  Arrival  Required  
                                                                   Time     Time  
      ------------------------------------------------------------------------------
      -                              wr_data[19] v  -       -      0.200    0.207  
      u_memory/FE_OFC387_wr_data_19  A v -> Y v     BUFX2   0.044  0.244    0.251  
      u_memory/mem_reg[140][19]      D v            DFFQXL  0.000  0.244    0.251  
      ------------------------------------------------------------------------------
Path 3: VIOLATED Hold Check with Pin u_memory/mem_reg[7][19]/CK 
Endpoint:   u_memory/mem_reg[7][19]/D (v) checked with  leading edge of 'core_clk'
Beginpoint: wr_data[19]               (v) triggered by  leading edge of 'core_clk'
Path Groups: {core_clk}
Analysis View: hold_view
Other End Arrival Time          0.152
+ Hold                         -0.002
+ Phase Shift                   0.000
- CPPR Adjustment               0.000
+ Uncertainty                   0.100
= Required Time                 0.250
  Arrival Time                  0.244
  Slack Time                   -0.006
     Clock Rise Edge                      0.000
     + Input Delay                        0.200
     = Beginpoint Arrival Time            0.200
      ------------------------------------------------------------------------------
      Instance                       Arc            Cell    Delay  Arrival  Required  
                                                                   Time     Time  
      ------------------------------------------------------------------------------
      -                              wr_data[19] v  -       -      0.200    0.206  
      u_memory/FE_OFC387_wr_data_19  A v -> Y v     BUFX2   0.044  0.244    0.250  
      u_memory/mem_reg[7][19]        D v            DFFQXL  0.000  0.244    0.250  
      ------------------------------------------------------------------------------
Path 4: VIOLATED Hold Check with Pin u_memory/mem_reg[50][19]/CK 
Endpoint:   u_memory/mem_reg[50][19]/D (v) checked with  leading edge of 'core_clk'
Beginpoint: wr_data[19]                (v) triggered by  leading edge of 'core_clk'
Path Groups: {core_clk}
Analysis View: hold_view
Other End Arrival Time          0.164
+ Hold                         -0.006
+ Phase Shift                   0.000
- CPPR Adjustment               0.000
+ Uncertainty                   0.100
= Required Time                 0.259
  Arrival Time                  0.253
  Slack Time                   -0.006
     Clock Rise Edge                      0.000
     + Input Delay                        0.200
     = Beginpoint Arrival Time            0.200
      ------------------------------------------------------------------------------
      Instance                       Arc            Cell    Delay  Arrival  Required  
                                                                   Time     Time  
      ------------------------------------------------------------------------------
      -                              wr_data[19] v  -       -      0.200    0.206  
      u_memory/FE_OFC384_wr_data_19  A v -> Y v     BUFX12  0.048  0.248    0.254  
      u_memory/mem_reg[50][19]       D v            DFFQXL  0.005  0.253    0.259  
      ------------------------------------------------------------------------------
Path 5: VIOLATED Hold Check with Pin u_memory/mem_reg[132][19]/CK 
Endpoint:   u_memory/mem_reg[132][19]/D (v) checked with  leading edge of 'core_clk'
Beginpoint: wr_data[19]                 (v) triggered by  leading edge of 'core_clk'
Path Groups: {core_clk}
Analysis View: hold_view
Other End Arrival Time          0.151
+ Hold                         -0.001
+ Phase Shift                   0.000
- CPPR Adjustment               0.000
+ Uncertainty                   0.100
= Required Time                 0.250
  Arrival Time                  0.244
  Slack Time                   -0.006
     Clock Rise Edge                      0.000
     + Input Delay                        0.200
     = Beginpoint Arrival Time            0.200
      ------------------------------------------------------------------------------
      Instance                       Arc            Cell    Delay  Arrival  Required  
                                                                   Time     Time  
      ------------------------------------------------------------------------------
      -                              wr_data[19] v  -       -      0.200    0.206  
      u_memory/FE_OFC387_wr_data_19  A v -> Y v     BUFX2   0.044  0.244    0.250  
      u_memory/mem_reg[132][19]      D v            DFFQXL  0.000  0.244    0.250  
      ------------------------------------------------------------------------------
Path 6: VIOLATED Hold Check with Pin u_memory/mem_reg[141][19]/CK 
Endpoint:   u_memory/mem_reg[141][19]/D (v) checked with  leading edge of 'core_clk'
Beginpoint: wr_data[19]                 (v) triggered by  leading edge of 'core_clk'
Path Groups: {core_clk}
Analysis View: hold_view
Other End Arrival Time          0.151
+ Hold                         -0.002
+ Phase Shift                   0.000
- CPPR Adjustment               0.000
+ Uncertainty                   0.100
= Required Time                 0.250
  Arrival Time                  0.244
  Slack Time                   -0.005
     Clock Rise Edge                      0.000
     + Input Delay                        0.200
     = Beginpoint Arrival Time            0.200
      ------------------------------------------------------------------------------
      Instance                       Arc            Cell    Delay  Arrival  Required  
                                                                   Time     Time  
      ------------------------------------------------------------------------------
      -                              wr_data[19] v  -       -      0.200    0.205  
      u_memory/FE_OFC387_wr_data_19  A v -> Y v     BUFX2   0.044  0.244    0.249  
      u_memory/mem_reg[141][19]      D v            DFFQXL  0.000  0.244    0.250  
      ------------------------------------------------------------------------------
Path 7: VIOLATED Hold Check with Pin u_memory/mem_reg[133][19]/CK 
Endpoint:   u_memory/mem_reg[133][19]/D (v) checked with  leading edge of 'core_clk'
Beginpoint: wr_data[19]                 (v) triggered by  leading edge of 'core_clk'
Path Groups: {core_clk}
Analysis View: hold_view
Other End Arrival Time          0.151
+ Hold                         -0.001
+ Phase Shift                   0.000
- CPPR Adjustment               0.000
+ Uncertainty                   0.100
= Required Time                 0.249
  Arrival Time                  0.244
  Slack Time                   -0.005
     Clock Rise Edge                      0.000
     + Input Delay                        0.200
     = Beginpoint Arrival Time            0.200
      ------------------------------------------------------------------------------
      Instance                       Arc            Cell    Delay  Arrival  Required  
                                                                   Time     Time  
      ------------------------------------------------------------------------------
      -                              wr_data[19] v  -       -      0.200    0.205  
      u_memory/FE_OFC387_wr_data_19  A v -> Y v     BUFX2   0.044  0.244    0.249  
      u_memory/mem_reg[133][19]      D v            DFFQXL  0.000  0.244    0.249  
      ------------------------------------------------------------------------------
Path 8: VIOLATED Hold Check with Pin u_memory/mem_reg[59][19]/CK 
Endpoint:   u_memory/mem_reg[59][19]/D (v) checked with  leading edge of 'core_clk'
Beginpoint: wr_data[19]                (v) triggered by  leading edge of 'core_clk'
Path Groups: {core_clk}
Analysis View: hold_view
Other End Arrival Time          0.163
+ Hold                         -0.006
+ Phase Shift                   0.000
- CPPR Adjustment               0.000
+ Uncertainty                   0.100
= Required Time                 0.258
  Arrival Time                  0.253
  Slack Time                   -0.005
     Clock Rise Edge                      0.000
     + Input Delay                        0.200
     = Beginpoint Arrival Time            0.200
      ------------------------------------------------------------------------------
      Instance                       Arc            Cell    Delay  Arrival  Required  
                                                                   Time     Time  
      ------------------------------------------------------------------------------
      -                              wr_data[19] v  -       -      0.200    0.205  
      u_memory/FE_OFC384_wr_data_19  A v -> Y v     BUFX12  0.048  0.248    0.253  
      u_memory/mem_reg[59][19]       D v            DFFQXL  0.005  0.253    0.258  
      ------------------------------------------------------------------------------
Path 9: VIOLATED Hold Check with Pin u_memory/mem_reg[12][19]/CK 
Endpoint:   u_memory/mem_reg[12][19]/D (v) checked with  leading edge of 'core_clk'
Beginpoint: wr_data[19]                (v) triggered by  leading edge of 'core_clk'
Path Groups: {core_clk}
Analysis View: hold_view
Other End Arrival Time          0.151
+ Hold                         -0.002
+ Phase Shift                   0.000
- CPPR Adjustment               0.000
+ Uncertainty                   0.100
= Required Time                 0.249
  Arrival Time                  0.244
  Slack Time                   -0.005
     Clock Rise Edge                      0.000
     + Input Delay                        0.200
     = Beginpoint Arrival Time            0.200
      ------------------------------------------------------------------------------
      Instance                       Arc            Cell    Delay  Arrival  Required  
                                                                   Time     Time  
      ------------------------------------------------------------------------------
      -                              wr_data[19] v  -       -      0.200    0.205  
      u_memory/FE_OFC387_wr_data_19  A v -> Y v     BUFX2   0.044  0.244    0.249  
      u_memory/mem_reg[12][19]       D v            DFFQXL  0.000  0.244    0.249  
      ------------------------------------------------------------------------------
Path 10: VIOLATED Hold Check with Pin u_memory/mem_reg[5][19]/CK 
Endpoint:   u_memory/mem_reg[5][19]/D (v) checked with  leading edge of 'core_clk'
Beginpoint: wr_data[19]               (v) triggered by  leading edge of 'core_clk'
Path Groups: {core_clk}
Analysis View: hold_view
Other End Arrival Time          0.151
+ Hold                         -0.002
+ Phase Shift                   0.000
- CPPR Adjustment               0.000
+ Uncertainty                   0.100
= Required Time                 0.249
  Arrival Time                  0.244
  Slack Time                   -0.005
     Clock Rise Edge                      0.000
     + Input Delay                        0.200
     = Beginpoint Arrival Time            0.200
      ------------------------------------------------------------------------------
      Instance                       Arc            Cell    Delay  Arrival  Required  
                                                                   Time     Time  
      ------------------------------------------------------------------------------
      -                              wr_data[19] v  -       -      0.200    0.205  
      u_memory/FE_OFC387_wr_data_19  A v -> Y v     BUFX2   0.044  0.244    0.249  
      u_memory/mem_reg[5][19]        D v            DFFQXL  0.000  0.244    0.249  
      ------------------------------------------------------------------------------
Path 11: VIOLATED Hold Check with Pin u_memory/mem_reg[58][19]/CK 
Endpoint:   u_memory/mem_reg[58][19]/D (v) checked with  leading edge of 'core_clk'
Beginpoint: wr_data[19]                (v) triggered by  leading edge of 'core_clk'
Path Groups: {core_clk}
Analysis View: hold_view
Other End Arrival Time          0.163
+ Hold                         -0.006
+ Phase Shift                   0.000
- CPPR Adjustment               0.000
+ Uncertainty                   0.100
= Required Time                 0.257
  Arrival Time                  0.253
  Slack Time                   -0.005
     Clock Rise Edge                      0.000
     + Input Delay                        0.200
     = Beginpoint Arrival Time            0.200
      ------------------------------------------------------------------------------
      Instance                       Arc            Cell    Delay  Arrival  Required  
                                                                   Time     Time  
      ------------------------------------------------------------------------------
      -                              wr_data[19] v  -       -      0.200    0.205  
      u_memory/FE_OFC384_wr_data_19  A v -> Y v     BUFX12  0.048  0.248    0.252  
      u_memory/mem_reg[58][19]       D v            DFFQXL  0.005  0.253    0.257  
      ------------------------------------------------------------------------------
Path 12: VIOLATED Hold Check with Pin u_memory/mem_reg[4][19]/CK 
Endpoint:   u_memory/mem_reg[4][19]/D (v) checked with  leading edge of 'core_clk'
Beginpoint: wr_data[19]               (v) triggered by  leading edge of 'core_clk'
Path Groups: {core_clk}
Analysis View: hold_view
Other End Arrival Time          0.151
+ Hold                         -0.002
+ Phase Shift                   0.000
- CPPR Adjustment               0.000
+ Uncertainty                   0.100
= Required Time                 0.249
  Arrival Time                  0.244
  Slack Time                   -0.005
     Clock Rise Edge                      0.000
     + Input Delay                        0.200
     = Beginpoint Arrival Time            0.200
      ------------------------------------------------------------------------------
      Instance                       Arc            Cell    Delay  Arrival  Required  
                                                                   Time     Time  
      ------------------------------------------------------------------------------
      -                              wr_data[19] v  -       -      0.200    0.205  
      u_memory/FE_OFC387_wr_data_19  A v -> Y v     BUFX2   0.044  0.244    0.248  
      u_memory/mem_reg[4][19]        D v            DFFQXL  0.000  0.244    0.249  
      ------------------------------------------------------------------------------
Path 13: VIOLATED Hold Check with Pin u_memory/mem_reg[14][19]/CK 
Endpoint:   u_memory/mem_reg[14][19]/D (v) checked with  leading edge of 'core_clk'
Beginpoint: wr_data[19]                (v) triggered by  leading edge of 'core_clk'
Path Groups: {core_clk}
Analysis View: hold_view
Other End Arrival Time          0.150
+ Hold                         -0.002
+ Phase Shift                   0.000
- CPPR Adjustment               0.000
+ Uncertainty                   0.100
= Required Time                 0.248
  Arrival Time                  0.244
  Slack Time                   -0.004
     Clock Rise Edge                      0.000
     + Input Delay                        0.200
     = Beginpoint Arrival Time            0.200
      ------------------------------------------------------------------------------
      Instance                       Arc            Cell    Delay  Arrival  Required  
                                                                   Time     Time  
      ------------------------------------------------------------------------------
      -                              wr_data[19] v  -       -      0.200    0.204  
      u_memory/FE_OFC387_wr_data_19  A v -> Y v     BUFX2   0.044  0.244    0.248  
      u_memory/mem_reg[14][19]       D v            DFFQXL  0.000  0.244    0.248  
      ------------------------------------------------------------------------------
Path 14: VIOLATED Hold Check with Pin u_memory/mem_reg[13][19]/CK 
Endpoint:   u_memory/mem_reg[13][19]/D (v) checked with  leading edge of 'core_clk'
Beginpoint: wr_data[19]                (v) triggered by  leading edge of 'core_clk'
Path Groups: {core_clk}
Analysis View: hold_view
Other End Arrival Time          0.150
+ Hold                         -0.002
+ Phase Shift                   0.000
- CPPR Adjustment               0.000
+ Uncertainty                   0.100
= Required Time                 0.248
  Arrival Time                  0.244
  Slack Time                   -0.004
     Clock Rise Edge                      0.000
     + Input Delay                        0.200
     = Beginpoint Arrival Time            0.200
      ------------------------------------------------------------------------------
      Instance                       Arc            Cell    Delay  Arrival  Required  
                                                                   Time     Time  
      ------------------------------------------------------------------------------
      -                              wr_data[19] v  -       -      0.200    0.204  
      u_memory/FE_OFC387_wr_data_19  A v -> Y v     BUFX2   0.044  0.244    0.248  
      u_memory/mem_reg[13][19]       D v            DFFQXL  0.000  0.244    0.248  
      ------------------------------------------------------------------------------
Path 15: VIOLATED Hold Check with Pin u_memory/mem_reg[55][19]/CK 
Endpoint:   u_memory/mem_reg[55][19]/D (v) checked with  leading edge of 'core_clk'
Beginpoint: wr_data[19]                (v) triggered by  leading edge of 'core_clk'
Path Groups: {core_clk}
Analysis View: hold_view
Other End Arrival Time          0.164
+ Hold                         -0.006
+ Phase Shift                   0.000
- CPPR Adjustment               0.000
+ Uncertainty                   0.100
= Required Time                 0.258
  Arrival Time                  0.255
  Slack Time                   -0.003
     Clock Rise Edge                      0.000
     + Input Delay                        0.200
     = Beginpoint Arrival Time            0.200
      ------------------------------------------------------------------------------
      Instance                       Arc            Cell    Delay  Arrival  Required  
                                                                   Time     Time  
      ------------------------------------------------------------------------------
      -                              wr_data[19] v  -       -      0.200    0.203  
      u_memory/FE_OFC384_wr_data_19  A v -> Y v     BUFX12  0.048  0.248    0.251  
      u_memory/mem_reg[55][19]       D v            DFFQXL  0.007  0.255    0.258  
      ------------------------------------------------------------------------------
Path 16: VIOLATED Hold Check with Pin u_memory/mem_reg[187][19]/CK 
Endpoint:   u_memory/mem_reg[187][19]/D (v) checked with  leading edge of 'core_clk'
Beginpoint: wr_data[19]                 (v) triggered by  leading edge of 'core_clk'
Path Groups: {core_clk}
Analysis View: hold_view
Other End Arrival Time          0.158
+ Hold                         -0.005
+ Phase Shift                   0.000
- CPPR Adjustment               0.000
+ Uncertainty                   0.100
= Required Time                 0.253
  Arrival Time                  0.251
  Slack Time                   -0.003
     Clock Rise Edge                      0.000
     + Input Delay                        0.200
     = Beginpoint Arrival Time            0.200
      ------------------------------------------------------------------------------
      Instance                       Arc            Cell    Delay  Arrival  Required  
                                                                   Time     Time  
      ------------------------------------------------------------------------------
      -                              wr_data[19] v  -       -      0.200    0.203  
      u_memory/FE_OFC384_wr_data_19  A v -> Y v     BUFX12  0.048  0.248    0.250  
      u_memory/mem_reg[187][19]      D v            DFFQXL  0.003  0.251    0.253  
      ------------------------------------------------------------------------------
Path 17: VIOLATED Hold Check with Pin u_memory/mem_reg[186][19]/CK 
Endpoint:   u_memory/mem_reg[186][19]/D (v) checked with  leading edge of 'core_clk'
Beginpoint: wr_data[19]                 (v) triggered by  leading edge of 'core_clk'
Path Groups: {core_clk}
Analysis View: hold_view
Other End Arrival Time          0.158
+ Hold                         -0.005
+ Phase Shift                   0.000
- CPPR Adjustment               0.000
+ Uncertainty                   0.100
= Required Time                 0.253
  Arrival Time                  0.251
  Slack Time                   -0.002
     Clock Rise Edge                      0.000
     + Input Delay                        0.200
     = Beginpoint Arrival Time            0.200
      ------------------------------------------------------------------------------
      Instance                       Arc            Cell    Delay  Arrival  Required  
                                                                   Time     Time  
      ------------------------------------------------------------------------------
      -                              wr_data[19] v  -       -      0.200    0.202  
      u_memory/FE_OFC384_wr_data_19  A v -> Y v     BUFX12  0.048  0.248    0.250  
      u_memory/mem_reg[186][19]      D v            DFFQXL  0.003  0.251    0.253  
      ------------------------------------------------------------------------------
Path 18: VIOLATED Hold Check with Pin u_memory/mem_reg[62][19]/CK 
Endpoint:   u_memory/mem_reg[62][19]/D (v) checked with  leading edge of 'core_clk'
Beginpoint: wr_data[19]                (v) triggered by  leading edge of 'core_clk'
Path Groups: {core_clk}
Analysis View: hold_view
Other End Arrival Time          0.163
+ Hold                         -0.006
+ Phase Shift                   0.000
- CPPR Adjustment               0.000
+ Uncertainty                   0.100
= Required Time                 0.257
  Arrival Time                  0.255
  Slack Time                   -0.002
     Clock Rise Edge                      0.000
     + Input Delay                        0.200
     = Beginpoint Arrival Time            0.200
      ------------------------------------------------------------------------------
      Instance                       Arc            Cell    Delay  Arrival  Required  
                                                                   Time     Time  
      ------------------------------------------------------------------------------
      -                              wr_data[19] v  -       -      0.200    0.202  
      u_memory/FE_OFC384_wr_data_19  A v -> Y v     BUFX12  0.048  0.248    0.250  
      u_memory/mem_reg[62][19]       D v            DFFQXL  0.008  0.255    0.257  
      ------------------------------------------------------------------------------
Path 19: VIOLATED Hold Check with Pin u_memory/mem_reg[54][19]/CK 
Endpoint:   u_memory/mem_reg[54][19]/D (v) checked with  leading edge of 'core_clk'
Beginpoint: wr_data[19]                (v) triggered by  leading edge of 'core_clk'
Path Groups: {core_clk}
Analysis View: hold_view
Other End Arrival Time          0.163
+ Hold                         -0.006
+ Phase Shift                   0.000
- CPPR Adjustment               0.000
+ Uncertainty                   0.100
= Required Time                 0.258
  Arrival Time                  0.256
  Slack Time                   -0.002
     Clock Rise Edge                      0.000
     + Input Delay                        0.200
     = Beginpoint Arrival Time            0.200
      ------------------------------------------------------------------------------
      Instance                       Arc            Cell    Delay  Arrival  Required  
                                                                   Time     Time  
      ------------------------------------------------------------------------------
      -                              wr_data[19] v  -       -      0.200    0.202  
      u_memory/FE_OFC384_wr_data_19  A v -> Y v     BUFX12  0.048  0.248    0.249  
      u_memory/mem_reg[54][19]       D v            DFFQXL  0.008  0.256    0.258  
      ------------------------------------------------------------------------------
Path 20: VIOLATED Hold Check with Pin u_memory/mem_reg[105][19]/CK 
Endpoint:   u_memory/mem_reg[105][19]/D (v) checked with  leading edge of 'core_clk'
Beginpoint: wr_data[19]                 (v) triggered by  leading edge of 'core_clk'
Path Groups: {core_clk}
Analysis View: hold_view
Other End Arrival Time          0.156
+ Hold                         -0.004
+ Phase Shift                   0.000
- CPPR Adjustment               0.000
+ Uncertainty                   0.100
= Required Time                 0.252
  Arrival Time                  0.251
  Slack Time                   -0.001
     Clock Rise Edge                      0.000
     + Input Delay                        0.200
     = Beginpoint Arrival Time            0.200
      ------------------------------------------------------------------------------
      Instance                       Arc            Cell    Delay  Arrival  Required  
                                                                   Time     Time  
      ------------------------------------------------------------------------------
      -                              wr_data[19] v  -       -      0.200    0.201  
      u_memory/FE_OFC388_wr_data_19  A v -> Y v     BUFX2   0.051  0.251    0.252  
      u_memory/mem_reg[105][19]      D v            DFFQXL  0.000  0.251    0.252  
      ------------------------------------------------------------------------------

