###############################################################
#  Generated by:      Cadence Tempus 21.19-s058_1
#  OS:                Linux x86_64(Host ID ece-rh810-16)
#  Generated on:      Tue Sep 29 11:35:26 2026
#  Design:            accel_top
#  Command:           report_timing -late  -max_paths 20 > rpt/setup_paths.rpt
###############################################################
Path 1: VIOLATED Setup Check with Pin u_memory/rd_data_reg[49]/CK 
Endpoint:   u_memory/rd_data_reg[49]/D (v) checked with  leading edge of 'core_clk'
Beginpoint: u_reader/address_reg[6]/Q  (v) triggered by  leading edge of 'core_clk'
Path Groups: {core_clk}
Analysis View: setup_view
Other End Arrival Time          0.537
- Setup                         0.037
+ Phase Shift                   2.000
+ CPPR Adjustment               0.000
- Uncertainty                   0.100
= Required Time                 2.400
- Arrival Time                  2.402
= Slack Time                   -0.002
     Clock Rise Edge                 0.000
     + Clock Network Latency (Prop)  0.268
     = Beginpoint Arrival Time       0.268
      ----------------------------------------------------------------------------------
      Instance                           Arc          Cell      Delay  Arrival  Required  
                                                                       Time     Time  
      ----------------------------------------------------------------------------------
      u_reader/address_reg[6]            CK ^         -         -      0.268    0.267  
      u_reader/address_reg[6]            CK ^ -> Q v  DFFHQX4   0.272  0.541    0.539  
      u_reader/FE_OFC7787_mem_rd_addr_6  A v -> Y ^   INVX2     0.043  0.584    0.582  
      u_reader/FE_OFC7789_mem_rd_addr_6  A ^ -> Y v   CLKINVX6  0.052  0.635    0.634  
      u_memory/g599704                   B v -> Y ^   NAND2X6   0.057  0.692    0.690  
      u_memory/g583261                   A ^ -> Y v   NOR2X6    0.058  0.750    0.748  
      u_memory/FE_OFC5087_n_214          A v -> Y ^   CLKINVX4  0.079  0.828    0.826  
      u_memory/FE_OFC8871_n_213          A ^ -> Y v   CLKINVX6  0.093  0.921    0.919  
      u_memory/g580684                   A v -> Y v   AND2X8    0.181  1.102    1.101  
      u_memory/g576856                   A1 v -> Y ^  AOI22XL   0.192  1.295    1.293  
      u_memory/g572151                   B ^ -> Y v   NAND4X1   0.242  1.537    1.536  
      u_memory/FE_OFC9333_n_10938        A v -> Y v   CLKBUFX2  0.152  1.690    1.688  
      u_memory/FE_OFC8004_n_10938        A v -> Y v   CLKBUFX2  0.078  1.767    1.765  
      u_memory/g570836                   C v -> Y ^   NOR4X1    0.147  1.915    1.913  
      u_memory/FE_OFC3908_n_12253        A ^ -> Y ^   BUFX3     0.203  2.118    2.116  
      u_memory/FE_RC_3163_0              A ^ -> Y v   NAND3X4   0.151  2.269    2.267  
      u_memory/FE_RC_165_0               A v -> Y ^   NOR2X4    0.091  2.360    2.358  
      u_memory/FE_RC_164_0               B ^ -> Y v   NOR2X2    0.043  2.402    2.400  
      u_memory/rd_data_reg[49]           D v          DFFHQX1   0.000  2.402    2.400  
      ----------------------------------------------------------------------------------
Path 2: MET Setup Check with Pin u_compute/u_array_rows[0].cols[0].u_mac/g_pipelined.product_q_reg[14]/CK 
Endpoint:   u_compute/u_array_rows[0].cols[0].u_mac/g_pipelined.product_q_reg[14]/D (^) checked with  leading edge of 'core_clk'
Beginpoint: u_reader/out_data_reg[3]/Q                                              (v) triggered by  leading edge of 'core_clk'
Path Groups: {core_clk}
Analysis View: setup_view
Other End Arrival Time          0.489
- Setup                         0.125
+ Phase Shift                   2.000
+ CPPR Adjustment               0.000
- Uncertainty                   0.100
= Required Time                 2.263
- Arrival Time                  2.262
= Slack Time                    0.002
     Clock Rise Edge                 0.000
     + Clock Network Latency (Prop)  0.326
     = Beginpoint Arrival Time       0.326
      ---------------------------------------------------------------------------------------------------------------------
      Instance                                                               Arc          Cell     Delay  Arrival  Required  
                                                                                                          Time     Time  
      ---------------------------------------------------------------------------------------------------------------------
      u_reader/out_data_reg[3]                                               CK ^         -        -      0.326    0.327  
      u_reader/out_data_reg[3]                                               CK ^ -> Q v  DFFHQX8  0.356  0.682    0.683  
      u_compute/u_array_rows[0].cols[0].u_mac/FE_OFC9265_operand_word_3      A v -> Y ^   INVX2    0.105  0.786    0.788  
      u_compute/u_array_rows[0].cols[0].u_mac/mul_28_24_g4528__6161          B ^ -> Y v   NOR2X2   0.067  0.853    0.855  
      u_compute/u_array_rows[0].cols[0].u_mac/mul_28_24_g4432__7410          B v -> S ^   ADDFX1   0.309  1.163    1.164  
      u_compute/u_array_rows[0].cols[0].u_mac/mul_28_24_g4365__8428          B ^ -> CO ^  ADDFHX1  0.215  1.378    1.379  
      u_compute/u_array_rows[0].cols[0].u_mac/FE_RC_3617_0                   AN ^ -> Y ^  NOR2BX2  0.142  1.520    1.521  
      u_compute/u_array_rows[0].cols[0].u_mac/FE_RC_8346_0                   A0 ^ -> Y v  OAI21X2  0.115  1.635    1.636  
      u_compute/u_array_rows[0].cols[0].u_mac/FE_RC_3609_0                   B0 v -> Y ^  OAI21X4  0.061  1.696    1.698  
      u_compute/u_array_rows[0].cols[0].u_mac/mul_28_24_g4337__5526          B ^ -> Y v   NAND2X2  0.080  1.776    1.778  
      u_compute/u_array_rows[0].cols[0].u_mac/FE_RC_989_0                    A v -> Y ^   NOR2X2   0.085  1.861    1.863  
      u_compute/u_array_rows[0].cols[0].u_mac/FE_RC_988_0                    B ^ -> Y v   NOR2BX2  0.057  1.918    1.920  
      u_compute/u_array_rows[0].cols[0].u_mac/mul_28_24_g4309__1705          A2 v -> Y ^  OAI31X4  0.097  2.016    2.017  
      u_compute/u_array_rows[0].cols[0].u_mac/mul_28_24_g4303__5526          A ^ -> Y v   NOR2X6   0.084  2.099    2.101  
      u_compute/u_array_rows[0].cols[0].u_mac/g5                             A1 v -> Y ^  OAI21X4  0.060  2.160    2.161  
      u_compute/u_array_rows[0].cols[0].u_mac/mul_28_24_g4296__6417          S0 ^ -> Y ^  MXI2X1   0.102  2.262    2.263  
      u_compute/u_array_rows[0].cols[0].u_mac/g_pipelined.product_q_reg[14]  D ^          DFFQXL   0.000  2.262    2.263  
      ---------------------------------------------------------------------------------------------------------------------
Path 3: MET Setup Check with Pin u_compute/u_array_rows[0].cols[2].u_mac/g_pipelined.product_q_reg[14]/CK 
Endpoint:   u_compute/u_array_rows[0].cols[2].u_mac/g_pipelined.product_q_reg[14]/D (^) checked with  leading edge of 'core_clk'
Beginpoint: u_reader/out_data_reg[54]/Q                                             (^) triggered by  leading edge of 'core_clk'
Path Groups: {core_clk}
Analysis View: setup_view
Other End Arrival Time          0.487
- Setup                         0.112
+ Phase Shift                   2.000
+ CPPR Adjustment               0.000
- Uncertainty                   0.100
= Required Time                 2.276
- Arrival Time                  2.271
= Slack Time                    0.005
     Clock Rise Edge                 0.000
     + Clock Network Latency (Prop)  0.327
     = Beginpoint Arrival Time       0.327
      -----------------------------------------------------------------------------------------------------------------------
      Instance                                                               Arc          Cell       Delay  Arrival  Required  
                                                                                                            Time     Time  
      -----------------------------------------------------------------------------------------------------------------------
      u_reader/out_data_reg[54]                                              CK ^         -          -      0.327    0.332  
      u_reader/out_data_reg[54]                                              CK ^ -> Q ^  DFFQX2     0.241  0.567    0.572  
      u_compute/FE_OFC4617_operand_word_54                                   A ^ -> Y ^   CLKBUFX20  0.120  0.687    0.692  
      u_compute/u_array_rows[0].cols[2].u_mac/mul_28_24_g4521                A ^ -> Y v   NAND2X2    0.113  0.800    0.805  
      u_compute/u_array_rows[0].cols[2].u_mac/mul_28_24_g4487                B v -> Y ^   NOR2X1     0.075  0.875    0.880  
      u_compute/u_array_rows[0].cols[2].u_mac/mul_28_24_g4460                AN ^ -> Y ^  NAND2BXL   0.077  0.953    0.958  
      u_compute/u_array_rows[0].cols[2].u_mac/mul_28_24_g4442                B ^ -> Y v   CLKXOR2X1  0.177  1.130    1.135  
      u_compute/u_array_rows[0].cols[2].u_mac/mul_28_24_g4417                A v -> Y ^   INVX1      0.055  1.185    1.190  
      u_compute/u_array_rows[0].cols[2].u_mac/FE_RC_9054_0                   A ^ -> Y v   MXI2X1     0.092  1.277    1.282  
      u_compute/u_array_rows[0].cols[2].u_mac/mul_28_24_g4370                S0 v -> Y ^  MX2X1      0.211  1.488    1.493  
      u_compute/u_array_rows[0].cols[2].u_mac/FE_RC_3679_0                   A ^ -> Y v   INVX1      0.063  1.551    1.556  
      u_compute/u_array_rows[0].cols[2].u_mac/FE_RC_3678_0                   A0 v -> Y ^  OAI21X2    0.102  1.653    1.658  
      u_compute/u_array_rows[0].cols[2].u_mac/mul_28_24_g4337                B ^ -> Y v   NAND2X4    0.098  1.751    1.755  
      u_compute/u_array_rows[0].cols[2].u_mac/FE_RC_958_0                    A v -> Y ^   NOR2X4     0.075  1.825    1.830  
      u_compute/u_array_rows[0].cols[2].u_mac/FE_RC_957_0_dup                B ^ -> Y v   NOR2BX2    0.047  1.873    1.877  
      u_compute/u_array_rows[0].cols[2].u_mac/mul_28_24_g4309                A2 v -> Y ^  OAI31X4    0.095  1.967    1.972  
      u_compute/u_array_rows[0].cols[2].u_mac/mul_28_24_g4303                B ^ -> Y v   NOR2X4     0.072  2.039    2.044  
      u_compute/u_array_rows[0].cols[2].u_mac/FE_RC_1210_0                   A2 v -> Y ^  OAI31X4    0.098  2.137    2.141  
      u_compute/u_array_rows[0].cols[2].u_mac/FE_RC_9071_0                   B ^ -> Y v   NOR2X2     0.077  2.214    2.219  
      u_compute/u_array_rows[0].cols[2].u_mac/FE_RC_9070_0                   B0 v -> Y ^  AOI21X2    0.057  2.271    2.276  
      u_compute/u_array_rows[0].cols[2].u_mac/g_pipelined.product_q_reg[14]  D ^          DFFQXL     0.000  2.271    2.276  
      -----------------------------------------------------------------------------------------------------------------------
Path 4: MET Setup Check with Pin u_compute/u_array_rows[0].cols[0].u_mac/g_pipelined.product_q_reg[13]/CK 
Endpoint:   u_compute/u_array_rows[0].cols[0].u_mac/g_pipelined.product_q_reg[13]/D (^) checked with  leading edge of 'core_clk'
Beginpoint: u_reader/out_data_reg[3]/Q                                              (v) triggered by  leading edge of 'core_clk'
Path Groups: {core_clk}
Analysis View: setup_view
Other End Arrival Time          0.489
- Setup                         0.109
+ Phase Shift                   2.000
+ CPPR Adjustment               0.000
- Uncertainty                   0.100
= Required Time                 2.280
- Arrival Time                  2.271
= Slack Time                    0.008
     Clock Rise Edge                 0.000
     + Clock Network Latency (Prop)  0.326
     = Beginpoint Arrival Time       0.326
      ---------------------------------------------------------------------------------------------------------------------
      Instance                                                               Arc          Cell     Delay  Arrival  Required  
                                                                                                          Time     Time  
      ---------------------------------------------------------------------------------------------------------------------
      u_reader/out_data_reg[3]                                               CK ^         -        -      0.326    0.334  
      u_reader/out_data_reg[3]                                               CK ^ -> Q v  DFFHQX8  0.356  0.682    0.690  
      u_compute/u_array_rows[0].cols[0].u_mac/FE_OFC9265_operand_word_3      A v -> Y ^   INVX2    0.105  0.786    0.795  
      u_compute/u_array_rows[0].cols[0].u_mac/mul_28_24_g4528__6161          B ^ -> Y v   NOR2X2   0.067  0.853    0.861  
      u_compute/u_array_rows[0].cols[0].u_mac/mul_28_24_g4432__7410          B v -> S ^   ADDFX1   0.309  1.163    1.171  
      u_compute/u_array_rows[0].cols[0].u_mac/mul_28_24_g4365__8428          B ^ -> CO ^  ADDFHX1  0.215  1.378    1.386  
      u_compute/u_array_rows[0].cols[0].u_mac/FE_RC_3617_0                   AN ^ -> Y ^  NOR2BX2  0.142  1.520    1.528  
      u_compute/u_array_rows[0].cols[0].u_mac/FE_RC_8346_0                   A0 ^ -> Y v  OAI21X2  0.115  1.635    1.643  
      u_compute/u_array_rows[0].cols[0].u_mac/FE_RC_3609_0                   B0 v -> Y ^  OAI21X4  0.061  1.696    1.704  
      u_compute/u_array_rows[0].cols[0].u_mac/mul_28_24_g4337__5526          B ^ -> Y v   NAND2X2  0.080  1.776    1.784  
      u_compute/u_array_rows[0].cols[0].u_mac/FE_RC_989_0                    A v -> Y ^   NOR2X2   0.085  1.861    1.870  
      u_compute/u_array_rows[0].cols[0].u_mac/FE_RC_988_0                    B ^ -> Y v   NOR2BX2  0.057  1.918    1.926  
      u_compute/u_array_rows[0].cols[0].u_mac/mul_28_24_g4309__1705          A2 v -> Y ^  OAI31X4  0.097  2.016    2.024  
      u_compute/u_array_rows[0].cols[0].u_mac/mul_28_24_g4303__5526          A ^ -> Y v   NOR2X6   0.084  2.099    2.108  
      u_compute/u_array_rows[0].cols[0].u_mac/FE_RC_7402_0                   A1 v -> Y ^  OAI21X4  0.068  2.167    2.175  
      u_compute/u_array_rows[0].cols[0].u_mac/FE_RC_7528_0                   B ^ -> Y v   NOR2BX2  0.053  2.220    2.228  
      u_compute/u_array_rows[0].cols[0].u_mac/FE_RC_7527_0                   B0 v -> Y ^  AOI21X2  0.052  2.271    2.280  
      u_compute/u_array_rows[0].cols[0].u_mac/g_pipelined.product_q_reg[13]  D ^          DFFXL    0.000  2.271    2.280  
      ---------------------------------------------------------------------------------------------------------------------
Path 5: MET Setup Check with Pin u_compute/u_array_rows[3].cols[3].u_mac/g_pipelined.product_q_reg[14]/CK 
Endpoint:   u_compute/u_array_rows[3].cols[3].u_mac/g_pipelined.product_q_reg[14]/D (^) checked with  leading edge of 'core_clk'
Beginpoint: u_reader/out_data_reg[58]/Q                                             (v) triggered by  leading edge of 'core_clk'
Path Groups: {core_clk}
Analysis View: setup_view
Other End Arrival Time          0.485
- Setup                         0.114
+ Phase Shift                   2.000
+ CPPR Adjustment               0.000
- Uncertainty                   0.100
= Required Time                 2.271
- Arrival Time                  2.262
= Slack Time                    0.009
     Clock Rise Edge                 0.000
     + Clock Network Latency (Prop)  0.326
     = Beginpoint Arrival Time       0.326
      ----------------------------------------------------------------------------------------------------------------------
      Instance                                                               Arc          Cell      Delay  Arrival  Required  
                                                                                                           Time     Time  
      ----------------------------------------------------------------------------------------------------------------------
      u_reader/out_data_reg[58]                                              CK ^         -         -      0.326    0.335  
      u_reader/out_data_reg[58]                                              CK ^ -> Q v  DFFQX2    0.261  0.587    0.596  
      u_compute/FE_OFC9293_operand_word_58                                   A v -> Y ^   CLKINVX6  0.041  0.628    0.637  
      u_compute/FE_OFC9295_operand_word_58                                   A ^ -> Y v   CLKINVX8  0.084  0.712    0.721  
      u_compute/u_array_rows[3].cols[3].u_mac/mul_28_24_g4529                A v -> Y ^   NAND2X2   0.076  0.788    0.797  
      u_compute/u_array_rows[3].cols[3].u_mac/FE_RC_9289_0                   A ^ -> Y v   XOR3X1    0.357  1.145    1.154  
      u_compute/u_array_rows[3].cols[3].u_mac/mul_28_24_g4590                A v -> Y ^   XNOR2X1   0.235  1.380    1.389  
      u_compute/u_array_rows[3].cols[3].u_mac/mul_28_24_g4332                A ^ -> S v   ADDFHXL   0.297  1.677    1.686  
      u_compute/u_array_rows[3].cols[3].u_mac/mul_28_24_g4324                B v -> Y ^   NOR2X2    0.091  1.767    1.776  
      u_compute/u_array_rows[3].cols[3].u_mac/FE_RC_9329_0                   A ^ -> Y v   NOR2X2    0.077  1.845    1.853  
      u_compute/u_array_rows[3].cols[3].u_mac/FE_RC_9328_0                   B v -> Y ^   NOR2X4    0.059  1.904    1.912  
      u_compute/u_array_rows[3].cols[3].u_mac/mul_28_24_g4309                A2 ^ -> Y v  OAI31X4   0.085  1.989    1.998  
      u_compute/u_array_rows[3].cols[3].u_mac/mul_28_24_g4303                A v -> Y ^   NOR2X4    0.089  2.077    2.086  
      u_compute/u_array_rows[3].cols[3].u_mac/g5                             A1 ^ -> Y v  OAI21X4   0.094  2.172    2.180  
      u_compute/u_array_rows[3].cols[3].u_mac/FE_RC_8383_0                   A1 v -> Y ^  AOI21X2   0.091  2.262    2.271  
      u_compute/u_array_rows[3].cols[3].u_mac/g_pipelined.product_q_reg[14]  D ^          DFFQXL    0.000  2.262    2.271  
      ----------------------------------------------------------------------------------------------------------------------
Path 6: MET Setup Check with Pin u_compute/u_array_rows[3].cols[3].u_mac/g_pipelined.product_q_reg[13]/CK 
Endpoint:   u_compute/u_array_rows[3].cols[3].u_mac/g_pipelined.product_q_reg[13]/D (^) checked with  leading edge of 'core_clk'
Beginpoint: u_reader/out_data_reg[58]/Q                                             (v) triggered by  leading edge of 'core_clk'
Path Groups: {core_clk}
Analysis View: setup_view
Other End Arrival Time          0.485
- Setup                         0.127
+ Phase Shift                   2.000
+ CPPR Adjustment               0.000
- Uncertainty                   0.100
= Required Time                 2.258
- Arrival Time                  2.249
= Slack Time                    0.009
     Clock Rise Edge                 0.000
     + Clock Network Latency (Prop)  0.326
     = Beginpoint Arrival Time       0.326
      ----------------------------------------------------------------------------------------------------------------------
      Instance                                                               Arc          Cell      Delay  Arrival  Required  
                                                                                                           Time     Time  
      ----------------------------------------------------------------------------------------------------------------------
      u_reader/out_data_reg[58]                                              CK ^         -         -      0.326    0.335  
      u_reader/out_data_reg[58]                                              CK ^ -> Q v  DFFQX2    0.261  0.587    0.596  
      u_compute/FE_OFC9293_operand_word_58                                   A v -> Y ^   CLKINVX6  0.041  0.628    0.637  
      u_compute/FE_OFC9295_operand_word_58                                   A ^ -> Y v   CLKINVX8  0.084  0.712    0.721  
      u_compute/u_array_rows[3].cols[3].u_mac/mul_28_24_g4529                A v -> Y ^   NAND2X2   0.076  0.788    0.797  
      u_compute/u_array_rows[3].cols[3].u_mac/FE_RC_9289_0                   A ^ -> Y v   XOR3X1    0.357  1.145    1.154  
      u_compute/u_array_rows[3].cols[3].u_mac/mul_28_24_g4590                A v -> Y ^   XNOR2X1   0.235  1.380    1.389  
      u_compute/u_array_rows[3].cols[3].u_mac/mul_28_24_g4332                A ^ -> S v   ADDFHXL   0.297  1.677    1.686  
      u_compute/u_array_rows[3].cols[3].u_mac/mul_28_24_g4324                B v -> Y ^   NOR2X2    0.091  1.767    1.776  
      u_compute/u_array_rows[3].cols[3].u_mac/FE_RC_9329_0                   A ^ -> Y v   NOR2X2    0.077  1.845    1.853  
      u_compute/u_array_rows[3].cols[3].u_mac/FE_RC_9328_0                   B v -> Y ^   NOR2X4    0.059  1.904    1.913  
      u_compute/u_array_rows[3].cols[3].u_mac/mul_28_24_g4309                A2 ^ -> Y v  OAI31X4   0.085  1.989    1.998  
      u_compute/u_array_rows[3].cols[3].u_mac/mul_28_24_g4303                A v -> Y ^   NOR2X4    0.089  2.077    2.086  
      u_compute/u_array_rows[3].cols[3].u_mac/mul_28_24_g4298                A1 ^ -> Y v  OAI21X2   0.084  2.162    2.170  
      u_compute/u_array_rows[3].cols[3].u_mac/FE_RC_6712_0                   S0 v -> Y ^  MXI2X1    0.087  2.249    2.258  
      u_compute/u_array_rows[3].cols[3].u_mac/g_pipelined.product_q_reg[13]  D ^          DFFXL     0.000  2.249    2.258  
      ----------------------------------------------------------------------------------------------------------------------
Path 7: MET Setup Check with Pin u_compute/u_array_rows[1].cols[0].u_mac/g_pipelined.product_q_reg[14]/CK 
Endpoint:   u_compute/u_array_rows[1].cols[0].u_mac/g_pipelined.product_q_reg[14]/D (^) checked with  leading edge of 'core_clk'
Beginpoint: u_reader/out_data_reg[39]/Q                                             (^) triggered by  leading edge of 'core_clk'
Path Groups: {core_clk}
Analysis View: setup_view
Other End Arrival Time          0.486
- Setup                         0.109
+ Phase Shift                   2.000
+ CPPR Adjustment               0.000
- Uncertainty                   0.100
= Required Time                 2.277
- Arrival Time                  2.268
= Slack Time                    0.009
     Clock Rise Edge                 0.000
     + Clock Network Latency (Prop)  0.326
     = Beginpoint Arrival Time       0.326
      ----------------------------------------------------------------------------------------------------------------------
      Instance                                                               Arc           Cell     Delay  Arrival  Required  
                                                                                                           Time     Time  
      ----------------------------------------------------------------------------------------------------------------------
      u_reader/out_data_reg[39]                                              CK ^          -        -      0.326    0.335  
      u_reader/out_data_reg[39]                                              CK ^ -> Q ^   DFFQX2   0.248  0.573    0.583  
      u_compute/FE_OFC7803_operand_word_39                                   A ^ -> Y ^    BUFX12   0.114  0.688    0.697  
      u_compute/u_array_rows[1].cols[0].u_mac/mul_28_24_g4599                AN ^ -> Y ^   NOR2BX2  0.150  0.837    0.846  
      u_compute/u_array_rows[1].cols[0].u_mac/mul_28_24_g4457                A1 ^ -> Y v   AOI21X2  0.103  0.941    0.950  
      u_compute/u_array_rows[1].cols[0].u_mac/mul_28_24_g4454                B v -> Y ^    NOR2X2   0.090  1.031    1.040  
      u_compute/u_array_rows[1].cols[0].u_mac/FE_RC_6780_0                   B ^ -> Y v    NAND2X2  0.088  1.118    1.128  
      u_compute/u_array_rows[1].cols[0].u_mac/FE_RC_7869_0                   B0 v -> Y ^   OAI21X2  0.057  1.176    1.185  
      u_compute/u_array_rows[1].cols[0].u_mac/mul_28_24_g4359                CI ^ -> S v   ADDFHXL  0.269  1.445    1.454  
      u_compute/u_array_rows[1].cols[0].u_mac/mul_28_24_g4331                CI v -> CO v  ADDFHXL  0.192  1.637    1.647  
      u_compute/u_array_rows[1].cols[0].u_mac/mul_28_24_g4323                A v -> Y ^    NOR2X2   0.114  1.751    1.760  
      u_compute/u_array_rows[1].cols[0].u_mac/FE_RC_2388_0                   A ^ -> Y v    NOR2X2   0.094  1.845    1.854  
      u_compute/u_array_rows[1].cols[0].u_mac/FE_RC_2387_0                   B v -> Y ^    NOR2X4   0.058  1.903    1.912  
      u_compute/u_array_rows[1].cols[0].u_mac/FE_RC_9336_0                   B0 ^ -> Y v   OAI31X4  0.096  1.998    2.007  
      u_compute/u_array_rows[1].cols[0].u_mac/mul_28_24_g4303                B v -> Y ^    NOR2X4   0.091  2.089    2.098  
      u_compute/u_array_rows[1].cols[0].u_mac/FE_RC_7488_0                   A1 ^ -> Y v   OAI21X4  0.098  2.187    2.197  
      u_compute/u_array_rows[1].cols[0].u_mac/FE_RC_7331_0                   A1 v -> Y ^   AOI21X2  0.080  2.268    2.277  
      u_compute/u_array_rows[1].cols[0].u_mac/g_pipelined.product_q_reg[14]  D ^           DFFQXL   0.000  2.268    2.277  
      ----------------------------------------------------------------------------------------------------------------------
Path 8: MET Setup Check with Pin u_compute/u_array_rows[3].cols[1].u_mac/g_pipelined.product_q_reg[13]/CK 
Endpoint:   u_compute/u_array_rows[3].cols[1].u_mac/g_pipelined.product_q_reg[13]/D (^) checked with  leading edge of 'core_clk'
Beginpoint: u_reader/out_data_reg[41]/Q                                             (^) triggered by  leading edge of 'core_clk'
Path Groups: {core_clk}
Analysis View: setup_view
Other End Arrival Time          0.484
- Setup                         0.113
+ Phase Shift                   2.000
+ CPPR Adjustment               0.000
- Uncertainty                   0.100
= Required Time                 2.271
- Arrival Time                  2.261
= Slack Time                    0.010
     Clock Rise Edge                 0.000
     + Clock Network Latency (Prop)  0.326
     = Beginpoint Arrival Time       0.326
      -----------------------------------------------------------------------------------------------------------------------
      Instance                                                               Arc          Cell       Delay  Arrival  Required  
                                                                                                            Time     Time  
      -----------------------------------------------------------------------------------------------------------------------
      u_reader/out_data_reg[41]                                              CK ^         -          -      0.326    0.335  
      u_reader/out_data_reg[41]                                              CK ^ -> Q ^  DFFHQX8    0.311  0.637    0.647  
      u_compute/FE_OFC4835_operand_word_41                                   A ^ -> Y ^   CLKBUFX20  0.125  0.762    0.771  
      u_compute/u_array_rows[3].cols[1].u_mac/mul_28_24_g4601                AN ^ -> Y ^  NOR2BX1    0.120  0.882    0.891  
      u_compute/u_array_rows[3].cols[1].u_mac/mul_28_24_g4592                AN ^ -> Y ^  NOR2BX1    0.131  1.013    1.022  
      u_compute/u_array_rows[3].cols[1].u_mac/mul_28_24_g4440                A ^ -> Y v   CLKXOR2X1  0.234  1.246    1.256  
      u_compute/u_array_rows[3].cols[1].u_mac/FE_RC_7009_0                   A v -> Y ^   INVX1      0.059  1.305    1.315  
      u_compute/u_array_rows[3].cols[1].u_mac/FE_RC_7008_0                   B ^ -> Y v   NAND2BX1   0.075  1.380    1.390  
      u_compute/u_array_rows[3].cols[1].u_mac/FE_RC_9275_0                   B v -> Y ^   NAND2X1    0.071  1.451    1.461  
      u_compute/u_array_rows[3].cols[1].u_mac/FE_RC_9274_0                   B ^ -> Y v   NAND2X2    0.072  1.523    1.533  
      u_compute/u_array_rows[3].cols[1].u_mac/FE_RC_8316_0                   B0 v -> Y ^  OAI21X2    0.052  1.575    1.584  
      u_compute/u_array_rows[3].cols[1].u_mac/mul_28_24_g4348                B ^ -> Y ^   AND2XL     0.147  1.722    1.732  
      u_compute/u_array_rows[3].cols[1].u_mac/FE_RC_7365_0                   B0 ^ -> Y v  AOI21X2    0.057  1.779    1.789  
      u_compute/u_array_rows[3].cols[1].u_mac/mul_28_24_g4312                B v -> Y ^   NOR2X2     0.083  1.862    1.872  
      u_compute/u_array_rows[3].cols[1].u_mac/mul_28_24_g4310                B ^ -> Y v   NOR2BX4    0.062  1.925    1.934  
      u_compute/u_array_rows[3].cols[1].u_mac/FE_RC_942_0                    C v -> Y ^   NOR3X4     0.075  2.000    2.009  
      u_compute/u_array_rows[3].cols[1].u_mac/mul_28_24_g4303                A ^ -> Y v   NOR2X4     0.073  2.073    2.083  
      u_compute/u_array_rows[3].cols[1].u_mac/FE_RC_7380_0                   A1 v -> Y ^  OAI21X4    0.065  2.138    2.147  
      u_compute/u_array_rows[3].cols[1].u_mac/FE_RC_7354_0                   B ^ -> Y v   NOR2BX1    0.058  2.196    2.205  
      u_compute/u_array_rows[3].cols[1].u_mac/FE_RC_7353_0                   B0 v -> Y ^  AOI21X2    0.066  2.261    2.271  
      u_compute/u_array_rows[3].cols[1].u_mac/g_pipelined.product_q_reg[13]  D ^          DFFHQX1    0.000  2.261    2.271  
      -----------------------------------------------------------------------------------------------------------------------
Path 9: MET Setup Check with Pin u_compute/u_array_rows[2].cols[1].u_mac/g_pipelined.product_q_reg[13]/CK 
Endpoint:   u_compute/u_array_rows[2].cols[1].u_mac/g_pipelined.product_q_reg[13]/D (^) checked with  leading edge of 'core_clk'
Beginpoint: u_reader/out_data_reg[46]/Q                                             (v) triggered by  leading edge of 'core_clk'
Path Groups: {core_clk}
Analysis View: setup_view
Other End Arrival Time          0.486
- Setup                         0.110
+ Phase Shift                   2.000
+ CPPR Adjustment               0.000
- Uncertainty                   0.100
= Required Time                 2.275
- Arrival Time                  2.264
= Slack Time                    0.011
     Clock Rise Edge                 0.000
     + Clock Network Latency (Prop)  0.326
     = Beginpoint Arrival Time       0.326
      -----------------------------------------------------------------------------------------------------------------------
      Instance                                                               Arc          Cell       Delay  Arrival  Required  
                                                                                                            Time     Time  
      -----------------------------------------------------------------------------------------------------------------------
      u_reader/out_data_reg[46]                                              CK ^         -          -      0.326    0.337  
      u_reader/out_data_reg[46]                                              CK ^ -> Q v  DFFHQX8    0.336  0.662    0.673  
      u_compute/FE_RC_8300_0                                                 A v -> Y v   CLKBUFX20  0.125  0.787    0.798  
      u_compute/u_array_rows[2].cols[1].u_mac/mul_28_24_g4563                B v -> Y ^   NAND2X8    0.049  0.836    0.847  
      u_compute/u_array_rows[2].cols[1].u_mac/FE_RC_1429_0                   B ^ -> Y v   NAND2X4    0.062  0.898    0.909  
      u_compute/u_array_rows[2].cols[1].u_mac/FE_RC_1428_0                   B0 v -> Y ^  OAI21X2    0.044  0.942    0.953  
      u_compute/u_array_rows[2].cols[1].u_mac/mul_28_24_g4448                B ^ -> Y v   CLKXOR2X1  0.191  1.133    1.144  
      u_compute/u_array_rows[2].cols[1].u_mac/mul_28_24_g4406                B v -> Y ^   NOR2X1     0.076  1.210    1.221  
      u_compute/u_array_rows[2].cols[1].u_mac/FE_RC_7195_0                   AN ^ -> Y ^  NAND2BX1   0.089  1.298    1.309  
      u_compute/u_array_rows[2].cols[1].u_mac/FE_RC_7194_0                   B ^ -> Y v   NAND2X2    0.071  1.370    1.380  
      u_compute/u_array_rows[2].cols[1].u_mac/FE_RC_9238_0                   B v -> Y v   CLKAND2X2  0.115  1.484    1.495  
      u_compute/u_array_rows[2].cols[1].u_mac/FE_RC_9245_0                   A v -> Y ^   INVX1      0.042  1.526    1.537  
      u_compute/u_array_rows[2].cols[1].u_mac/FE_RC_9243_0                   B ^ -> Y v   NAND2BX2   0.073  1.600    1.611  
      u_compute/u_array_rows[2].cols[1].u_mac/FE_RC_9242_0                   B v -> Y ^   NOR2X2     0.075  1.675    1.686  
      u_compute/u_array_rows[2].cols[1].u_mac/FE_RC_9234_0                   B0 ^ -> Y v  AOI21X2    0.052  1.727    1.738  
      u_compute/u_array_rows[2].cols[1].u_mac/FE_RC_9233_0                   B v -> Y ^   NOR2X2     0.096  1.824    1.834  
      u_compute/u_array_rows[2].cols[1].u_mac/FE_RC_8228_0                   B ^ -> Y v   NOR2X2     0.067  1.891    1.902  
      u_compute/u_array_rows[2].cols[1].u_mac/FE_RC_8229_0                   A v -> Y ^   INVX3      0.043  1.934    1.944  
      u_compute/u_array_rows[2].cols[1].u_mac/FE_RC_3501_0                   A1 ^ -> Y v  OAI21X4    0.078  2.011    2.022  
      u_compute/u_array_rows[2].cols[1].u_mac/mul_28_24_g4303                A v -> Y ^   NOR2X6     0.085  2.096    2.107  
      u_compute/u_array_rows[2].cols[1].u_mac/FE_RC_7385_0                   A1 ^ -> Y v  OAI21X4    0.084  2.180    2.191  
      u_compute/u_array_rows[2].cols[1].u_mac/FE_RC_7750_0                   A1 v -> Y ^  AOI21X2    0.084  2.264    2.275  
      u_compute/u_array_rows[2].cols[1].u_mac/g_pipelined.product_q_reg[13]  D ^          DFFXL      0.000  2.264    2.275  
      -----------------------------------------------------------------------------------------------------------------------
Path 10: MET Setup Check with Pin u_compute/u_array_rows[0].cols[1].u_mac/acc_reg[31]/CK 
Endpoint:   u_compute/u_array_rows[0].cols[1].u_mac/acc_reg[31]/D (^) checked with  leading edge of 'core_clk'
Beginpoint: u_compute/u_array_rows[0].cols[1].u_mac/acc_reg[1]/Q  (v) triggered by  leading edge of 'core_clk'
Path Groups: {core_clk}
Analysis View: setup_view
Other End Arrival Time          0.505
- Setup                         0.111
+ Phase Shift                   2.000
+ CPPR Adjustment               0.000
- Uncertainty                   0.100
= Required Time                 2.293
- Arrival Time                  2.282
= Slack Time                    0.012
     Clock Rise Edge                 0.000
     + Clock Network Latency (Prop)  0.506
     = Beginpoint Arrival Time       0.506
      ----------------------------------------------------------------------------------------------------------------
      Instance                                                       Arc           Cell       Delay  Arrival  Required  
                                                                                                     Time     Time  
      ----------------------------------------------------------------------------------------------------------------
      u_compute/u_array_rows[0].cols[1].u_mac/acc_reg[1]             CK ^          -          -      0.506    0.517  
      u_compute/u_array_rows[0].cols[1].u_mac/acc_reg[1]             CK ^ -> Q v   DFFHQX1    0.259  0.764    0.776  
      u_compute/u_array_rows[0].cols[1].u_mac/add_65_36_g1358__5122  B v -> Y ^    NOR2X2     0.068  0.833    0.844  
      u_compute/u_array_rows[0].cols[1].u_mac/FE_RC_7237_0           A0 ^ -> Y v   OAI21X2    0.125  0.958    0.970  
      u_compute/u_array_rows[0].cols[1].u_mac/add_65_36_g1388__6131  AN v -> Y v   NOR2BX1    0.099  1.057    1.069  
      u_compute/u_array_rows[0].cols[1].u_mac/add_65_36_g1241__6161  B v -> Y ^    NOR2X1     0.097  1.155    1.167  
      u_compute/u_array_rows[0].cols[1].u_mac/FE_RC_8031_0           B ^ -> Y v    NOR2X1     0.102  1.257    1.269  
      u_compute/u_array_rows[0].cols[1].u_mac/FE_RC_8030_0           B v -> Y ^    NOR2X2     0.093  1.350    1.362  
      u_compute/u_array_rows[0].cols[1].u_mac/FE_RC_7240_0           A2 ^ -> Y v   OAI31X2    0.134  1.484    1.496  
      u_compute/u_array_rows[0].cols[1].u_mac/add_65_36_g1212__2346  A1 v -> Y ^   AOI21X2    0.127  1.611    1.623  
      u_compute/u_array_rows[0].cols[1].u_mac/add_65_36_g1202__7098  A1 ^ -> Y v   OAI21X2    0.110  1.721    1.733  
      u_compute/u_array_rows[0].cols[1].u_mac/add_65_36_g1190__5107  A1N v -> Y v  OAI2BB1X1  0.133  1.854    1.866  
      u_compute/u_array_rows[0].cols[1].u_mac/add_65_36_g1178__7482  A1N v -> Y v  OAI2BB1X1  0.114  1.968    1.980  
      u_compute/u_array_rows[0].cols[1].u_mac/add_65_36_g1174__7098  B v -> Y ^    XNOR2X1    0.178  2.147    2.158  
      u_compute/u_array_rows[0].cols[1].u_mac/g663__8428             B ^ -> Y v    NAND2X1    0.061  2.208    2.219  
      u_compute/u_array_rows[0].cols[1].u_mac/g656__7410             B v -> Y ^    NOR2X1     0.074  2.282    2.293  
      u_compute/u_array_rows[0].cols[1].u_mac/acc_reg[31]            D ^           DFFHQX1    0.000  2.282    2.293  
      ----------------------------------------------------------------------------------------------------------------
Path 11: MET Setup Check with Pin u_memory/rd_data_reg[30]/CK 
Endpoint:   u_memory/rd_data_reg[30]/D (v) checked with  leading edge of 'core_clk'
Beginpoint: u_reader/address_reg[3]/Q  (^) triggered by  leading edge of 'core_clk'
Path Groups: {core_clk}
Analysis View: setup_view
Other End Arrival Time          0.540
- Setup                         0.036
+ Phase Shift                   2.000
+ CPPR Adjustment               0.000
- Uncertainty                   0.100
= Required Time                 2.404
- Arrival Time                  2.392
= Slack Time                    0.012
     Clock Rise Edge                 0.000
     + Clock Network Latency (Prop)  0.268
     = Beginpoint Arrival Time       0.268
      -----------------------------------------------------------------------------------------------------------------
      Instance                                                         Arc          Cell       Delay  Arrival  Required  
                                                                                                      Time     Time  
      -----------------------------------------------------------------------------------------------------------------
      u_reader/address_reg[3]                                          CK ^         -          -      0.268    0.280  
      u_reader/address_reg[3]                                          CK ^ -> Q ^  DFFHQX4    0.255  0.523    0.535  
      u_reader/FE_OFC9219_mem_rd_addr_3                                A ^ -> Y ^   CLKBUFX6   0.088  0.611    0.623  
      u_reader/FE_OFC9226_mem_rd_addr_3                                A ^ -> Y v   CLKINVX8   0.094  0.706    0.718  
      u_memory/FE_OFC7611_FE_OCPN4973_n                                A v -> Y ^   CLKINVX20  0.102  0.807    0.819  
      u_memory/FE_OFC9023_FE_OCPN5025_FE_OFN48_FE_DBTN2_mem_rd_addr_3  A ^ -> Y v   CLKINVX8   0.135  0.943    0.955  
      u_memory/g581210                                                 A1 v -> Y ^  AOI22X1    0.190  1.132    1.145  
      u_memory/FE_RC_9361_0                                            B1 ^ -> Y v  OAI22X1    0.173  1.306    1.318  
      u_memory/g572799                                                 A1 v -> Y ^  AOI22X1    0.159  1.465    1.477  
      u_memory/g571010                                                 A1 ^ -> Y v  OAI22X1    0.136  1.600    1.612  
      u_memory/FE_OFC8613_n_12079                                      A v -> Y v   BUFX3      0.231  1.831    1.843  
      u_memory/FE_RC_1311_0                                            B1 v -> Y ^  AOI22X4    0.106  1.937    1.949  
      u_memory/FE_RC_3720_0                                            B1 ^ -> Y v  OAI22X2    0.114  2.051    2.063  
      u_memory/FE_RC_163_0                                             B1 v -> Y ^  AOI22X4    0.102  2.153    2.165  
      u_memory/FE_RC_6697_0                                            B ^ -> Y v   NAND2BX4   0.101  2.254    2.266  
      u_memory/FE_RC_6902_0                                            A v -> Y v   CLKAND2X6  0.136  2.391    2.403  
      u_memory/rd_data_reg[30]                                         D v          DFFHQX1    0.001  2.392    2.404  
      -----------------------------------------------------------------------------------------------------------------
Path 12: MET Setup Check with Pin u_compute/u_array_rows[2].cols[1].u_mac/g_pipelined.product_q_reg[14]/CK 
Endpoint:   u_compute/u_array_rows[2].cols[1].u_mac/g_pipelined.product_q_reg[14]/D (^) checked with  leading edge of 'core_clk'
Beginpoint: u_reader/out_data_reg[46]/Q                                             (v) triggered by  leading edge of 'core_clk'
Path Groups: {core_clk}
Analysis View: setup_view
Other End Arrival Time          0.486
- Setup                         0.119
+ Phase Shift                   2.000
+ CPPR Adjustment               0.000
- Uncertainty                   0.100
= Required Time                 2.266
- Arrival Time                  2.254
= Slack Time                    0.012
     Clock Rise Edge                 0.000
     + Clock Network Latency (Prop)  0.326
     = Beginpoint Arrival Time       0.326
      -----------------------------------------------------------------------------------------------------------------------
      Instance                                                               Arc          Cell       Delay  Arrival  Required  
                                                                                                            Time     Time  
      -----------------------------------------------------------------------------------------------------------------------
      u_reader/out_data_reg[46]                                              CK ^         -          -      0.326    0.338  
      u_reader/out_data_reg[46]                                              CK ^ -> Q v  DFFHQX8    0.336  0.662    0.674  
      u_compute/FE_RC_8300_0                                                 A v -> Y v   CLKBUFX20  0.125  0.787    0.800  
      u_compute/u_array_rows[2].cols[1].u_mac/mul_28_24_g4563                B v -> Y ^   NAND2X8    0.049  0.836    0.848  
      u_compute/u_array_rows[2].cols[1].u_mac/FE_RC_1429_0                   B ^ -> Y v   NAND2X4    0.062  0.898    0.910  
      u_compute/u_array_rows[2].cols[1].u_mac/FE_RC_1428_0                   B0 v -> Y ^  OAI21X2    0.044  0.942    0.954  
      u_compute/u_array_rows[2].cols[1].u_mac/mul_28_24_g4448                B ^ -> Y v   CLKXOR2X1  0.191  1.133    1.145  
      u_compute/u_array_rows[2].cols[1].u_mac/mul_28_24_g4406                B v -> Y ^   NOR2X1     0.076  1.210    1.222  
      u_compute/u_array_rows[2].cols[1].u_mac/FE_RC_7195_0                   AN ^ -> Y ^  NAND2BX1   0.089  1.298    1.310  
      u_compute/u_array_rows[2].cols[1].u_mac/FE_RC_7194_0                   B ^ -> Y v   NAND2X2    0.071  1.370    1.382  
      u_compute/u_array_rows[2].cols[1].u_mac/FE_RC_9238_0                   B v -> Y v   CLKAND2X2  0.115  1.484    1.496  
      u_compute/u_array_rows[2].cols[1].u_mac/FE_RC_9245_0                   A v -> Y ^   INVX1      0.042  1.526    1.539  
      u_compute/u_array_rows[2].cols[1].u_mac/FE_RC_9243_0                   B ^ -> Y v   NAND2BX2   0.073  1.600    1.612  
      u_compute/u_array_rows[2].cols[1].u_mac/FE_RC_9242_0                   B v -> Y ^   NOR2X2     0.075  1.675    1.687  
      u_compute/u_array_rows[2].cols[1].u_mac/FE_RC_9234_0                   B0 ^ -> Y v  AOI21X2    0.052  1.727    1.739  
      u_compute/u_array_rows[2].cols[1].u_mac/FE_RC_9233_0                   B v -> Y ^   NOR2X2     0.096  1.824    1.836  
      u_compute/u_array_rows[2].cols[1].u_mac/FE_RC_8228_0                   B ^ -> Y v   NOR2X2     0.067  1.891    1.903  
      u_compute/u_array_rows[2].cols[1].u_mac/FE_RC_8229_0                   A v -> Y ^   INVX3      0.043  1.934    1.946  
      u_compute/u_array_rows[2].cols[1].u_mac/FE_RC_3501_0                   A1 ^ -> Y v  OAI21X4    0.078  2.011    2.024  
      u_compute/u_array_rows[2].cols[1].u_mac/mul_28_24_g4303                A v -> Y ^   NOR2X6     0.085  2.096    2.108  
      u_compute/u_array_rows[2].cols[1].u_mac/g5                             A1 ^ -> Y v  OAI21X4    0.082  2.179    2.191  
      u_compute/u_array_rows[2].cols[1].u_mac/mul_28_24_g4296                S0 v -> Y ^  MXI2X1     0.075  2.254    2.266  
      u_compute/u_array_rows[2].cols[1].u_mac/g_pipelined.product_q_reg[14]  D ^          DFFQXL     0.000  2.254    2.266  
      -----------------------------------------------------------------------------------------------------------------------
Path 13: MET Setup Check with Pin u_compute/u_array_rows[1].cols[0].u_mac/g_pipelined.product_q_reg[15]/CK 
Endpoint:   u_compute/u_array_rows[1].cols[0].u_mac/g_pipelined.product_q_reg[15]/D (^) checked with  leading edge of 'core_clk'
Beginpoint: u_reader/out_data_reg[39]/Q                                             (^) triggered by  leading edge of 'core_clk'
Path Groups: {core_clk}
Analysis View: setup_view
Other End Arrival Time          0.486
- Setup                         0.106
+ Phase Shift                   2.000
+ CPPR Adjustment               0.000
- Uncertainty                   0.100
= Required Time                 2.280
- Arrival Time                  2.267
= Slack Time                    0.013
     Clock Rise Edge                 0.000
     + Clock Network Latency (Prop)  0.326
     = Beginpoint Arrival Time       0.326
      ----------------------------------------------------------------------------------------------------------------------
      Instance                                                               Arc           Cell     Delay  Arrival  Required  
                                                                                                           Time     Time  
      ----------------------------------------------------------------------------------------------------------------------
      u_reader/out_data_reg[39]                                              CK ^          -        -      0.326    0.339  
      u_reader/out_data_reg[39]                                              CK ^ -> Q ^   DFFQX2   0.248  0.573    0.587  
      u_compute/FE_OFC7803_operand_word_39                                   A ^ -> Y ^    BUFX12   0.114  0.688    0.701  
      u_compute/u_array_rows[1].cols[0].u_mac/mul_28_24_g4599                AN ^ -> Y ^   NOR2BX2  0.150  0.837    0.850  
      u_compute/u_array_rows[1].cols[0].u_mac/mul_28_24_g4457                A1 ^ -> Y v   AOI21X2  0.103  0.941    0.954  
      u_compute/u_array_rows[1].cols[0].u_mac/mul_28_24_g4454                B v -> Y ^    NOR2X2   0.090  1.031    1.044  
      u_compute/u_array_rows[1].cols[0].u_mac/FE_RC_6780_0                   B ^ -> Y v    NAND2X2  0.088  1.118    1.132  
      u_compute/u_array_rows[1].cols[0].u_mac/FE_RC_7869_0                   B0 v -> Y ^   OAI21X2  0.057  1.176    1.189  
      u_compute/u_array_rows[1].cols[0].u_mac/mul_28_24_g4359                CI ^ -> S v   ADDFHXL  0.269  1.445    1.458  
      u_compute/u_array_rows[1].cols[0].u_mac/mul_28_24_g4331                CI v -> CO v  ADDFHXL  0.192  1.637    1.650  
      u_compute/u_array_rows[1].cols[0].u_mac/mul_28_24_g4323                A v -> Y ^    NOR2X2   0.114  1.751    1.764  
      u_compute/u_array_rows[1].cols[0].u_mac/FE_RC_2388_0                   A ^ -> Y v    NOR2X2   0.094  1.845    1.858  
      u_compute/u_array_rows[1].cols[0].u_mac/FE_RC_2387_0                   B v -> Y ^    NOR2X4   0.058  1.903    1.916  
      u_compute/u_array_rows[1].cols[0].u_mac/FE_RC_9336_0                   B0 ^ -> Y v   OAI31X4  0.096  1.998    2.011  
      u_compute/u_array_rows[1].cols[0].u_mac/mul_28_24_g4303                B v -> Y ^    NOR2X4   0.091  2.089    2.102  
      u_compute/u_array_rows[1].cols[0].u_mac/FE_RC_8477_0                   A ^ -> Y v    NAND2X1  0.110  2.199    2.212  
      u_compute/u_array_rows[1].cols[0].u_mac/FE_RC_8476_0                   A v -> Y ^    NAND2X1  0.068  2.267    2.280  
      u_compute/u_array_rows[1].cols[0].u_mac/g_pipelined.product_q_reg[15]  D ^           DFFHQX2  0.000  2.267    2.280  
      ----------------------------------------------------------------------------------------------------------------------
Path 14: MET Setup Check with Pin u_memory/rd_data_reg[7]/CK 
Endpoint:   u_memory/rd_data_reg[7]/D (v) checked with  leading edge of 'core_clk'
Beginpoint: u_reader/address_reg[2]/Q (v) triggered by  leading edge of 'core_clk'
Path Groups: {core_clk}
Analysis View: setup_view
Other End Arrival Time          0.540
- Setup                         0.039
+ Phase Shift                   2.000
+ CPPR Adjustment               0.000
- Uncertainty                   0.100
= Required Time                 2.400
- Arrival Time                  2.387
= Slack Time                    0.013
     Clock Rise Edge                 0.000
     + Clock Network Latency (Prop)  0.268
     = Beginpoint Arrival Time       0.268
      ----------------------------------------------------------------------------
      Instance                     Arc          Cell      Delay  Arrival  Required  
                                                                 Time     Time  
      ----------------------------------------------------------------------------
      u_reader/address_reg[2]      CK ^         -         -      0.268    0.282  
      u_reader/address_reg[2]      CK ^ -> Q v  DFFHQX4   0.295  0.563    0.577  
      u_memory/g599701             A v -> Y ^   NAND2X8   0.073  0.637    0.650  
      u_memory/g583285             B ^ -> Y v   NOR2X8    0.054  0.691    0.704  
      u_memory/FE_OFC5285_n_190    A v -> Y ^   CLKINVX8  0.065  0.756    0.769  
      u_memory/FE_OFC8895_n_190    A ^ -> Y v   INVX3     0.110  0.866    0.879  
      u_memory/g580835             B v -> Y v   AND2X6    0.208  1.074    1.087  
      u_memory/g575935             B1 v -> Y ^  AOI22X1   0.167  1.241    1.254  
      u_memory/g571923             B ^ -> Y v   NAND4XL   0.237  1.479    1.492  
      u_memory/FE_OFC6778_n_11166  A v -> Y v   BUFX2     0.177  1.656    1.669  
      u_memory/FE_RC_6212_0        C v -> Y ^   NOR4BX1   0.155  1.811    1.824  
      u_memory/FE_OFC8372_n_12307  A ^ -> Y ^   BUFX3     0.194  2.005    2.018  
      u_memory/FE_RC_931_0         A ^ -> Y v   NAND3X4   0.147  2.152    2.166  
      u_memory/FE_OFC4230_n_12656  A v -> Y v   BUFX12    0.134  2.286    2.299  
      u_memory/FE_RC_395_0         A v -> Y ^   NOR2X6    0.062  2.349    2.362  
      u_memory/FE_RC_394_0         B ^ -> Y v   NOR2X2    0.039  2.387    2.400  
      u_memory/rd_data_reg[7]      D v          DFFHQX1   0.000  2.387    2.400  
      ----------------------------------------------------------------------------
Path 15: MET Setup Check with Pin u_memory/rd_data_reg[34]/CK 
Endpoint:   u_memory/rd_data_reg[34]/D (v) checked with  leading edge of 'core_clk'
Beginpoint: u_reader/address_reg[3]/Q  (^) triggered by  leading edge of 'core_clk'
Path Groups: {core_clk}
Analysis View: setup_view
Other End Arrival Time          0.539
- Setup                         0.037
+ Phase Shift                   2.000
+ CPPR Adjustment               0.000
- Uncertainty                   0.100
= Required Time                 2.402
- Arrival Time                  2.388
= Slack Time                    0.014
     Clock Rise Edge                 0.000
     + Clock Network Latency (Prop)  0.268
     = Beginpoint Arrival Time       0.268
      -----------------------------------------------------------------------------------
      Instance                           Arc          Cell       Delay  Arrival  Required  
                                                                        Time     Time  
      -----------------------------------------------------------------------------------
      u_reader/address_reg[3]            CK ^         -          -      0.268    0.282  
      u_reader/address_reg[3]            CK ^ -> Q ^  DFFHQX4    0.255  0.523    0.537  
      u_memory/FE_OFC9220_mem_rd_addr_3  A ^ -> Y v   CLKINVX4   0.068  0.591    0.605  
      u_memory/g599688                   B v -> Y ^   NAND2X6    0.055  0.646    0.660  
      u_memory/g583277                   A ^ -> Y v   NOR2X4     0.050  0.696    0.710  
      u_memory/g582128                   B v -> Y v   AND2X6     0.090  0.787    0.800  
      u_memory/FE_OFC5056_n_2417         A v -> Y v   CLKBUFX20  0.105  0.892    0.906  
      u_memory/g580805                   A v -> Y v   AND2X6     0.193  1.085    1.099  
      u_memory/g574664                   B1 v -> Y ^  AOI22XL    0.181  1.266    1.280  
      u_memory/g571607                   D ^ -> Y v   NAND4XL    0.213  1.480    1.493  
      u_memory/FE_OFC8568_n_11482        A v -> Y v   BUFX2      0.180  1.660    1.673  
      u_memory/g570706                   A v -> Y ^   NOR4X4     0.150  1.809    1.823  
      u_memory/FE_OFC3813_n_12383        A ^ -> Y ^   CLKBUFX6   0.138  1.947    1.961  
      u_memory/FE_RC_191_0               B ^ -> Y v   NAND2X2    0.080  2.026    2.040  
      u_memory/FE_RC_189_0               B v -> Y ^   NOR2X2     0.103  2.130    2.143  
      u_memory/FE_OFC8263_FE_RN_91_0     A ^ -> Y v   CLKINVX8   0.115  2.244    2.258  
      u_memory/FE_RC_483_0               A v -> Y ^   NOR2X4     0.093  2.337    2.351  
      u_memory/FE_RC_482_0               B ^ -> Y v   NOR2X2     0.051  2.388    2.402  
      u_memory/rd_data_reg[34]           D v          DFFHQX1    0.000  2.388    2.402  
      -----------------------------------------------------------------------------------
Path 16: MET Setup Check with Pin u_compute/u_array_rows[3].cols[1].u_mac/g_pipelined.product_q_reg[14]/CK 
Endpoint:   u_compute/u_array_rows[3].cols[1].u_mac/g_pipelined.product_q_reg[14]/D (^) checked with  leading edge of 'core_clk'
Beginpoint: u_reader/out_data_reg[41]/Q                                             (^) triggered by  leading edge of 'core_clk'
Path Groups: {core_clk}
Analysis View: setup_view
Other End Arrival Time          0.484
- Setup                         0.111
+ Phase Shift                   2.000
+ CPPR Adjustment               0.000
- Uncertainty                   0.100
= Required Time                 2.273
- Arrival Time                  2.259
= Slack Time                    0.014
     Clock Rise Edge                 0.000
     + Clock Network Latency (Prop)  0.326
     = Beginpoint Arrival Time       0.326
      -----------------------------------------------------------------------------------------------------------------------
      Instance                                                               Arc          Cell       Delay  Arrival  Required  
                                                                                                            Time     Time  
      -----------------------------------------------------------------------------------------------------------------------
      u_reader/out_data_reg[41]                                              CK ^         -          -      0.326    0.340  
      u_reader/out_data_reg[41]                                              CK ^ -> Q ^  DFFHQX8    0.311  0.637    0.651  
      u_compute/FE_OFC4835_operand_word_41                                   A ^ -> Y ^   CLKBUFX20  0.125  0.762    0.776  
      u_compute/u_array_rows[3].cols[1].u_mac/mul_28_24_g4601                AN ^ -> Y ^  NOR2BX1    0.120  0.881    0.896  
      u_compute/u_array_rows[3].cols[1].u_mac/mul_28_24_g4592                AN ^ -> Y ^  NOR2BX1    0.131  1.013    1.027  
      u_compute/u_array_rows[3].cols[1].u_mac/mul_28_24_g4440                A ^ -> Y v   CLKXOR2X1  0.234  1.246    1.261  
      u_compute/u_array_rows[3].cols[1].u_mac/FE_RC_7009_0                   A v -> Y ^   INVX1      0.059  1.305    1.320  
      u_compute/u_array_rows[3].cols[1].u_mac/FE_RC_7008_0                   B ^ -> Y v   NAND2BX1   0.075  1.380    1.395  
      u_compute/u_array_rows[3].cols[1].u_mac/FE_RC_9275_0                   B v -> Y ^   NAND2X1    0.071  1.451    1.465  
      u_compute/u_array_rows[3].cols[1].u_mac/FE_RC_9274_0                   B ^ -> Y v   NAND2X2    0.072  1.523    1.537  
      u_compute/u_array_rows[3].cols[1].u_mac/FE_RC_8316_0                   B0 v -> Y ^  OAI21X2    0.052  1.575    1.589  
      u_compute/u_array_rows[3].cols[1].u_mac/mul_28_24_g4348                B ^ -> Y ^   AND2XL     0.147  1.722    1.736  
      u_compute/u_array_rows[3].cols[1].u_mac/FE_RC_7365_0                   B0 ^ -> Y v  AOI21X2    0.057  1.779    1.794  
      u_compute/u_array_rows[3].cols[1].u_mac/mul_28_24_g4312                B v -> Y ^   NOR2X2     0.083  1.862    1.877  
      u_compute/u_array_rows[3].cols[1].u_mac/mul_28_24_g4310                B ^ -> Y v   NOR2BX4    0.062  1.925    1.939  
      u_compute/u_array_rows[3].cols[1].u_mac/FE_RC_942_0                    C v -> Y ^   NOR3X4     0.075  2.000    2.014  
      u_compute/u_array_rows[3].cols[1].u_mac/mul_28_24_g4303                A ^ -> Y v   NOR2X4     0.073  2.073    2.087  
      u_compute/u_array_rows[3].cols[1].u_mac/g5                             A1 v -> Y ^  OAI21X4    0.073  2.146    2.160  
      u_compute/u_array_rows[3].cols[1].u_mac/FE_RC_7349_0                   B ^ -> Y v   NOR2X2     0.056  2.202    2.216  
      u_compute/u_array_rows[3].cols[1].u_mac/FE_RC_7348_0                   B0 v -> Y ^  AOI21X2    0.057  2.259    2.273  
      u_compute/u_array_rows[3].cols[1].u_mac/g_pipelined.product_q_reg[14]  D ^          DFFQXL     0.000  2.259    2.273  
      -----------------------------------------------------------------------------------------------------------------------
Path 17: MET Setup Check with Pin u_compute/u_array_rows[3].cols[3].u_mac/g_pipelined.product_q_reg[15]/CK 
Endpoint:   u_compute/u_array_rows[3].cols[3].u_mac/g_pipelined.product_q_reg[15]/D (^) checked with  leading edge of 'core_clk'
Beginpoint: u_reader/out_data_reg[58]/Q                                             (v) triggered by  leading edge of 'core_clk'
Path Groups: {core_clk}
Analysis View: setup_view
Other End Arrival Time          0.484
- Setup                         0.112
+ Phase Shift                   2.000
+ CPPR Adjustment               0.000
- Uncertainty                   0.100
= Required Time                 2.272
- Arrival Time                  2.258
= Slack Time                    0.014
     Clock Rise Edge                 0.000
     + Clock Network Latency (Prop)  0.326
     = Beginpoint Arrival Time       0.326
      ----------------------------------------------------------------------------------------------------------------------
      Instance                                                               Arc          Cell      Delay  Arrival  Required  
                                                                                                           Time     Time  
      ----------------------------------------------------------------------------------------------------------------------
      u_reader/out_data_reg[58]                                              CK ^         -         -      0.326    0.340  
      u_reader/out_data_reg[58]                                              CK ^ -> Q v  DFFQX2    0.261  0.587    0.602  
      u_compute/FE_OFC9293_operand_word_58                                   A v -> Y ^   CLKINVX6  0.041  0.628    0.643  
      u_compute/FE_OFC9295_operand_word_58                                   A ^ -> Y v   CLKINVX8  0.084  0.712    0.727  
      u_compute/u_array_rows[3].cols[3].u_mac/mul_28_24_g4529                A v -> Y ^   NAND2X2   0.076  0.788    0.802  
      u_compute/u_array_rows[3].cols[3].u_mac/FE_RC_9289_0                   A ^ -> Y v   XOR3X1    0.357  1.145    1.159  
      u_compute/u_array_rows[3].cols[3].u_mac/mul_28_24_g4590                A v -> Y ^   XNOR2X1   0.235  1.380    1.394  
      u_compute/u_array_rows[3].cols[3].u_mac/mul_28_24_g4332                A ^ -> S v   ADDFHXL   0.297  1.677    1.691  
      u_compute/u_array_rows[3].cols[3].u_mac/mul_28_24_g4324                B v -> Y ^   NOR2X2    0.091  1.767    1.782  
      u_compute/u_array_rows[3].cols[3].u_mac/FE_RC_9329_0                   A ^ -> Y v   NOR2X2    0.077  1.845    1.859  
      u_compute/u_array_rows[3].cols[3].u_mac/FE_RC_9328_0                   B v -> Y ^   NOR2X4    0.059  1.904    1.918  
      u_compute/u_array_rows[3].cols[3].u_mac/mul_28_24_g4309                A2 ^ -> Y v  OAI31X4   0.085  1.989    2.003  
      u_compute/u_array_rows[3].cols[3].u_mac/mul_28_24_g4303                A v -> Y ^   NOR2X4    0.089  2.077    2.092  
      u_compute/u_array_rows[3].cols[3].u_mac/g5                             A1 ^ -> Y v  OAI21X4   0.094  2.172    2.186  
      u_compute/u_array_rows[3].cols[3].u_mac/FE_RC_8187_0                   A1 v -> Y ^  AOI21X2   0.086  2.258    2.272  
      u_compute/u_array_rows[3].cols[3].u_mac/g_pipelined.product_q_reg[15]  D ^          DFFHQX2   0.000  2.258    2.272  
      ----------------------------------------------------------------------------------------------------------------------
Path 18: MET Setup Check with Pin u_compute/u_array_rows[2].cols[1].u_mac/g_pipelined.product_q_reg[15]/CK 
Endpoint:   u_compute/u_array_rows[2].cols[1].u_mac/g_pipelined.product_q_reg[15]/D (^) checked with  leading edge of 'core_clk'
Beginpoint: u_reader/out_data_reg[46]/Q                                             (v) triggered by  leading edge of 'core_clk'
Path Groups: {core_clk}
Analysis View: setup_view
Other End Arrival Time          0.486
- Setup                         0.112
+ Phase Shift                   2.000
+ CPPR Adjustment               0.000
- Uncertainty                   0.100
= Required Time                 2.274
- Arrival Time                  2.260
= Slack Time                    0.014
     Clock Rise Edge                 0.000
     + Clock Network Latency (Prop)  0.326
     = Beginpoint Arrival Time       0.326
      -----------------------------------------------------------------------------------------------------------------------
      Instance                                                               Arc          Cell       Delay  Arrival  Required  
                                                                                                            Time     Time  
      -----------------------------------------------------------------------------------------------------------------------
      u_reader/out_data_reg[46]                                              CK ^         -          -      0.326    0.340  
      u_reader/out_data_reg[46]                                              CK ^ -> Q v  DFFHQX8    0.336  0.662    0.677  
      u_compute/FE_RC_8300_0                                                 A v -> Y v   CLKBUFX20  0.125  0.787    0.802  
      u_compute/u_array_rows[2].cols[1].u_mac/mul_28_24_g4563                B v -> Y ^   NAND2X8    0.049  0.836    0.850  
      u_compute/u_array_rows[2].cols[1].u_mac/FE_RC_1429_0                   B ^ -> Y v   NAND2X4    0.062  0.898    0.913  
      u_compute/u_array_rows[2].cols[1].u_mac/FE_RC_1428_0                   B0 v -> Y ^  OAI21X2    0.044  0.942    0.956  
      u_compute/u_array_rows[2].cols[1].u_mac/mul_28_24_g4448                B ^ -> Y v   CLKXOR2X1  0.191  1.133    1.148  
      u_compute/u_array_rows[2].cols[1].u_mac/mul_28_24_g4406                B v -> Y ^   NOR2X1     0.076  1.210    1.224  
      u_compute/u_array_rows[2].cols[1].u_mac/FE_RC_7195_0                   AN ^ -> Y ^  NAND2BX1   0.089  1.298    1.313  
      u_compute/u_array_rows[2].cols[1].u_mac/FE_RC_7194_0                   B ^ -> Y v   NAND2X2    0.071  1.370    1.384  
      u_compute/u_array_rows[2].cols[1].u_mac/FE_RC_9238_0                   B v -> Y v   CLKAND2X2  0.115  1.484    1.498  
      u_compute/u_array_rows[2].cols[1].u_mac/FE_RC_9245_0                   A v -> Y ^   INVX1      0.042  1.526    1.541  
      u_compute/u_array_rows[2].cols[1].u_mac/FE_RC_9243_0                   B ^ -> Y v   NAND2BX2   0.073  1.600    1.614  
      u_compute/u_array_rows[2].cols[1].u_mac/FE_RC_9242_0                   B v -> Y ^   NOR2X2     0.075  1.675    1.689  
      u_compute/u_array_rows[2].cols[1].u_mac/FE_RC_9234_0                   B0 ^ -> Y v  AOI21X2    0.052  1.727    1.741  
      u_compute/u_array_rows[2].cols[1].u_mac/FE_RC_9233_0                   B v -> Y ^   NOR2X2     0.096  1.824    1.838  
      u_compute/u_array_rows[2].cols[1].u_mac/FE_RC_8228_0                   B ^ -> Y v   NOR2X2     0.067  1.891    1.905  
      u_compute/u_array_rows[2].cols[1].u_mac/FE_RC_8229_0                   A v -> Y ^   INVX3      0.043  1.934    1.948  
      u_compute/u_array_rows[2].cols[1].u_mac/FE_RC_3501_0                   A1 ^ -> Y v  OAI21X4    0.078  2.011    2.026  
      u_compute/u_array_rows[2].cols[1].u_mac/mul_28_24_g4303                A v -> Y ^   NOR2X6     0.085  2.096    2.111  
      u_compute/u_array_rows[2].cols[1].u_mac/g5                             A1 ^ -> Y v  OAI21X4    0.082  2.179    2.193  
      u_compute/u_array_rows[2].cols[1].u_mac/mul_28_24_g4295                A1 v -> Y ^  AOI21X2    0.081  2.260    2.274  
      u_compute/u_array_rows[2].cols[1].u_mac/g_pipelined.product_q_reg[15]  D ^          DFFHQX2    0.000  2.260    2.274  
      -----------------------------------------------------------------------------------------------------------------------
Path 19: MET Setup Check with Pin u_compute/u_array_rows[1].cols[0].u_mac/g_pipelined.product_q_reg[13]/CK 
Endpoint:   u_compute/u_array_rows[1].cols[0].u_mac/g_pipelined.product_q_reg[13]/D (^) checked with  leading edge of 'core_clk'
Beginpoint: u_reader/out_data_reg[39]/Q                                             (^) triggered by  leading edge of 'core_clk'
Path Groups: {core_clk}
Analysis View: setup_view
Other End Arrival Time          0.486
- Setup                         0.098
+ Phase Shift                   2.000
+ CPPR Adjustment               0.000
- Uncertainty                   0.100
= Required Time                 2.288
- Arrival Time                  2.273
= Slack Time                    0.015
     Clock Rise Edge                 0.000
     + Clock Network Latency (Prop)  0.326
     = Beginpoint Arrival Time       0.326
      ---------------------------------------------------------------------------------------------------------------------
      Instance                                                               Arc          Cell     Delay  Arrival  Required  
                                                                                                          Time     Time  
      ---------------------------------------------------------------------------------------------------------------------
      u_reader/out_data_reg[39]                                              CK ^         -        -      0.326    0.341  
      u_reader/out_data_reg[39]                                              CK ^ -> Q ^  DFFQX2   0.248  0.573    0.588  
      u_compute/FE_OFC7803_operand_word_39                                   A ^ -> Y ^   BUFX12   0.114  0.688    0.702  
      u_compute/u_array_rows[1].cols[0].u_mac/mul_28_24_g4599                AN ^ -> Y ^  NOR2BX2  0.150  0.837    0.852  
      u_compute/u_array_rows[1].cols[0].u_mac/mul_28_24_g4457                A1 ^ -> Y v  AOI21X2  0.103  0.941    0.956  
      u_compute/u_array_rows[1].cols[0].u_mac/mul_28_24_g4454                B v -> Y ^   NOR2X2   0.090  1.031    1.046  
      u_compute/u_array_rows[1].cols[0].u_mac/FE_RC_6780_0                   B ^ -> Y v   NAND2X2  0.088  1.118    1.133  
      u_compute/u_array_rows[1].cols[0].u_mac/FE_RC_7869_0                   B0 v -> Y ^  OAI21X2  0.057  1.176    1.191  
      u_compute/u_array_rows[1].cols[0].u_mac/mul_28_24_g4359                CI ^ -> S v  ADDFHXL  0.269  1.445    1.460  
      u_compute/u_array_rows[1].cols[0].u_mac/mul_28_24_g4331                CI v -> S ^  ADDFHXL  0.281  1.726    1.741  
      u_compute/u_array_rows[1].cols[0].u_mac/mul_28_24_g4322                B ^ -> Y v   NOR2X2   0.070  1.796    1.811  
      u_compute/u_array_rows[1].cols[0].u_mac/FE_RC_8777_0                   B v -> Y ^   NOR2X1   0.067  1.863    1.878  
      u_compute/u_array_rows[1].cols[0].u_mac/FE_OFC8424_FE_RN_5121_0        A ^ -> Y v   INVX1    0.062  1.925    1.940  
      u_compute/u_array_rows[1].cols[0].u_mac/FE_RC_7323_0                   C v -> Y ^   NOR3X4   0.078  2.003    2.017  
      u_compute/u_array_rows[1].cols[0].u_mac/mul_28_24_g4303                A ^ -> Y v   NOR2X4   0.078  2.081    2.096  
      u_compute/u_array_rows[1].cols[0].u_mac/FE_RC_7389_0                   B v -> Y ^   NOR2X1   0.079  2.160    2.175  
      u_compute/u_array_rows[1].cols[0].u_mac/FE_RC_7833_0                   B0 ^ -> Y v  AOI21X2  0.059  2.219    2.234  
      u_compute/u_array_rows[1].cols[0].u_mac/FE_RC_7910_0                   B v -> Y ^   NAND2X2  0.054  2.273    2.288  
      u_compute/u_array_rows[1].cols[0].u_mac/g_pipelined.product_q_reg[13]  D ^          DFFHQX1  0.000  2.273    2.288  
      ---------------------------------------------------------------------------------------------------------------------
Path 20: MET Setup Check with Pin u_memory/rd_data_reg[4]/CK 
Endpoint:   u_memory/rd_data_reg[4]/D (v) checked with  leading edge of 'core_clk'
Beginpoint: u_reader/address_reg[3]/Q (^) triggered by  leading edge of 'core_clk'
Path Groups: {core_clk}
Analysis View: setup_view
Other End Arrival Time          0.540
- Setup                         0.042
+ Phase Shift                   2.000
+ CPPR Adjustment               0.000
- Uncertainty                   0.100
= Required Time                 2.398
- Arrival Time                  2.382
= Slack Time                    0.016
     Clock Rise Edge                 0.000
     + Clock Network Latency (Prop)  0.268
     = Beginpoint Arrival Time       0.268
      ------------------------------------------------------------------------------------
      Instance                           Arc          Cell        Delay  Arrival  Required  
                                                                         Time     Time  
      ------------------------------------------------------------------------------------
      u_reader/address_reg[3]            CK ^         -           -      0.268    0.284  
      u_reader/address_reg[3]            CK ^ -> Q ^  DFFHQX4     0.255  0.523    0.539  
      u_memory/FE_OFC9220_mem_rd_addr_3  A ^ -> Y v   CLKINVX4    0.068  0.591    0.607  
      u_memory/g599688                   B v -> Y ^   NAND2X6     0.055  0.646    0.662  
      u_memory/g583274                   B ^ -> Y v   NOR2X6      0.050  0.696    0.712  
      u_memory/g582124                   B v -> Y v   CLKAND2X12  0.145  0.841    0.857  
      u_memory/g580970                   A v -> Y v   AND2X6      0.222  1.063    1.079  
      u_memory/g575544                   B1 v -> Y ^  AOI22X1     0.189  1.251    1.267  
      u_memory/FE_RC_3801_0              AN ^ -> Y ^  NOR2BX1     0.150  1.401    1.417  
      u_memory/FE_RC_3800_0              B ^ -> Y v   NAND2X2     0.178  1.579    1.595  
      u_memory/FE_RC_9048_0              B v -> Y ^   NOR4BX4     0.193  1.772    1.788  
      u_memory/FE_OFC9336_n_12331        A ^ -> Y ^   CLKBUFX4    0.127  1.899    1.915  
      u_memory/FE_OFC8371_n_12331        A ^ -> Y ^   BUFX3       0.106  2.006    2.021  
      u_memory/FE_RC_9107_0              C ^ -> Y v   NAND3X8     0.107  2.112    2.128  
      u_memory/FE_OFC4207_n_12661        A v -> Y v   BUFX12      0.140  2.252    2.268  
      u_memory/FE_RC_25_0                A v -> Y ^   NOR2X4      0.074  2.327    2.343  
      u_memory/FE_RC_23_0                B ^ -> Y v   NOR2BX4     0.055  2.381    2.397  
      u_memory/rd_data_reg[4]            D v          DFFHQX1     0.000  2.382    2.398  
      ------------------------------------------------------------------------------------

